== t_channel ==
  note horizon-build-id 2026-08-08T18:48:25.691Z 9b4f976 mesa:815dca2
  note nxlink: streaming this log live to 192.168.1.104, and the whole file again at the end
  ok   device_create (status=ok nv=0x00000000)
  ok   channel_create (status=ok nv=0x00000000)
  note syncpt id=26, value at create=265545 (R5 measurement)
  ok   syncpoint id assigned and encodable (26)
  ok   fresh channel not lost
  note fresh channel notifier: status=ok nv=0x00000000 type=0 'none'
  ok   fresh channel reports no error notification
  ok   channel_create with Zcull (status=ok nv=0x00000000)
  ok   second channel got a distinct syncpoint (27 vs 26)
  ok   destroy Zcull channel (status=ok)
  ok   4 additional channels created
  ok   every channel has a distinct syncpoint id
  ok   destroy extra channel 0
  ok   destroy extra channel 1
  ok   destroy extra channel 2
  ok   destroy extra channel 3
  ok   destroy first channel (status=ok)
  ok   all counters zero after channel teardown (chan=0 mem=0 ranges=0 maps=0)
  ok   device_destroy (status=ok)
RESULT: PASS (17/17)
