== t_fault ==
  ok   device create (status=ok)
  ok   channel create (status=ok)
  ok   push buffer created and mapped (status=ok)
  ok   a VA range is reserved with nothing bound into it (status=ok)
  note aiming a semaphore release at 0x8109000, which names an address and maps nothing
  ok   the notifier is clear before the fault (type=0 'none')
  ok   semaphore release encoded (5 dwords)
  ok   push buffer flushed (status=ok)
  ok   the submit is accepted — the fault is the GPU's, not the kickoff's (status=ok)
  note fence 26:34794
[horizon_gpu:E] channel 0x28b7dcd050: fault notification 31 (MMU fault) — marking lost
  note wait_fence -> channel lost (nv 0x00000000)
  ok   the wait does NOT report success for work that faulted
  ok   and it names the channel lost rather than timing out (status=channel lost)
  FAIL the notifier recorded the fault (type=0 'none')
  note notifier: type=0 'none'
  ok   a submit to the lost channel is refused (status=channel lost)
  ok   the empty reservation is released after the fault (status=ok)
  ok   the faulted channel tears down cleanly (status=ok)
  ok   the device tears down after a faulted channel (status=ok)
RESULT: FAIL (14/15)
