== t_fault ==
  note horizon-build-id 2026-08-08T18:48:25.691Z 9b4f976 mesa:815dca2
  note nxlink: streaming this log live to 192.168.1.104, and the whole file again at the end
  note an atexit marker will be written to sdmc:/horizon_gpu_tests/t_fault-exit.log — send it back with this log
  ok   device create (status=ok)
  ok   channel create (status=ok)
  ok   push buffer created and mapped (status=ok)
  ok   a VA range is reserved with nothing bound into it (status=ok)
  note aiming a semaphore release at 0x8109000, which names an address and maps nothing
  ok   the notifier is clear before the fault (type=0 'none')
  ok   semaphore release encoded (5 dwords)
  ok   push buffer flushed (status=ok)
  ok   the submit is accepted — the fault is the GPU's, not the kickoff's (status=ok)
  note fence 26:298193
[horizon_gpu:E] channel 0x76eae07010: fault notification 31 (MMU fault) — marking lost
  note wait_fence -> channel lost (nv 0x00000000)
  ok   the wait does NOT report success for work that faulted
  ok   and it names the channel lost rather than timing out (status=channel lost)
  ok   the notifier recorded the fault (type=31 'MMU fault')
  note notifier: type=31 'MMU fault'
  ok   a submit to the lost channel is refused (status=channel lost)
  note settling for 2000 ms before teardown, to see whether the exit crash is a race with nvgpu's recovery
  ok   the empty reservation is released after the fault (status=ok)
  ok   the faulted channel tears down cleanly (status=ok)
  ok   the device tears down after a faulted channel (status=ok)
  ok   after the fault: a second device opens (status=ok)
  ok   after the fault: a second channel opens (status=ok)
  ok   after the fault: a submit on the new channel is accepted (status=ok)
  ok   after the fault: the new channel's work completes (status=ok)
  ok   after the fault: THE GPU STILL WORKS IN THIS PROCESS (0x600d0001)
  note everything this test can measure is done. If the console goes down when you press +, it goes down after this line and after the log was closed
RESULT: PASS (20/20)
