== t_gpuwrite ==
  ok   device_create (status=ok nv=0x00000000)
  ok   channel_create (status=ok nv=0x00000000)
  ok   cached: target allocated and mapped (status=ok nv=0x00000000)
  ok   cached: command list allocated and mapped (status=ok)
  note cached: target gpu_va=0x80f9000 cpu=0x36b07d4000, cmdlist gpu_va=0x8109000
  ok   cached: poison flushed out of the CPU cache (status=ok)
  ok   cached: semaphore release encoded for 0x80f9000 (5 dwords)
  ok   cached: fence increment encoded (6 dwords)
  ok   cached: command list flushed (status=ok)
  ok   cached: submit accepted (status=ok nv=0x00000000)
  ok   cached: fence reached, so the release executed (status=ok)
  ok   cached: invalidate (status=ok)
  note cached: target[0] before invalidate = 0x3f0011fe, after = 0x3f0011fe (payload 0xc0ffee01, poison 0x3f0011fe)
  note cached: VERDICT the write never reached this memory
  FAIL cached: the CPU reads what the GPU wrote (0x3f0011fe)
  ok   cached: the release wrote 4 bytes and disturbed nothing after them
  ok   uncached: target allocated and mapped (status=ok nv=0x00000000)
  ok   uncached: command list allocated and mapped (status=ok)
  note uncached: target gpu_va=0x80f9000 cpu=0x36b07d4000, cmdlist gpu_va=0x8109000
  ok   uncached: poison flushed out of the CPU cache (status=ok)
  ok   uncached: semaphore release encoded for 0x80f9000 (5 dwords)
  ok   uncached: fence increment encoded (6 dwords)
  ok   uncached: command list flushed (status=ok)
  ok   uncached: submit accepted (status=ok nv=0x00000000)
  ok   uncached: fence reached, so the release executed (status=ok)
  ok   uncached: invalidate (status=ok)
  note uncached: target[0] before invalidate = 0x3f0011fe, after = 0x3f0011fe (payload 0xc0ffee01, poison 0x3f0011fe)
  note uncached: VERDICT the write never reached this memory
  FAIL uncached: the CPU reads what the GPU wrote (0x3f0011fe)
  ok   uncached: the release wrote 4 bytes and disturbed nothing after them
  ok   wait_idle before teardown
  ok   channel_destroy (status=ok)
  ok   device_destroy (status=ok)
RESULT: FAIL (25/27)
