== t_init ==
  ok   cycle 1: device_create (status=ok nv=0x00000000)
  ok   cycle 1: get_info
  note chip='gm20b' arch=0x120 impl=0xb rev=0xa1
  note gpc=1 tpc/gpc=2 l2=0x40000 va_bits=40
  note big_page=0x20000 avail_big=0x30000 compression_page=0x20000
  note classes: 3d=0xb197 compute=0xb1c0 2d=0x902d gpfifo=0xb06f i2m=0xa140 copy=0xb0b5
  note va_region[small]: base=0x8000000 pages=0x3f8000 page=0x1000
  note va_region[big]:   base=0x0 pages=0xc0000 page=0x20000
  ok   cycle 1: GPU timestamp readable (status=ok)
  note GPU timestamp: 4692694976700 ns
  ok   cycle 1: GPU timestamp is not zero
  ok   cycle 1: GPU timestamp did not go backwards (4692694976700 then 4692695745900)
  note zcull: align=32x32 aliquots=1024 total=2048 subregions=16 ctx_size=0x1
  ok   cycle 1: zcull context size nonzero
  ok   cycle 1: zcull alignments nonzero
  ok   cycle 1: chipname is gm20b (got 'gm20b')
  ok   cycle 1: GPC/TPC counts nonzero
  ok   cycle 1: big page size plausible (0x20000)
  ok   cycle 1: engine classes queried nonzero
  ok   cycle 1: HAS_SYNCPOINTS flag set
  ok   cycle 1: small-page region is 4 KiB pages (0x1000)
  ok   cycle 1: big-page region matches characteristics (0x20000)
  ok   cycle 1: all live-object counters zero
  ok   cycle 1: device_destroy (status=ok)
  ok   cycle 2: device_create (status=ok nv=0x00000000)
  ok   cycle 2: get_info
  note chip='gm20b' arch=0x120 impl=0xb rev=0xa1
  note gpc=1 tpc/gpc=2 l2=0x40000 va_bits=40
  note big_page=0x20000 avail_big=0x30000 compression_page=0x20000
  note classes: 3d=0xb197 compute=0xb1c0 2d=0x902d gpfifo=0xb06f i2m=0xa140 copy=0xb0b5
  note va_region[small]: base=0x8000000 pages=0x3f8000 page=0x1000
  note va_region[big]:   base=0x0 pages=0xc0000 page=0x20000
  ok   cycle 2: GPU timestamp readable (status=ok)
  note GPU timestamp: 4692714382100 ns
  ok   cycle 2: GPU timestamp is not zero
  ok   cycle 2: GPU timestamp did not go backwards (4692714382100 then 4692714707800)
  note zcull: align=32x32 aliquots=1024 total=2048 subregions=16 ctx_size=0x1
  ok   cycle 2: zcull context size nonzero
  ok   cycle 2: zcull alignments nonzero
  ok   cycle 2: chipname is gm20b (got 'gm20b')
  ok   cycle 2: GPC/TPC counts nonzero
  ok   cycle 2: big page size plausible (0x20000)
  ok   cycle 2: engine classes queried nonzero
  ok   cycle 2: HAS_SYNCPOINTS flag set
  ok   cycle 2: small-page region is 4 KiB pages (0x1000)
  ok   cycle 2: big-page region matches characteristics (0x20000)
  ok   cycle 2: all live-object counters zero
  ok   cycle 2: device_destroy (status=ok)
RESULT: PASS (32/32)
