== t_map ==
  ok   device_create (status=ok nv=0x00000000)
  ok   get_info
  ok   mem_create 16 KiB
  ok   reserve 1 MiB
  ok   map pitch at base+0x10000 (status=ok nv=0x00000000)
  ok   mapping VA is the requested fixed VA (0x8010000)
  ok   mem records the mapped VA
  ok   overlapping map rejected (object busy (live children or in-flight work))
  ok   map past the end of the memory object rejected (arithmetic overflow)
  note map with kind Generic_16BX2: status=ok nv=0x00000000
  ok   second disjoint map (block-linear generic kind)
[horizon_gpu:E] mem 0x3e52e46c00: destroy refused, 2 live mapping(s) at va=0x8040000
  ok   mem_destroy while mapped refused (object busy (live children or in-flight work))
[horizon_gpu:E] va_range 0x3e52e46c60: release refused, 2 live mapping(s)
  ok   vm_release while mapped refused (object busy (live children or in-flight work))
  ok   unmap second mapping (status=ok nv=0x00000000)
  ok   unmapping the newer sibling restores mapped_va to the still-live one, not zero (0x8010000 vs 0x8010000)
  ok   unmap first mapping
  ok   unmap cleared the recorded VA (memory-model §2 invariant)
  ok   same fixed VA mappable again after unmap (unmap really invalidated)
  ok   unmap remap
  ok   mem_create one big page (0x20000, aligned)
  ok   reserve big-page range
  note big-page map: status=ok nv=0x00000000
  ok   map with the reservation's big page size (R9)
  ok   unmap big-page mapping
  ok   release big-page range
  ok   destroy big-page mem
  ok   release range
  ok   destroy mem
  ok   all counters back to zero (mem=0 ranges=0 mappings=0)
  ok   device_destroy (status=ok)
RESULT: PASS (28/28)
