== t_nwindow ==
  note horizon-build-id 2026-08-05T18:45:48Z b246f2d
  note this test owns the display: no console was started, and this file is the whole record
  ok   horizon_gpu_device_create (status 0, nv 0x00000000)
  ok   nwindowGetDefault() returned a valid window
  ok   nwindowGetDimensions -> 0x00000000 (1280 x 720)
  ok   the scanout geometry for 1280x720 is representable
  note geometry: pitch 5120 B (stride 1280 px), height aligned to 768 rows, 3932160 B per buffer
  ok   one NvMap of 15360 KiB for 4 buffers (status 0, nv 0x00000000)
  ok   the NvMap has an id the compositor can look up (1692)
  ok   the NvMap is mapped for the CPU
  ok   3 buffers: nwindowSetDimensions(1280, 720) -> 0x00000000
  ok   3 buffers: slot 0 registered at offset 0x0 -> 0x00000000
  ok   3 buffers: slot 1 registered at offset 0x3c0000 -> 0x00000000
  ok   3 buffers: slot 2 registered at offset 0x780000 -> 0x00000000
  ok   probe BEFORE, 3 buffers: buffer 1 of 3 dequeued -> 0x00000000
  ok   probe BEFORE, 3 buffers: cache flush on buffer 1 (status 0)
  ok   probe BEFORE, 3 buffers: buffer 1 queued -> 0x00000000 (the queue then reported 1 pending)
  ok   probe BEFORE, 3 buffers: buffer 2 of 3 dequeued -> 0x00000000
  ok   probe BEFORE, 3 buffers: cache flush on buffer 2 (status 0)
  ok   probe BEFORE, 3 buffers: buffer 2 queued -> 0x00000000 (the queue then reported 1 pending)
  ok   probe BEFORE, 3 buffers: buffer 3 of 3 dequeued -> 0x00000000
  ok   probe BEFORE, 3 buffers: cache flush on buffer 3 (status 0)
  ok   probe BEFORE, 3 buffers: buffer 3 queued -> 0x00000000 (the queue then reported 1 pending)
  ok   probe BEFORE, 3 buffers: the compositor holds all 3 of them (3 queued)
  note reconstructed probe BEFORE, 3 buffers: asked for 0 ms in BOTH modes — 1 round(s), release event fired 0 time(s); last async=true 0x00000000, last async=false 0x00000000
  note reconstructed probe BEFORE, 3 buffers: THE TIME — a buffer came back after 99 us (0 refresh(es)), in async=true
  ok   reconstructed probe BEFORE, 3 buffers: this sequence got a buffer back within 5000 ms — which says what this sequence does, not what the paced sessions above do
  ok   reconstructed probe BEFORE, 3 buffers: the buffer went back -> 0x00000000
  ok   probe BEFORE, 3 buffers: released back to the compositor -> 0x00000000
  ok   2 buffers: nwindowSetDimensions(1280, 720) -> 0x00000000
  ok   2 buffers: slot 0 registered at offset 0x0 -> 0x00000000
  ok   2 buffers: slot 1 registered at offset 0x3c0000 -> 0x00000000
  ok   probe BEFORE, 2 buffers: buffer 1 of 2 dequeued -> 0x00000000
  ok   probe BEFORE, 2 buffers: cache flush on buffer 1 (status 0)
  ok   probe BEFORE, 2 buffers: buffer 1 queued -> 0x00000000 (the queue then reported 1 pending)
  ok   probe BEFORE, 2 buffers: buffer 2 of 2 dequeued -> 0x00000000
  ok   probe BEFORE, 2 buffers: cache flush on buffer 2 (status 0)
  ok   probe BEFORE, 2 buffers: buffer 2 queued -> 0x00000000 (the queue then reported 1 pending)
  ok   probe BEFORE, 2 buffers: the compositor holds all 2 of them (2 queued)
  note reconstructed probe BEFORE, 2 buffers: asked for 0 ms in BOTH modes — 1 round(s), release event fired 0 time(s); last async=true 0x00000000, last async=false 0x00000000
  note reconstructed probe BEFORE, 2 buffers: THE TIME — a buffer came back after 105 us (0 refresh(es)), in async=true
  ok   reconstructed probe BEFORE, 2 buffers: this sequence got a buffer back within 5000 ms — which says what this sequence does, not what the paced sessions above do
  ok   reconstructed probe BEFORE, 2 buffers: the buffer went back -> 0x00000000
  ok   probe BEFORE, 2 buffers: released back to the compositor -> 0x00000000
  ok   3 buffers: nwindowSetDimensions(1280, 720) -> 0x00000000
  ok   3 buffers: slot 0 registered at offset 0x0 -> 0x00000000
  ok   3 buffers: slot 1 registered at offset 0x3c0000 -> 0x00000000
  ok   3 buffers: slot 2 registered at offset 0x780000 -> 0x00000000
  ok   3 buffers: the dequeue that ended the count said no buffer was free rather than failing (0x00001d5d)
  ok   3 buffers: the 3 concurrently dequeued slot(s) are all different (mask 0x7)
  ok   3 buffers: slot 0 cancelled back to the compositor -> 0x00000000
  ok   3 buffers: slot 1 cancelled back to the compositor -> 0x00000000
  ok   3 buffers: slot 2 cancelled back to the compositor -> 0x00000000
  note THE NUMBER: with 3 registered buffers, 3 slot(s) could be dequeued at once
  ok   at least two slots can be held at once, which is what minImageCount = 2 on a 3-image swapchain requires
  ok   3 buffers, interval 1: 90 of 90 frames presented
  note 3 buffers, interval 1: 89 intervals, mean 16489 us, min 2356 us, max 29540 us; 86 within 10% of 16666 us; 1 longer than 1.5 refreshes
  note 3 buffers, interval 1: dequeue mean 198 us / max 10798 us; fill+flush mean 2171 us; largest pending-buffer count 2; 87 dequeue(s) carried a release fence
  ok   3 buffers: released back to the compositor -> 0x00000000
  ok   2 buffers: nwindowSetDimensions(1280, 720) -> 0x00000000
  ok   2 buffers: slot 0 registered at offset 0x0 -> 0x00000000
  ok   2 buffers: slot 1 registered at offset 0x3c0000 -> 0x00000000
  ok   2 buffers: the dequeue that ended the count said no buffer was free rather than failing (0x0000115d)
  ok   2 buffers: the 2 concurrently dequeued slot(s) are all different (mask 0x3)
  ok   2 buffers: slot 0 cancelled back to the compositor -> 0x00000000
  ok   2 buffers: slot 1 cancelled back to the compositor -> 0x00000000
  note with 2 registered buffers, 2 slot(s) could be dequeued at once
  note 2 buffers, interval 1: the failing dequeue made 8270 round(s); async=true 490767 us total, last 0x0000115d; async=false 499389 us total, last 0x0000115d
  note 2 buffers, interval 1: asked for 0 ms in BOTH modes — 1 round(s), release event fired 0 time(s); last async=true 0x00000000, last async=false 0x00000000
  note 2 buffers, interval 1: THE TIME — a buffer came back after 138 us (0 refresh(es)), in async=true
  note 2 buffers, interval 1: after the late buffer, 1 of 10 further frames presented
  FAIL 2 buffers, interval 1: the window kept going once a buffer finally came back (1 of 10)
  FAIL 2 buffers, interval 1: 2 of 90 frames presented (see the note below)
  note 2 buffers, interval 1: dequeue failed at frame 2 -> 0x00006359
  note 2 buffers, interval 1: 1 intervals, mean 2408 us, min 2408 us, max 2408 us; 0 within 10% of 16666 us; 0 longer than 1.5 refreshes
  note 2 buffers, interval 1: dequeue mean 87 us / max 98 us; fill+flush mean 2170 us; largest pending-buffer count 1; 0 dequeue(s) carried a release fence
  ok   2 buffers: released back to the compositor -> 0x00000000
  note a frame's unavoidable cost (fill + flush) measured 2171 us; the bursty load puts 20657 us more on every odd frame, for a mean of 12499 us against a 16666 us refresh
  ok   3 buffers: nwindowSetDimensions(1280, 720) -> 0x00000000
  ok   3 buffers: slot 0 registered at offset 0x0 -> 0x00000000
  ok   3 buffers: slot 1 registered at offset 0x3c0000 -> 0x00000000
  ok   3 buffers: slot 2 registered at offset 0x780000 -> 0x00000000
  ok   3 buffers, interval 1, bursty load: 90 of 90 frames presented
  note 3 buffers, interval 1, bursty load: 89 intervals, mean 16786 us, min 2369 us, max 35038 us; 0 within 10% of 16666 us; 44 longer than 1.5 refreshes
  note 3 buffers, interval 1, bursty load: dequeue mean 82 us / max 178 us; fill+flush mean 2173 us; largest pending-buffer count 1; 87 dequeue(s) carried a release fence
  ok   3 buffers (loaded): released -> 0x00000000
  ok   2 buffers: nwindowSetDimensions(1280, 720) -> 0x00000000
  ok   2 buffers: slot 0 registered at offset 0x0 -> 0x00000000
  ok   2 buffers: slot 1 registered at offset 0x3c0000 -> 0x00000000
  note 2 buffers, interval 1, bursty load: the failing dequeue made 8267 round(s); async=true 490728 us total, last 0x0000115d; async=false 499522 us total, last 0x0000115d
  note 2 buffers, interval 1, bursty load: asked for 0 ms in BOTH modes — 1 round(s), release event fired 0 time(s); last async=true 0x00000000, last async=false 0x00000000
  note 2 buffers, interval 1, bursty load: THE TIME — a buffer came back after 154 us (0 refresh(es)), in async=true
  note 2 buffers, interval 1, bursty load: after the late buffer, 1 of 10 further frames presented
  FAIL 2 buffers, interval 1, bursty load: the window kept going once a buffer finally came back (1 of 10)
  FAIL 2 buffers, interval 1, bursty load: 2 of 90 frames presented (see the note below)
  note 2 buffers, interval 1, bursty load: dequeue failed at frame 2 -> 0x00006359
  note 2 buffers, interval 1, bursty load: 1 intervals, mean 23144 us, min 23144 us, max 23144 us; 0 within 10% of 16666 us; 0 longer than 1.5 refreshes
  note 2 buffers, interval 1, bursty load: dequeue mean 178 us / max 181 us; fill+flush mean 2170 us; largest pending-buffer count 1; 0 dequeue(s) carried a release fence
  ok   2 buffers (loaded): released -> 0x00000000
  ok   3 buffers: nwindowSetDimensions(1280, 720) -> 0x00000000
  ok   3 buffers: slot 0 registered at offset 0x0 -> 0x00000000
  ok   3 buffers: slot 1 registered at offset 0x3c0000 -> 0x00000000
  ok   3 buffers: slot 2 registered at offset 0x780000 -> 0x00000000
  ok   3 buffers, interval 0: 90 of 90 frames presented
  note 3 buffers, interval 0: 89 intervals, mean 8151 us, min 2365 us, max 14399 us; 0 within 10% of 16666 us; 0 longer than 1.5 refreshes
  note 3 buffers, interval 0: dequeue mean 80 us / max 157 us; fill+flush mean 2171 us; largest pending-buffer count 1; 87 dequeue(s) carried a release fence
  ok   3 buffers (interval 0): released back to the compositor -> 0x00000000
  ok   the compositor handed back a release fence: 87 of 90 dequeues carried one, the first on syncpoint 103
  ok   3 buffers, interval 1: 86 of 89 intervals are within 10% of 16666 us (>= 90% needed)
  ok   three buffers let the producer hold more slots than two (3 vs 2)
  note 3 buffers at interval 0: mean 8151 us against 16489 us at interval 1 — the swap interval is the knob, and this is what it moved
  ok   2 buffers: nwindowSetDimensions(1280, 720) -> 0x00000000
  ok   2 buffers: slot 0 registered at offset 0x0 -> 0x00000000
  ok   2 buffers: slot 1 registered at offset 0x3c0000 -> 0x00000000
  note slow lane, 2 buffers: frame 0 dequeued in 171 us (1 round(s))
  note slow lane, 2 buffers: frame 1 dequeued in 149 us (1 round(s))
  note slow lane, 2 buffers: frame 2 gave up after 3000090 us -> 0x00006359 (23032 round(s); async=true last 0x0000115d, async=false last 0x0000115d)
  note slow lane, 2 buffers: 2 of 10 frames, dequeue mean 160 us, min 149 us, max 171 us — against a 16666 us refresh
  FAIL slow lane, 2 buffers: 10 frames presented with a three-second budget per dequeue (2)
  ok   slow lane: released back to the compositor -> 0x00000000
  ok   3 buffers: nwindowSetDimensions(1280, 720) -> 0x00000000
  ok   3 buffers: slot 0 registered at offset 0x0 -> 0x00000000
  ok   3 buffers: slot 1 registered at offset 0x3c0000 -> 0x00000000
  ok   3 buffers: slot 2 registered at offset 0x780000 -> 0x00000000
  ok   probe AFTER, 3 buffers: buffer 1 of 3 dequeued -> 0x00000000
  ok   probe AFTER, 3 buffers: cache flush on buffer 1 (status 0)
  ok   probe AFTER, 3 buffers: buffer 1 queued -> 0x00000000 (the queue then reported 1 pending)
  ok   probe AFTER, 3 buffers: buffer 2 of 3 dequeued -> 0x00000000
  ok   probe AFTER, 3 buffers: cache flush on buffer 2 (status 0)
  ok   probe AFTER, 3 buffers: buffer 2 queued -> 0x00000000 (the queue then reported 1 pending)
  ok   probe AFTER, 3 buffers: buffer 3 of 3 dequeued -> 0x00000000
  ok   probe AFTER, 3 buffers: the release fence on buffer 3 -> 0x00000000
  ok   probe AFTER, 3 buffers: cache flush on buffer 3 (status 0)
  ok   probe AFTER, 3 buffers: buffer 3 queued -> 0x00000000 (the queue then reported 1 pending)
  ok   probe AFTER, 3 buffers: the compositor holds all 3 of them (3 queued)
  note reconstructed probe AFTER, 3 buffers: asked for 0 ms in BOTH modes — 1 round(s), release event fired 0 time(s); last async=true 0x00000000, last async=false 0x00000000
  note reconstructed probe AFTER, 3 buffers: THE TIME — a buffer came back after 97 us (0 refresh(es)), in async=true
  ok   reconstructed probe AFTER, 3 buffers: this sequence got a buffer back within 5000 ms — which says what this sequence does, not what the paced sessions above do
  ok   reconstructed probe AFTER, 3 buffers: the buffer went back -> 0x00000000
  ok   probe AFTER, 3 buffers: released back to the compositor -> 0x00000000
  ok   2 buffers: nwindowSetDimensions(1280, 720) -> 0x00000000
  ok   2 buffers: slot 0 registered at offset 0x0 -> 0x00000000
  ok   2 buffers: slot 1 registered at offset 0x3c0000 -> 0x00000000
  ok   probe AFTER, 2 buffers: buffer 1 of 2 dequeued -> 0x00000000
  ok   probe AFTER, 2 buffers: cache flush on buffer 1 (status 0)
  ok   probe AFTER, 2 buffers: buffer 1 queued -> 0x00000000 (the queue then reported 1 pending)
  ok   probe AFTER, 2 buffers: buffer 2 of 2 dequeued -> 0x00000000
  ok   probe AFTER, 2 buffers: cache flush on buffer 2 (status 0)
  ok   probe AFTER, 2 buffers: buffer 2 queued -> 0x00000000 (the queue then reported 1 pending)
  ok   probe AFTER, 2 buffers: the compositor holds all 2 of them (2 queued)
  note reconstructed probe AFTER, 2 buffers: asked for 0 ms in BOTH modes — 1 round(s), release event fired 0 time(s); last async=true 0x00000000, last async=false 0x00000000
  note reconstructed probe AFTER, 2 buffers: THE TIME — a buffer came back after 102 us (0 refresh(es)), in async=true
  ok   reconstructed probe AFTER, 2 buffers: this sequence got a buffer back within 5000 ms — which says what this sequence does, not what the paced sessions above do
  ok   reconstructed probe AFTER, 2 buffers: the buffer went back -> 0x00000000
  ok   probe AFTER, 2 buffers: released back to the compositor -> 0x00000000
  ok   the scanout NvMap is destroyed (status 0)
  ok   the device tears down after presenting (status 0)
RESULT: FAIL (113/118)
