== t_nwindow ==
  note horizon-build-id 2026-08-05T18:30:39Z dec5a7a
  note this test owns the display: no console was started, and this file is the whole record
  ok   horizon_gpu_device_create (status 0, nv 0x00000000)
  ok   nwindowGetDefault() returned a valid window
  ok   nwindowGetDimensions -> 0x00000000 (1280 x 720)
  ok   the scanout geometry for 1280x720 is representable
  note geometry: pitch 5120 B (stride 1280 px), height aligned to 768 rows, 3932160 B per buffer
  ok   one NvMap of 15360 KiB for 4 buffers (status 0, nv 0x00000000)
  ok   the NvMap has an id the compositor can look up (4936)
  ok   the NvMap is mapped for the CPU
  ok   3 buffers: nwindowSetDimensions(1280, 720) -> 0x00000000
  ok   3 buffers: slot 0 registered at offset 0x0 -> 0x00000000
  ok   3 buffers: slot 1 registered at offset 0x3c0000 -> 0x00000000
  ok   3 buffers: slot 2 registered at offset 0x780000 -> 0x00000000
  ok   probe BEFORE, 3 buffers: buffer 1 of 3 dequeued -> 0x00000000
  ok   probe BEFORE, 3 buffers: cache flush on buffer 1 (status 0)
  ok   probe BEFORE, 3 buffers: buffer 1 queued -> 0x00000000 (the queue then reported 1 pending)
  ok   probe BEFORE, 3 buffers: buffer 2 of 3 dequeued -> 0x00000000
  ok   probe BEFORE, 3 buffers: cache flush on buffer 2 (status 0)
  ok   probe BEFORE, 3 buffers: buffer 2 queued -> 0x00000000 (the queue then reported 1 pending)
  ok   probe BEFORE, 3 buffers: buffer 3 of 3 dequeued -> 0x00000000
  ok   probe BEFORE, 3 buffers: cache flush on buffer 3 (status 0)
  ok   probe BEFORE, 3 buffers: buffer 3 queued -> 0x00000000 (the queue then reported 1 pending)
  ok   probe BEFORE, 3 buffers: the compositor holds all 3 of them (3 queued)
  note reconstructed probe BEFORE, 3 buffers: asked for 0 ms — 1 dequeue(s) in libnx's mode, release event fired 0 time(s), last result 0x00000000
  note reconstructed probe BEFORE, 3 buffers: a buffer came back after 102 us (0 refresh(es))
  ok   reconstructed probe BEFORE, 3 buffers: this sequence got a buffer back within 5000 ms — which says what this sequence does, not what the paced sessions above do
  ok   reconstructed probe BEFORE, 3 buffers: the buffer went back -> 0x00000000
  ok   probe BEFORE, 3 buffers: released back to the compositor -> 0x00000000
  ok   2 buffers: nwindowSetDimensions(1280, 720) -> 0x00000000
  ok   2 buffers: slot 0 registered at offset 0x0 -> 0x00000000
  ok   2 buffers: slot 1 registered at offset 0x3c0000 -> 0x00000000
  ok   probe BEFORE, 2 buffers: buffer 1 of 2 dequeued -> 0x00000000
  ok   probe BEFORE, 2 buffers: cache flush on buffer 1 (status 0)
  ok   probe BEFORE, 2 buffers: buffer 1 queued -> 0x00000000 (the queue then reported 1 pending)
  ok   probe BEFORE, 2 buffers: buffer 2 of 2 dequeued -> 0x00000000
  ok   probe BEFORE, 2 buffers: cache flush on buffer 2 (status 0)
  ok   probe BEFORE, 2 buffers: buffer 2 queued -> 0x00000000 (the queue then reported 1 pending)
  ok   probe BEFORE, 2 buffers: the compositor holds all 2 of them (2 queued)
  note reconstructed probe BEFORE, 2 buffers: asked for 0 ms — 1 dequeue(s) in libnx's mode, release event fired 0 time(s), last result 0x00000000
  note reconstructed probe BEFORE, 2 buffers: a buffer came back after 103 us (0 refresh(es))
  ok   reconstructed probe BEFORE, 2 buffers: this sequence got a buffer back within 5000 ms — which says what this sequence does, not what the paced sessions above do
  ok   reconstructed probe BEFORE, 2 buffers: the buffer went back -> 0x00000000
  ok   probe BEFORE, 2 buffers: released back to the compositor -> 0x00000000
  ok   3 buffers: nwindowSetDimensions(1280, 720) -> 0x00000000
  ok   3 buffers: slot 0 registered at offset 0x0 -> 0x00000000
  ok   3 buffers: slot 1 registered at offset 0x3c0000 -> 0x00000000
  ok   3 buffers: slot 2 registered at offset 0x780000 -> 0x00000000
  ok   3 buffers: the dequeue that ended the count said no buffer was free rather than failing (0x00001d5d)
  ok   3 buffers: the 3 concurrently dequeued slot(s) are all different (mask 0x7)
  ok   3 buffers: slot 0 cancelled back to the compositor -> 0x00000000
  ok   3 buffers: slot 1 cancelled back to the compositor -> 0x00000000
  ok   3 buffers: slot 2 cancelled back to the compositor -> 0x00000000
  note THE NUMBER: with 3 registered buffers, 3 slot(s) could be dequeued at once
  ok   at least two slots can be held at once, which is what minImageCount = 2 on a 3-image swapchain requires
  ok   3 buffers, interval 1: 90 of 90 frames presented
  note 3 buffers, interval 1: 89 intervals, mean 16382 us, min 2355 us, max 19922 us; 86 within 10% of 16666 us; 0 longer than 1.5 refreshes
  note 3 buffers, interval 1: dequeue mean 95 us / max 1160 us; fill+flush mean 2172 us; largest pending-buffer count 2; 87 dequeue(s) carried a release fence
  ok   3 buffers: released back to the compositor -> 0x00000000
  ok   2 buffers: nwindowSetDimensions(1280, 720) -> 0x00000000
  ok   2 buffers: slot 0 registered at offset 0x0 -> 0x00000000
  ok   2 buffers: slot 1 registered at offset 0x3c0000 -> 0x00000000
  ok   2 buffers: the dequeue that ended the count said no buffer was free rather than failing (0x0000115d)
  ok   2 buffers: the 2 concurrently dequeued slot(s) are all different (mask 0x3)
  ok   2 buffers: slot 0 cancelled back to the compositor -> 0x00000000
  ok   2 buffers: slot 1 cancelled back to the compositor -> 0x00000000
  note with 2 registered buffers, 2 slot(s) could be dequeued at once
  note 2 buffers, interval 1: asked for 5000 ms — 77900 dequeue(s) in libnx's mode, release event fired 77899 time(s), last result 0x0000115d
  note 2 buffers, interval 1: ABOUT TO TRY async=false, which can block inside the compositor. If the next line of this log is missing, that call never returned — and that is the finding, not a crash
  note 2 buffers, interval 1: async=false returned 0x00000000 after 134 us
  ok   2 buffers, interval 1: async=false produced a buffer where libnx's async=true could not, 77900 times running
  note 2 buffers, interval 1: the late buffer went back -> 0x00000000
  FAIL 2 buffers, interval 1: 2 of 90 frames presented (see the note below)
  note 2 buffers, interval 1: dequeue failed at frame 2 -> 0x00006359
  note 2 buffers, interval 1: 1 intervals, mean 2361 us, min 2361 us, max 2361 us; 0 within 10% of 16666 us; 0 longer than 1.5 refreshes
  note 2 buffers, interval 1: dequeue mean 91 us / max 101 us; fill+flush mean 2168 us; largest pending-buffer count 1; 0 dequeue(s) carried a release fence
  ok   2 buffers: released back to the compositor -> 0x00000000
  note a frame's unavoidable cost (fill + flush) measured 2172 us; the bursty load puts 20655 us more on every odd frame, for a mean of 12499 us against a 16666 us refresh
  ok   3 buffers: nwindowSetDimensions(1280, 720) -> 0x00000000
  ok   3 buffers: slot 0 registered at offset 0x0 -> 0x00000000
  ok   3 buffers: slot 1 registered at offset 0x3c0000 -> 0x00000000
  ok   3 buffers: slot 2 registered at offset 0x780000 -> 0x00000000
  ok   3 buffers, interval 1, bursty load: 90 of 90 frames presented
  note 3 buffers, interval 1, bursty load: 89 intervals, mean 16724 us, min 2369 us, max 31034 us; 0 within 10% of 16666 us; 44 longer than 1.5 refreshes
  note 3 buffers, interval 1, bursty load: dequeue mean 89 us / max 208 us; fill+flush mean 2172 us; largest pending-buffer count 1; 87 dequeue(s) carried a release fence
  ok   3 buffers (loaded): released -> 0x00000000
  ok   2 buffers: nwindowSetDimensions(1280, 720) -> 0x00000000
  ok   2 buffers: slot 0 registered at offset 0x0 -> 0x00000000
  ok   2 buffers: slot 1 registered at offset 0x3c0000 -> 0x00000000
  note 2 buffers, interval 1, bursty load: asked for 5000 ms — 78461 dequeue(s) in libnx's mode, release event fired 78460 time(s), last result 0x0000115d
  note 2 buffers, interval 1, bursty load: ABOUT TO TRY async=false, which can block inside the compositor. If the next line of this log is missing, that call never returned — and that is the finding, not a crash
  note 2 buffers, interval 1, bursty load: async=false returned 0x00000000 after 138 us
  ok   2 buffers, interval 1, bursty load: async=false produced a buffer where libnx's async=true could not, 78461 times running
  note 2 buffers, interval 1, bursty load: the late buffer went back -> 0x00000000
  FAIL 2 buffers, interval 1, bursty load: 2 of 90 frames presented (see the note below)
  note 2 buffers, interval 1, bursty load: dequeue failed at frame 2 -> 0x00006359
  note 2 buffers, interval 1, bursty load: 1 intervals, mean 23101 us, min 23101 us, max 23101 us; 0 within 10% of 16666 us; 0 longer than 1.5 refreshes
  note 2 buffers, interval 1, bursty load: dequeue mean 158 us / max 171 us; fill+flush mean 2170 us; largest pending-buffer count 1; 0 dequeue(s) carried a release fence
  ok   2 buffers (loaded): released -> 0x00000000
  ok   3 buffers: nwindowSetDimensions(1280, 720) -> 0x00000000
  ok   3 buffers: slot 0 registered at offset 0x0 -> 0x00000000
  ok   3 buffers: slot 1 registered at offset 0x3c0000 -> 0x00000000
  ok   3 buffers: slot 2 registered at offset 0x780000 -> 0x00000000
  ok   3 buffers, interval 0: 90 of 90 frames presented
  note 3 buffers, interval 0: 89 intervals, mean 8145 us, min 2360 us, max 14393 us; 0 within 10% of 16666 us; 0 longer than 1.5 refreshes
  note 3 buffers, interval 0: dequeue mean 84 us / max 170 us; fill+flush mean 2172 us; largest pending-buffer count 1; 87 dequeue(s) carried a release fence
  ok   3 buffers (interval 0): released back to the compositor -> 0x00000000
  ok   the compositor handed back a release fence: 87 of 90 dequeues carried one, the first on syncpoint 103
  ok   3 buffers, interval 1: 86 of 89 intervals are within 10% of 16666 us (>= 90% needed)
  ok   three buffers let the producer hold more slots than two (3 vs 2)
  note 3 buffers at interval 0: mean 8145 us against 16382 us at interval 1 — the swap interval is the knob, and this is what it moved
  ok   3 buffers: nwindowSetDimensions(1280, 720) -> 0x00000000
  ok   3 buffers: slot 0 registered at offset 0x0 -> 0x00000000
  ok   3 buffers: slot 1 registered at offset 0x3c0000 -> 0x00000000
  ok   3 buffers: slot 2 registered at offset 0x780000 -> 0x00000000
  ok   probe AFTER, 3 buffers: buffer 1 of 3 dequeued -> 0x00000000
  ok   probe AFTER, 3 buffers: cache flush on buffer 1 (status 0)
  ok   probe AFTER, 3 buffers: buffer 1 queued -> 0x00000000 (the queue then reported 1 pending)
  ok   probe AFTER, 3 buffers: buffer 2 of 3 dequeued -> 0x00000000
  ok   probe AFTER, 3 buffers: cache flush on buffer 2 (status 0)
  ok   probe AFTER, 3 buffers: buffer 2 queued -> 0x00000000 (the queue then reported 1 pending)
  ok   probe AFTER, 3 buffers: buffer 3 of 3 dequeued -> 0x00000000
  ok   probe AFTER, 3 buffers: the release fence on buffer 3 -> 0x00000000
  ok   probe AFTER, 3 buffers: cache flush on buffer 3 (status 0)
  ok   probe AFTER, 3 buffers: buffer 3 queued -> 0x00000000 (the queue then reported 1 pending)
  ok   probe AFTER, 3 buffers: the compositor holds all 3 of them (3 queued)
  note reconstructed probe AFTER, 3 buffers: asked for 0 ms — 1 dequeue(s) in libnx's mode, release event fired 0 time(s), last result 0x00000000
  note reconstructed probe AFTER, 3 buffers: a buffer came back after 108 us (0 refresh(es))
  ok   reconstructed probe AFTER, 3 buffers: this sequence got a buffer back within 5000 ms — which says what this sequence does, not what the paced sessions above do
  ok   reconstructed probe AFTER, 3 buffers: the buffer went back -> 0x00000000
  ok   probe AFTER, 3 buffers: released back to the compositor -> 0x00000000
  ok   2 buffers: nwindowSetDimensions(1280, 720) -> 0x00000000
  ok   2 buffers: slot 0 registered at offset 0x0 -> 0x00000000
  ok   2 buffers: slot 1 registered at offset 0x3c0000 -> 0x00000000
  ok   probe AFTER, 2 buffers: buffer 1 of 2 dequeued -> 0x00000000
  ok   probe AFTER, 2 buffers: cache flush on buffer 1 (status 0)
  ok   probe AFTER, 2 buffers: buffer 1 queued -> 0x00000000 (the queue then reported 1 pending)
  ok   probe AFTER, 2 buffers: buffer 2 of 2 dequeued -> 0x00000000
  ok   probe AFTER, 2 buffers: cache flush on buffer 2 (status 0)
  ok   probe AFTER, 2 buffers: buffer 2 queued -> 0x00000000 (the queue then reported 1 pending)
  ok   probe AFTER, 2 buffers: the compositor holds all 2 of them (2 queued)
  note reconstructed probe AFTER, 2 buffers: asked for 0 ms — 1 dequeue(s) in libnx's mode, release event fired 0 time(s), last result 0x00000000
  note reconstructed probe AFTER, 2 buffers: a buffer came back after 102 us (0 refresh(es))
  ok   reconstructed probe AFTER, 2 buffers: this sequence got a buffer back within 5000 ms — which says what this sequence does, not what the paced sessions above do
  ok   reconstructed probe AFTER, 2 buffers: the buffer went back -> 0x00000000
  ok   probe AFTER, 2 buffers: released back to the compositor -> 0x00000000
  ok   the scanout NvMap is destroyed (status 0)
  ok   the device tears down after presenting (status 0)
RESULT: FAIL (111/113)
