== t_nwindow ==
  note horizon-build-id 2026-08-05T18:38:50Z df5cd57
  note this test owns the display: no console was started, and this file is the whole record
  ok   horizon_gpu_device_create (status 0, nv 0x00000000)
  ok   nwindowGetDefault() returned a valid window
  ok   nwindowGetDimensions -> 0x00000000 (1280 x 720)
  ok   the scanout geometry for 1280x720 is representable
  note geometry: pitch 5120 B (stride 1280 px), height aligned to 768 rows, 3932160 B per buffer
  ok   one NvMap of 15360 KiB for 4 buffers (status 0, nv 0x00000000)
  ok   the NvMap has an id the compositor can look up (5832)
  ok   the NvMap is mapped for the CPU
  ok   3 buffers: nwindowSetDimensions(1280, 720) -> 0x00000000
  ok   3 buffers: slot 0 registered at offset 0x0 -> 0x00000000
  ok   3 buffers: slot 1 registered at offset 0x3c0000 -> 0x00000000
  ok   3 buffers: slot 2 registered at offset 0x780000 -> 0x00000000
  ok   probe BEFORE, 3 buffers: buffer 1 of 3 dequeued -> 0x00000000
  ok   probe BEFORE, 3 buffers: cache flush on buffer 1 (status 0)
  ok   probe BEFORE, 3 buffers: buffer 1 queued -> 0x00000000 (the queue then reported 1 pending)
  ok   probe BEFORE, 3 buffers: buffer 2 of 3 dequeued -> 0x00000000
  ok   probe BEFORE, 3 buffers: cache flush on buffer 2 (status 0)
  ok   probe BEFORE, 3 buffers: buffer 2 queued -> 0x00000000 (the queue then reported 1 pending)
  ok   probe BEFORE, 3 buffers: buffer 3 of 3 dequeued -> 0x00000000
  ok   probe BEFORE, 3 buffers: cache flush on buffer 3 (status 0)
  ok   probe BEFORE, 3 buffers: buffer 3 queued -> 0x00000000 (the queue then reported 1 pending)
  ok   probe BEFORE, 3 buffers: the compositor holds all 3 of them (3 queued)
  note reconstructed probe BEFORE, 3 buffers: asked for 0 ms in BOTH modes — 1 round(s), release event fired 0 time(s); last async=true 0x00000000, last async=false 0x00000000
  note reconstructed probe BEFORE, 3 buffers: THE TIME — a buffer came back after 106 us (0 refresh(es)), in async=true
  ok   reconstructed probe BEFORE, 3 buffers: this sequence got a buffer back within 5000 ms — which says what this sequence does, not what the paced sessions above do
  ok   reconstructed probe BEFORE, 3 buffers: the buffer went back -> 0x00000000
  ok   probe BEFORE, 3 buffers: released back to the compositor -> 0x00000000
  ok   2 buffers: nwindowSetDimensions(1280, 720) -> 0x00000000
  ok   2 buffers: slot 0 registered at offset 0x0 -> 0x00000000
  ok   2 buffers: slot 1 registered at offset 0x3c0000 -> 0x00000000
  ok   probe BEFORE, 2 buffers: buffer 1 of 2 dequeued -> 0x00000000
  ok   probe BEFORE, 2 buffers: cache flush on buffer 1 (status 0)
  ok   probe BEFORE, 2 buffers: buffer 1 queued -> 0x00000000 (the queue then reported 1 pending)
  ok   probe BEFORE, 2 buffers: buffer 2 of 2 dequeued -> 0x00000000
  ok   probe BEFORE, 2 buffers: cache flush on buffer 2 (status 0)
  ok   probe BEFORE, 2 buffers: buffer 2 queued -> 0x00000000 (the queue then reported 1 pending)
  ok   probe BEFORE, 2 buffers: the compositor holds all 2 of them (2 queued)
  note reconstructed probe BEFORE, 2 buffers: asked for 0 ms in BOTH modes — 1 round(s), release event fired 0 time(s); last async=true 0x00000000, last async=false 0x00000000
  note reconstructed probe BEFORE, 2 buffers: THE TIME — a buffer came back after 99 us (0 refresh(es)), in async=true
  ok   reconstructed probe BEFORE, 2 buffers: this sequence got a buffer back within 5000 ms — which says what this sequence does, not what the paced sessions above do
  ok   reconstructed probe BEFORE, 2 buffers: the buffer went back -> 0x00000000
  ok   probe BEFORE, 2 buffers: released back to the compositor -> 0x00000000
  ok   3 buffers: nwindowSetDimensions(1280, 720) -> 0x00000000
  ok   3 buffers: slot 0 registered at offset 0x0 -> 0x00000000
  ok   3 buffers: slot 1 registered at offset 0x3c0000 -> 0x00000000
  ok   3 buffers: slot 2 registered at offset 0x780000 -> 0x00000000
  ok   3 buffers: the dequeue that ended the count said no buffer was free rather than failing (0x00001d5d)
  ok   3 buffers: the 3 concurrently dequeued slot(s) are all different (mask 0x7)
  ok   3 buffers: slot 0 cancelled back to the compositor -> 0x00000000
  ok   3 buffers: slot 1 cancelled back to the compositor -> 0x00000000
  ok   3 buffers: slot 2 cancelled back to the compositor -> 0x00000000
  note THE NUMBER: with 3 registered buffers, 3 slot(s) could be dequeued at once
  ok   at least two slots can be held at once, which is what minImageCount = 2 on a 3-image swapchain requires
  ok   3 buffers, interval 1: 90 of 90 frames presented
  note 3 buffers, interval 1: 89 intervals, mean 16344 us, min 2396 us, max 16709 us; 87 within 10% of 16666 us; 0 longer than 1.5 refreshes
  note 3 buffers, interval 1: dequeue mean 89 us / max 155 us; fill+flush mean 2171 us; largest pending-buffer count 1; 87 dequeue(s) carried a release fence
  ok   3 buffers: released back to the compositor -> 0x00000000
  ok   2 buffers: nwindowSetDimensions(1280, 720) -> 0x00000000
  ok   2 buffers: slot 0 registered at offset 0x0 -> 0x00000000
  ok   2 buffers: slot 1 registered at offset 0x3c0000 -> 0x00000000
  ok   2 buffers: the dequeue that ended the count said no buffer was free rather than failing (0x0000115d)
  ok   2 buffers: the 2 concurrently dequeued slot(s) are all different (mask 0x3)
  ok   2 buffers: slot 0 cancelled back to the compositor -> 0x00000000
  ok   2 buffers: slot 1 cancelled back to the compositor -> 0x00000000
  note with 2 registered buffers, 2 slot(s) could be dequeued at once
  note 2 buffers, interval 1: from here BOTH dequeue modes are asked every round. async=false is the one Android may let block inside the compositor; if this log stops before the summary line, that call never returned
  note 2 buffers, interval 1: asked for 9 ms in BOTH modes — 1 round(s), release event fired 0 time(s); last async=true 0x0000115d, last async=false 0x00000000
  note 2 buffers, interval 1: THE TIME — a buffer came back after 9996 us (0 refresh(es)), in async=false
  note 2 buffers, interval 1: after the late buffer, 1 of 10 further frames presented
  FAIL 2 buffers, interval 1: the window kept going once a buffer finally came back (1 of 10)
  FAIL 2 buffers, interval 1: 2 of 90 frames presented (see the note below)
  note 2 buffers, interval 1: dequeue failed at frame 2 -> 0x00006359
  note 2 buffers, interval 1: 1 intervals, mean 2367 us, min 2367 us, max 2367 us; 0 within 10% of 16666 us; 0 longer than 1.5 refreshes
  note 2 buffers, interval 1: dequeue mean 92 us / max 102 us; fill+flush mean 2169 us; largest pending-buffer count 1; 0 dequeue(s) carried a release fence
  ok   2 buffers: released back to the compositor -> 0x00000000
  note a frame's unavoidable cost (fill + flush) measured 2171 us; the bursty load puts 20656 us more on every odd frame, for a mean of 12499 us against a 16666 us refresh
  ok   3 buffers: nwindowSetDimensions(1280, 720) -> 0x00000000
  ok   3 buffers: slot 0 registered at offset 0x0 -> 0x00000000
  ok   3 buffers: slot 1 registered at offset 0x3c0000 -> 0x00000000
  ok   3 buffers: slot 2 registered at offset 0x780000 -> 0x00000000
  ok   3 buffers, interval 1, bursty load: 90 of 90 frames presented
  note 3 buffers, interval 1, bursty load: 89 intervals, mean 16639 us, min 2369 us, max 31003 us; 0 within 10% of 16666 us; 43 longer than 1.5 refreshes
  note 3 buffers, interval 1, bursty load: dequeue mean 94 us / max 176 us; fill+flush mean 2170 us; largest pending-buffer count 1; 87 dequeue(s) carried a release fence
  ok   3 buffers (loaded): released -> 0x00000000
  ok   2 buffers: nwindowSetDimensions(1280, 720) -> 0x00000000
  ok   2 buffers: slot 0 registered at offset 0x0 -> 0x00000000
  ok   2 buffers: slot 1 registered at offset 0x3c0000 -> 0x00000000
  note 2 buffers, interval 1, bursty load: from here BOTH dequeue modes are asked every round. async=false is the one Android may let block inside the compositor; if this log stops before the summary line, that call never returned
  note 2 buffers, interval 1, bursty load: asked for 10 ms in BOTH modes — 1 round(s), release event fired 0 time(s); last async=true 0x0000115d, last async=false 0x00000000
  note 2 buffers, interval 1, bursty load: THE TIME — a buffer came back after 10170 us (0 refresh(es)), in async=false
  note 2 buffers, interval 1, bursty load: after the late buffer, 1 of 10 further frames presented
  FAIL 2 buffers, interval 1, bursty load: the window kept going once a buffer finally came back (1 of 10)
  FAIL 2 buffers, interval 1, bursty load: 2 of 90 frames presented (see the note below)
  note 2 buffers, interval 1, bursty load: dequeue failed at frame 2 -> 0x00006359
  note 2 buffers, interval 1, bursty load: 1 intervals, mean 23097 us, min 23097 us, max 23097 us; 0 within 10% of 16666 us; 0 longer than 1.5 refreshes
  note 2 buffers, interval 1, bursty load: dequeue mean 167 us / max 186 us; fill+flush mean 2181 us; largest pending-buffer count 1; 0 dequeue(s) carried a release fence
  ok   2 buffers (loaded): released -> 0x00000000
  ok   3 buffers: nwindowSetDimensions(1280, 720) -> 0x00000000
  ok   3 buffers: slot 0 registered at offset 0x0 -> 0x00000000
  ok   3 buffers: slot 1 registered at offset 0x3c0000 -> 0x00000000
  ok   3 buffers: slot 2 registered at offset 0x780000 -> 0x00000000
  ok   3 buffers, interval 0: 90 of 90 frames presented
  note 3 buffers, interval 0: 89 intervals, mean 8143 us, min 2366 us, max 14319 us; 0 within 10% of 16666 us; 0 longer than 1.5 refreshes
  note 3 buffers, interval 0: dequeue mean 90 us / max 264 us; fill+flush mean 2171 us; largest pending-buffer count 1; 87 dequeue(s) carried a release fence
  ok   3 buffers (interval 0): released back to the compositor -> 0x00000000
  ok   the compositor handed back a release fence: 87 of 90 dequeues carried one, the first on syncpoint 103
  ok   3 buffers, interval 1: 87 of 89 intervals are within 10% of 16666 us (>= 90% needed)
  ok   three buffers let the producer hold more slots than two (3 vs 2)
  note 3 buffers at interval 0: mean 8143 us against 16344 us at interval 1 — the swap interval is the knob, and this is what it moved
  ok   3 buffers: nwindowSetDimensions(1280, 720) -> 0x00000000
  ok   3 buffers: slot 0 registered at offset 0x0 -> 0x00000000
  ok   3 buffers: slot 1 registered at offset 0x3c0000 -> 0x00000000
  ok   3 buffers: slot 2 registered at offset 0x780000 -> 0x00000000
  ok   probe AFTER, 3 buffers: buffer 1 of 3 dequeued -> 0x00000000
  ok   probe AFTER, 3 buffers: cache flush on buffer 1 (status 0)
  ok   probe AFTER, 3 buffers: buffer 1 queued -> 0x00000000 (the queue then reported 1 pending)
  ok   probe AFTER, 3 buffers: buffer 2 of 3 dequeued -> 0x00000000
  ok   probe AFTER, 3 buffers: cache flush on buffer 2 (status 0)
  ok   probe AFTER, 3 buffers: buffer 2 queued -> 0x00000000 (the queue then reported 1 pending)
  ok   probe AFTER, 3 buffers: buffer 3 of 3 dequeued -> 0x00000000
  ok   probe AFTER, 3 buffers: the release fence on buffer 3 -> 0x00000000
  ok   probe AFTER, 3 buffers: cache flush on buffer 3 (status 0)
  ok   probe AFTER, 3 buffers: buffer 3 queued -> 0x00000000 (the queue then reported 1 pending)
  ok   probe AFTER, 3 buffers: the compositor holds all 3 of them (3 queued)
  note reconstructed probe AFTER, 3 buffers: asked for 0 ms in BOTH modes — 1 round(s), release event fired 0 time(s); last async=true 0x00000000, last async=false 0x00000000
  note reconstructed probe AFTER, 3 buffers: THE TIME — a buffer came back after 102 us (0 refresh(es)), in async=true
  ok   reconstructed probe AFTER, 3 buffers: this sequence got a buffer back within 5000 ms — which says what this sequence does, not what the paced sessions above do
  ok   reconstructed probe AFTER, 3 buffers: the buffer went back -> 0x00000000
  ok   probe AFTER, 3 buffers: released back to the compositor -> 0x00000000
  ok   2 buffers: nwindowSetDimensions(1280, 720) -> 0x00000000
  ok   2 buffers: slot 0 registered at offset 0x0 -> 0x00000000
  ok   2 buffers: slot 1 registered at offset 0x3c0000 -> 0x00000000
  ok   probe AFTER, 2 buffers: buffer 1 of 2 dequeued -> 0x00000000
  ok   probe AFTER, 2 buffers: cache flush on buffer 1 (status 0)
  ok   probe AFTER, 2 buffers: buffer 1 queued -> 0x00000000 (the queue then reported 1 pending)
  ok   probe AFTER, 2 buffers: buffer 2 of 2 dequeued -> 0x00000000
  ok   probe AFTER, 2 buffers: cache flush on buffer 2 (status 0)
  ok   probe AFTER, 2 buffers: buffer 2 queued -> 0x00000000 (the queue then reported 1 pending)
  ok   probe AFTER, 2 buffers: the compositor holds all 2 of them (2 queued)
  note reconstructed probe AFTER, 2 buffers: asked for 0 ms in BOTH modes — 1 round(s), release event fired 0 time(s); last async=true 0x00000000, last async=false 0x00000000
  note reconstructed probe AFTER, 2 buffers: THE TIME — a buffer came back after 104 us (0 refresh(es)), in async=true
  ok   reconstructed probe AFTER, 2 buffers: this sequence got a buffer back within 5000 ms — which says what this sequence does, not what the paced sessions above do
  ok   reconstructed probe AFTER, 2 buffers: the buffer went back -> 0x00000000
  ok   probe AFTER, 2 buffers: released back to the compositor -> 0x00000000
  ok   the scanout NvMap is destroyed (status 0)
  ok   the device tears down after presenting (status 0)
RESULT: FAIL (109/113)
