== t_ostime ==
  note timespec_get(TIME_MONOTONIC) returned 2 (TIME_MONOTONIC=2), ts = 1735862763 s + 89636092 ns
  ok   the monotonic clock is available to timespec_get
  ok   the realtime clock is available to timespec_get
  note os_time_get_nano: first=1735862763103630332 last=1735862763108630392 over 82371 samples spanning 5 ms by the ARM counter, 60119 distinct values
  ok   os_time_get_nano never went backwards in 82371 samples (0 did)
  ok   os_time_get_nano returned a positive value (1735862763103630332)
  ok   the sample loop spanned at least 5 ms of real time (5 ms over 82371 reads)
  ok   the clock advanced during the sample loop (60119 distinct values)
  note smallest observed step: 52 ns
  ok   clock resolution is 1 ms or finer (52 ns)
  ok   os_time_get_nano did not go backwards across the reference sleep (1735862763130662636 then 1735862763230667372)
  note over one 100 ms sleep: system counter 100004895 ns, os_time_get_nano 100004736 ns, difference 159 ns
  ok   os_time_get_nano agrees with the ARM counter within 10% (159 ns of 10000489 ns allowed)
  ok   os_time_get is os_time_get_nano/1000 (0 us apart)
  ok   allocated the context for os_time_sleep(50000 us)
  ok   created the worker for os_time_sleep(50000 us) (0x00000000)
  ok   started the worker for os_time_sleep(50000 us) (0x00000000)
  ok   os_time_sleep(50000 us) returned on its own within 2000 ms
  note os_time_sleep(50000 us) took 50003 us
  ok   it slept at least 37500 us (50003 us)
  ok   it woke within 200000 us (50003 us)
  ok   allocated the context for os_time_sleep(0)
  ok   created the worker for os_time_sleep(0) (0x00000000)
  ok   started the worker for os_time_sleep(0) (0x00000000)
  ok   os_time_sleep(0) returned on its own within 2000 ms
  note os_time_sleep(0) took 1 us
  ok   os_time_sleep(0) did not block (1 us, bound 10000 us)
  ok   allocated the context for os_time_nanosleep_until(+50 ms)
  ok   created the worker for os_time_nanosleep_until(+50 ms) (0x00000000)
  ok   started the worker for os_time_nanosleep_until(+50 ms) (0x00000000)
  ok   os_time_nanosleep_until(+50 ms) returned on its own within 2000 ms
  note os_time_nanosleep_until(+50000 us) took 50003 us
  ok   it waited at least 37500 us (50003 us)
  ok   and returned within 200000 us (50003 us)
  ok   allocated the context for os_time_nanosleep_until(1 ms ago)
  ok   created the worker for os_time_nanosleep_until(1 ms ago) (0x00000000)
  ok   started the worker for os_time_nanosleep_until(1 ms ago) (0x00000000)
  ok   os_time_nanosleep_until(1 ms ago) returned on its own within 2000 ms
  ok   a deadline in the past returns at once (0 us, bound 10000 us)
  ok   a 1 s relative timeout is in the future (1735862764433150848 > 1735862763433150692)
  ok   and is about 1 s away (1000000156 ns)
  ok   OS_TIMEOUT_INFINITE passes through unchanged
  ok   an overflowing timeout saturates to OS_TIMEOUT_INFINITE
  ok   a timeout above INT64_MAX saturates without arithmetic
  ok   os_time_timeout: 150 is inside [100, 200)
  ok   os_time_timeout: 250 is past [100, 200)
  ok   os_time_timeout: 50 is outside [100, 200)
  ok   os_time_timeout: 250 is inside the wrapped [200, 100)
  ok   os_time_timeout: 50 is inside the wrapped [200, 100)
  ok   os_time_timeout: 150 is outside the wrapped [200, 100)
RESULT: PASS (43/43)
