== t_ostime ==
  note timespec_get(TIME_MONOTONIC) returned 2 (TIME_MONOTONIC=2), ts = 1785879588 s + 85916324 ns
  ok   the monotonic clock is available to timespec_get
  ok   the realtime clock is available to timespec_get
  note os_time_get_nano: first=1785879588101456160 last=1785879588106456116 over 80066 samples spanning 5 ms by the ARM counter, 61943 distinct values
  ok   os_time_get_nano never went backwards in 80066 samples (0 did)
  ok   os_time_get_nano returned a positive value (1785879588101456160)
  ok   the sample loop spanned at least 5 ms of real time (5 ms over 80066 reads)
  ok   the clock advanced during the sample loop (61943 distinct values)
  note smallest observed step: 52 ns
  ok   clock resolution is 1 ms or finer (52 ns)
  ok   os_time_get_nano did not go backwards across the reference sleep (1785879588129829388 then 1785879588229833500)
  note over one 100 ms sleep: system counter 100004114 ns, os_time_get_nano 100004112 ns, difference 2 ns
  ok   os_time_get_nano agrees with the ARM counter within 10% (2 ns of 10000411 ns allowed)
  ok   os_time_get is os_time_get_nano/1000 (1 us apart)
  ok   allocated the context for os_time_sleep(50000 us)
  ok   created the worker for os_time_sleep(50000 us) (0x00000000)
  ok   started the worker for os_time_sleep(50000 us) (0x00000000)
  ok   os_time_sleep(50000 us) returned on its own within 2000 ms
  note os_time_sleep(50000 us) took 50003 us
  ok   it slept at least 37500 us (50003 us)
  ok   it woke within 200000 us (50003 us)
  ok   allocated the context for os_time_sleep(0)
  ok   created the worker for os_time_sleep(0) (0x00000000)
  ok   started the worker for os_time_sleep(0) (0x00000000)
  ok   os_time_sleep(0) returned on its own within 2000 ms
  note os_time_sleep(0) took 1 us
  ok   os_time_sleep(0) did not block (1 us, bound 10000 us)
  ok   allocated the context for os_time_nanosleep_until(+50 ms)
  ok   created the worker for os_time_nanosleep_until(+50 ms) (0x00000000)
  ok   started the worker for os_time_nanosleep_until(+50 ms) (0x00000000)
  ok   os_time_nanosleep_until(+50 ms) returned on its own within 2000 ms
  note os_time_nanosleep_until(+50000 us) took 50003 us
  ok   it waited at least 37500 us (50003 us)
  ok   and returned within 200000 us (50003 us)
  ok   allocated the context for os_time_nanosleep_until(1 ms ago)
  ok   created the worker for os_time_nanosleep_until(1 ms ago) (0x00000000)
  ok   started the worker for os_time_nanosleep_until(1 ms ago) (0x00000000)
  ok   os_time_nanosleep_until(1 ms ago) returned on its own within 2000 ms
  ok   a deadline in the past returns at once (1 us, bound 10000 us)
  ok   a 1 s relative timeout is in the future (1785879589435277648 > 1785879588435277284)
  ok   and is about 1 s away (1000000364 ns)
  ok   OS_TIMEOUT_INFINITE passes through unchanged
  ok   an overflowing timeout saturates to OS_TIMEOUT_INFINITE
  ok   a timeout above INT64_MAX saturates without arithmetic
  ok   os_time_timeout: 150 is inside [100, 200)
  ok   os_time_timeout: 250 is past [100, 200)
  ok   os_time_timeout: 50 is outside [100, 200)
  ok   os_time_timeout: 250 is inside the wrapped [200, 100)
  ok   os_time_timeout: 50 is inside the wrapped [200, 100)
  ok   os_time_timeout: 150 is outside the wrapped [200, 100)
RESULT: PASS (43/43)
