== t_pbsize ==
  ok   device create (status=ok)
  ok   a 2097152-byte push buffer is mapped (status=ok)
  ok   the release target is mapped (status=ok)
  ok   32 dwords: channel create (status=ok)
  ok   32 dwords: the rung has room for filler and a release
  ok   32 dwords: 13 NOP pair(s) encoded (26 dwords)
  ok   32 dwords: the release encoded at the end
  ok   32 dwords: push buffer flushed (status=ok)
  ok   32 dwords: the submit is accepted (status=ok nv=0x00000000)
  ok   32 dwords: the entry completes (status=ok)
  ok   32 dwords: the release at the END of the entry ran (0x5a5a0100)
  ok   128 dwords: channel create (status=ok)
  ok   128 dwords: the rung has room for filler and a release
  ok   128 dwords: 61 NOP pair(s) encoded (122 dwords)
  ok   128 dwords: the release encoded at the end
  ok   128 dwords: push buffer flushed (status=ok)
  ok   128 dwords: the submit is accepted (status=ok nv=0x00000000)
  ok   128 dwords: the entry completes (status=ok)
  ok   128 dwords: the release at the END of the entry ran (0x5a5a0200)
  ok   512 dwords: channel create (status=ok)
  ok   512 dwords: the rung has room for filler and a release
  ok   512 dwords: 253 NOP pair(s) encoded (506 dwords)
  ok   512 dwords: the release encoded at the end
  ok   512 dwords: push buffer flushed (status=ok)
  ok   512 dwords: the submit is accepted (status=ok nv=0x00000000)
  ok   512 dwords: the entry completes (status=ok)
  ok   512 dwords: the release at the END of the entry ran (0x5a5a0300)
  ok   2048 dwords: channel create (status=ok)
  ok   2048 dwords: the rung has room for filler and a release
  ok   2048 dwords: 1021 NOP pair(s) encoded (2042 dwords)
  ok   2048 dwords: the release encoded at the end
  ok   2048 dwords: push buffer flushed (status=ok)
  ok   2048 dwords: the submit is accepted (status=ok nv=0x00000000)
  ok   2048 dwords: the entry completes (status=ok)
  ok   2048 dwords: the release at the END of the entry ran (0x5a5a0400)
  ok   8192 dwords: channel create (status=ok)
  ok   8192 dwords: the rung has room for filler and a release
  ok   8192 dwords: 4093 NOP pair(s) encoded (8186 dwords)
  ok   8192 dwords: the release encoded at the end
  ok   8192 dwords: push buffer flushed (status=ok)
  ok   8192 dwords: the submit is accepted (status=ok nv=0x00000000)
  ok   8192 dwords: the entry completes (status=ok)
  ok   8192 dwords: the release at the END of the entry ran (0x5a5a0500)
  ok   32768 dwords: channel create (status=ok)
  ok   32768 dwords: the rung has room for filler and a release
  ok   32768 dwords: 16381 NOP pair(s) encoded (32762 dwords)
  ok   32768 dwords: the release encoded at the end
  ok   32768 dwords: push buffer flushed (status=ok)
  ok   32768 dwords: the submit is accepted (status=ok nv=0x00000000)
  ok   32768 dwords: the entry completes (status=ok)
  ok   32768 dwords: the release at the END of the entry ran (0x5a5a0600)
  ok   131072 dwords: channel create (status=ok)
  ok   131072 dwords: the rung has room for filler and a release
  ok   131072 dwords: 65533 NOP pair(s) encoded (131066 dwords)
  ok   131072 dwords: the release encoded at the end
  ok   131072 dwords: push buffer flushed (status=ok)
  ok   131072 dwords: the submit is accepted (status=ok nv=0x00000000)
  ok   131072 dwords: the entry completes (status=ok)
  ok   131072 dwords: the release at the END of the entry ran (0x5a5a0700)
  ok   524288 dwords: channel create (status=ok)
  ok   524288 dwords: the rung has room for filler and a release
  ok   524288 dwords: 262141 NOP pair(s) encoded (524282 dwords)
  ok   524288 dwords: the release encoded at the end
  ok   524288 dwords: push buffer flushed (status=ok)
  ok   524288 dwords: the submit is accepted (status=ok nv=0x00000000)
  ok   524288 dwords: the entry completes (status=ok)
  ok   524288 dwords: the release at the END of the entry ran (0x5a5a0800)
  note D15: every rung up to 524288 dwords (2048 KiB) executed to its last dword; no entry-size limit was found in this range
  ok   entries at least as large as nxvk's top rung (8192 dwords) execute; the largest measured here is 524288
  ok   device destroy (status=ok)
RESULT: PASS (69/69)
