== t_shader_cache ==
  note horizon-build-id 2026-08-11T17:02:09.068Z 1f9f128-dirty mesa:3ba5227
  note --- A: the blob store on sdmc: ---
  ok   A1 open a new cache on the SD card
  ok   A1 a new cache is empty and needed no repair
  ok   A1 every key misses in an empty cache
  ok   A2 store a 4 KiB entry
  note A2 put(4096) took 9411 us
  ok   A2 read it back
  note A2 get(4096) took 4046 us
  ok   A3 200 entries stored
  note A3 200 puts took 1082780 us (5413 us each)
  ok   A4 reopen the cache
  note A4 open with 201 entries took 1605 us (7 us/entry), file 25688 bytes
  ok   A4 all 201 entries came back
  ok   A4 the file the SD card returned needed no repair
  ok   A4 the 4 KiB entry survived
  ok   A4 and so did the other 200
  ok   A5 put_key
  ok   A5 has_key
  ok   A5 a key-only mark is invisible to get()
  ok   A6 open under a different driver identity
  ok   A6 the other build's file is reset
  ok   A6 and none of its entries is served
  ok   A6 the reset file is readable (the file could be measured at all)
  ok   A6 the store's own size is the size on the card
  ok   A6 ftruncate() actually shortened the file on this filesystem
  ok   A7 open for the truncation case
  ok   A7 the written file is readable (the file could be measured at all)
  ok   A7 cut the last record short
  ok   A7 a torn file still opens
  ok   A7 the tear was noticed
  ok   A7 the four whole entries are there
  ok   A7 everything before the tear survived
  ok   A7 the torn entry is gone, not wrong
  ok   A7 and the repaired file takes a new entry
  ok   A8 open with a 32 KiB ceiling
  ok   A8 100 KiB of entries into a 32 KiB cache
  note A8 5 compactions over 637192 us, file 21688 bytes
  ok   A8 it compacted rather than grew
  ok   A8 and did not compact on nearly every put
  ok   A8 and stayed inside the ceiling
  ok   A8 the newest entry is still there
  ok   A8 the compacted file is readable (the file could be measured at all)
  ok   A8 and the card agrees it is inside the ceiling
  ok   A8 a compacted cache reopens
  ok   A8 cleanly — the in-place rewrite left a valid file
  ok   A8 and the newest entry survived it
  note --- B: Mesa's disk_cache API ---
MESA: info: disk cache: sdmc:/horizon_gpu_tests/mesa_cache/t_shader_cache.hzc did not match this driver build or could not be read; started over (96 bytes discarded)
  ok   B1 disk_cache_create returns a cache — the thing that returned NULL on this platform until now
  ok   B2 miss before anything is stored
  note B3 put + wait_for_idle took 6224 us
  note B3 get took 219 us
  ok   B3 hit after the store
  ok   B3 and the bytes are the bytes that went in
  note B4 put(256 KiB) + wait took 6297 us
  ok   B4 a 256 KiB entry survives put and get
  ok   B5 has_key before put_key
  ok   B5 has_key after put_key
MESA: info: disk shader cache:  hits = 2, misses = 1
MESA: info: disk cache: sdmc:/horizon_gpu_tests/mesa_cache/t_shader_cache.hzc, 2 entries
  ok   B6 reopen the cache
  ok   B6 the entry written by the previous cache object is served
MESA: info: disk shader cache:  hits = 1, misses = 0
MESA: info: disk cache: sdmc:/horizon_gpu_tests/mesa_cache/t_shader_cache.hzc did not match this driver build or could not be read; started over (624 bytes discarded)
  ok   B7 open with a different driver id
  ok   B7 a different driver id does not read the first's entries
MESA: info: disk shader cache:  hits = 0, misses = 1
  note --- C: across launches ---
  ok   C1 open the cache kept between runs
  note C1 this launch found 32 entries (WARM — a previous launch filled it)
  ok   C2 every entry the previous launch wrote came back intact
  ok   C2 and the file did not have to be reset to do it
  ok   C2 nor truncated — the previous launch's writes were whole
  ok   C3 wrote 32 entries for the next launch to find
  note C3 sdmc:/horizon_gpu_tests/t_shader_cache_persist.hzc is left on the card on purpose. Delete it to make the next run cold again.
RESULT: PASS (56/56)
