== t_syncpt ==
  ok   device_create (status=ok nv=0x00000000)
  ok   channel_create (status=ok nv=0x00000000)
  ok   initial syncpt read (45980)
  ok   no stray increments between create and first read
  ok   submit 0 accepted
  ok   submit 0 fence threshold is previous+1 (45980 -> 45981)
  ok   submit 0 completed (status=ok)
  ok   hardware counter advanced by exactly one (status=ok, 45980 -> 45981)
  ok   submit 1 accepted
  ok   submit 1 fence threshold is previous+1 (45981 -> 45982)
  ok   submit 1 completed (status=ok)
  ok   hardware counter advanced by exactly one (status=ok, 45981 -> 45982)
  ok   submit 2 accepted
  ok   submit 2 fence threshold is previous+1 (45982 -> 45983)
  ok   submit 2 completed (status=ok)
  ok   hardware counter advanced by exactly one (status=ok, 45982 -> 45983)
  ok   submit 3 accepted
  ok   submit 3 fence threshold is previous+1 (45983 -> 45984)
  ok   submit 3 completed (status=ok)
  ok   hardware counter advanced by exactly one (status=ok, 45983 -> 45984)
  ok   submit 4 accepted
  ok   submit 4 fence threshold is previous+1 (45984 -> 45985)
  ok   submit 4 completed (status=ok)
  ok   hardware counter advanced by exactly one (status=ok, 45984 -> 45985)
  ok   submit 5 accepted
  ok   submit 5 fence threshold is previous+1 (45985 -> 45986)
  ok   submit 5 completed (status=ok)
  ok   hardware counter advanced by exactly one (status=ok, 45985 -> 45986)
  ok   submit 6 accepted
  ok   submit 6 fence threshold is previous+1 (45986 -> 45987)
  ok   submit 6 completed (status=ok)
  ok   hardware counter advanced by exactly one (status=ok, 45986 -> 45987)
  ok   submit 7 accepted
  ok   submit 7 fence threshold is previous+1 (45987 -> 45988)
  ok   submit 7 completed (status=ok)
  ok   hardware counter advanced by exactly one (status=ok, 45987 -> 45988)
  ok   submit 8 accepted
  ok   submit 8 fence threshold is previous+1 (45988 -> 45989)
  ok   submit 8 completed (status=ok)
  ok   hardware counter advanced by exactly one (status=ok, 45988 -> 45989)
  ok   submit 9 accepted
  ok   submit 9 fence threshold is previous+1 (45989 -> 45990)
  ok   submit 9 completed (status=ok)
  ok   hardware counter advanced by exactly one (status=ok, 45989 -> 45990)
  ok   10 submits produced exactly 10 increments (45980 -> 45990)
  ok   shadow target low word matches hardware (45990 vs 45990)
  ok   channel destroy
  ok   device_destroy (status=ok)
RESULT: PASS (48/48)
