== t_syncpt ==
  ok   device_create (status=ok nv=0x00000000)
  ok   channel_create (status=ok nv=0x00000000)
  ok   initial syncpt read (30577)
  ok   no stray increments between create and first read
  ok   submit 0 accepted
  ok   submit 0 fence threshold is previous+1 (30577 -> 30578)
  ok   submit 0 completed (status=ok)
  ok   hardware counter advanced by exactly one (status=ok, 30577 -> 30578)
  ok   submit 1 accepted
  ok   submit 1 fence threshold is previous+1 (30578 -> 30579)
  ok   submit 1 completed (status=ok)
  ok   hardware counter advanced by exactly one (status=ok, 30578 -> 30579)
  ok   submit 2 accepted
  ok   submit 2 fence threshold is previous+1 (30579 -> 30580)
  ok   submit 2 completed (status=ok)
  ok   hardware counter advanced by exactly one (status=ok, 30579 -> 30580)
  ok   submit 3 accepted
  ok   submit 3 fence threshold is previous+1 (30580 -> 30581)
  ok   submit 3 completed (status=ok)
  ok   hardware counter advanced by exactly one (status=ok, 30580 -> 30581)
  ok   submit 4 accepted
  ok   submit 4 fence threshold is previous+1 (30581 -> 30582)
  ok   submit 4 completed (status=ok)
  ok   hardware counter advanced by exactly one (status=ok, 30581 -> 30582)
  ok   submit 5 accepted
  ok   submit 5 fence threshold is previous+1 (30582 -> 30583)
  ok   submit 5 completed (status=ok)
  ok   hardware counter advanced by exactly one (status=ok, 30582 -> 30583)
  ok   submit 6 accepted
  ok   submit 6 fence threshold is previous+1 (30583 -> 30584)
  ok   submit 6 completed (status=ok)
  ok   hardware counter advanced by exactly one (status=ok, 30583 -> 30584)
  ok   submit 7 accepted
  ok   submit 7 fence threshold is previous+1 (30584 -> 30585)
  ok   submit 7 completed (status=ok)
  ok   hardware counter advanced by exactly one (status=ok, 30584 -> 30585)
  ok   submit 8 accepted
  ok   submit 8 fence threshold is previous+1 (30585 -> 30586)
  ok   submit 8 completed (status=ok)
  ok   hardware counter advanced by exactly one (status=ok, 30585 -> 30586)
  ok   submit 9 accepted
  ok   submit 9 fence threshold is previous+1 (30586 -> 30587)
  ok   submit 9 completed (status=ok)
  ok   hardware counter advanced by exactly one (status=ok, 30586 -> 30587)
  ok   10 submits produced exactly 10 increments (30577 -> 30587)
  ok   shadow target low word matches hardware (30587 vs 30587)
  ok   channel destroy
  ok   device_destroy (status=ok)
RESULT: PASS (48/48)
