== t_syncpt ==
  note horizon-build-id 2026-08-08T18:48:25.691Z 9b4f976 mesa:815dca2
  note nxlink: streaming this log live to 192.168.1.104, and the whole file again at the end
  ok   device_create (status=ok nv=0x00000000)
  ok   channel_create (status=ok nv=0x00000000)
  ok   initial syncpt read (274354)
  ok   no stray increments between create and first read
  ok   submit 0 accepted
  ok   submit 0 fence threshold is previous+1 (274354 -> 274355)
  ok   submit 0 completed (status=ok)
  ok   hardware counter advanced by exactly one (status=ok, 274354 -> 274355)
  ok   submit 1 accepted
  ok   submit 1 fence threshold is previous+1 (274355 -> 274356)
  ok   submit 1 completed (status=ok)
  ok   hardware counter advanced by exactly one (status=ok, 274355 -> 274356)
  ok   submit 2 accepted
  ok   submit 2 fence threshold is previous+1 (274356 -> 274357)
  ok   submit 2 completed (status=ok)
  ok   hardware counter advanced by exactly one (status=ok, 274356 -> 274357)
  ok   submit 3 accepted
  ok   submit 3 fence threshold is previous+1 (274357 -> 274358)
  ok   submit 3 completed (status=ok)
  ok   hardware counter advanced by exactly one (status=ok, 274357 -> 274358)
  ok   submit 4 accepted
  ok   submit 4 fence threshold is previous+1 (274358 -> 274359)
  ok   submit 4 completed (status=ok)
  ok   hardware counter advanced by exactly one (status=ok, 274358 -> 274359)
  ok   submit 5 accepted
  ok   submit 5 fence threshold is previous+1 (274359 -> 274360)
  ok   submit 5 completed (status=ok)
  ok   hardware counter advanced by exactly one (status=ok, 274359 -> 274360)
  ok   submit 6 accepted
  ok   submit 6 fence threshold is previous+1 (274360 -> 274361)
  ok   submit 6 completed (status=ok)
  ok   hardware counter advanced by exactly one (status=ok, 274360 -> 274361)
  ok   submit 7 accepted
  ok   submit 7 fence threshold is previous+1 (274361 -> 274362)
  ok   submit 7 completed (status=ok)
  ok   hardware counter advanced by exactly one (status=ok, 274361 -> 274362)
  ok   submit 8 accepted
  ok   submit 8 fence threshold is previous+1 (274362 -> 274363)
  ok   submit 8 completed (status=ok)
  ok   hardware counter advanced by exactly one (status=ok, 274362 -> 274363)
  ok   submit 9 accepted
  ok   submit 9 fence threshold is previous+1 (274363 -> 274364)
  ok   submit 9 completed (status=ok)
  ok   hardware counter advanced by exactly one (status=ok, 274363 -> 274364)
  ok   10 submits produced exactly 10 increments (274354 -> 274364)
  ok   shadow target low word matches hardware (274364 vs 274364)
  ok   channel destroy
  ok   device_destroy (status=ok)
RESULT: PASS (48/48)
