== t_sysinfo ==
  note horizon-build-id 2026-08-08T18:48:25.691Z 9b4f976 mesa:815dca2
  note nxlink: streaming this log live to 192.168.1.104, and the whole file again at the end
  ok   sysconf(_SC_PAGESIZE) = 4096 (errno 0)
  ok   page size 0x1000 is a power of two
  ok   _SC_PAGE_SIZE agrees with _SC_PAGESIZE
  note page size reported as 0x1000 (4096 bytes)
  ok   allocated 0x10000 to probe map granularity
  ok   unmapped the 0x1000 probe (rc=0x00000000)
  note svcMapMemory(0x1000): OK
  ok   the kernel mapped at least one size up to 0x10000
  ok   smallest granularity the kernel accepts is 0x1000, and sysconf reports 0x1000
  note heap region: addr=0x76e9e00000 size=0x200000000
  ok   heap region address 0x76e9e00000 is page-aligned
  ok   heap region size 0x200000000 is a whole number of pages
  note alias region: addr=0x3201200000 size=0x1000000000
  ok   alias region address 0x3201200000 is page-aligned
  ok   alias region size 0x1000000000 is a whole number of pages
  note aslr region: addr=0x8000000 size=0x7ff8000000
  ok   aslr region address 0x8000000 is page-aligned
  ok   aslr region size 0x7ff8000000 is a whole number of pages
  note stack region: addr=0x1487c00000 size=0x80000000
  ok   stack region address 0x1487c00000 is page-aligned
  ok   stack region size 0x80000000 is a whole number of pages
  note svcGetInfo raw: total=0xc7500000 (3189 MiB) used=0xc711b000 (3185 MiB)
  ok   sysconf(_SC_PHYS_PAGES) = 816384 (errno 0)
  ok   _SC_PHYS_PAGES x page size = InfoType_TotalMemorySize (3343908864 vs 3343908864 bytes)
  ok   sysconf(_SC_AVPHYS_PAGES) = 997 (errno 0)
  ok   available pages (997) do not exceed total (816384)
  ok   available pages agree with total - used (997 pages)
  note reported free: 3 MiB of 3189 MiB
  ok   unknown name returns -1 and sets EINVAL (errno 22)
RESULT: PASS (21/21)
