== t_va_window ==
  note horizon-build-id 2026-08-08T18:48:25.691Z 9b4f976 mesa:815dca2
  note nxlink: streaming this log live to 192.168.1.104, and the whole file again at the end
  ok   device_create (status=ok nv=0x00000000)
  ok   get_info
  note small-page region [0x8000000, 0x3fffff000) page=0x1000
  note big-page region   [0x400000000, 0x1ffffe0000) page=0x20000
  note shader window     [0xfe000000, 0x100000000) = shared 0xfe000000 + local 0xff000000
  ok   the shader window lies inside the small-page region
  note space above the window inside the region: 0x2fffff000 bytes
  note P1 heap 4 GiB non-fixed, nothing held: ok base=0x8000000 size=0x100000000 COVERS the window
  ok   P1 reservation lies inside the small-page region
  ok   release P1 (status=ok nv=0x00000000)
  note P2 window fixed @0xfe000000: ok size=0x2000000
  ok   P2 window fixed landed exactly where it was asked (0xfe000000)
  note P3 heap 4 GiB non-fixed, window held: ok base=0x100000000 size=0x100000000 clears the window
  ok   P3 did not overlap the reservation already held
  ok   release P3 (status=ok nv=0x00000000)
  note P4 heap 4 GiB fixed @0x100000000: ok size=0x100000000
  ok   P4 heap 4 GiB fixed landed exactly where it was asked (0x100000000)
  ok   release P4 (status=ok nv=0x00000000)
  note P5 heap 4 GiB fixed @0x200000000: ok size=0x100000000
  ok   P5 heap 4 GiB fixed landed exactly where it was asked (0x200000000)
  ok   release P5 (status=ok nv=0x00000000)
  note P6 64 KiB fixed @0x180000000: ok size=0x10000
  ok   P6 64 KiB fixed landed exactly where it was asked (0x180000000)
  ok   release P6 (status=ok nv=0x00000000)
  ok   release P2 window (status=ok nv=0x00000000)
  note P7 heap first, fixed @0x100000000: ok size=0x100000000
  ok   P7 heap first, fixed landed exactly where it was asked (0x100000000)
  note P7 then window fixed @0xfe000000: ok size=0x2000000
  ok   P7 then window fixed landed exactly where it was asked (0xfe000000)
  ok   release P7 window (status=ok nv=0x00000000)
  ok   release P7 heap (status=ok nv=0x00000000)
  note VERDICT window reservable=yes | 4 GiB non-fixed with window held=yes | 4 GiB fixed above window: A=yes B=yes | 64 KiB fixed high=yes | heap-then-window=yes
  note VERDICT strategy A (block the window, place the heap above it) is VIABLE on this hardware
  note VERDICT today's layout covers the window with the shader heap's reservation
  ok   P1 succeeded, so the probe was able to measure
  ok   live_va_ranges back to zero (0)
  ok   device_destroy (status=ok)
RESULT: PASS (22/22)
