== t_va_reserve ==
  note horizon-build-id 2026-08-08T18:48:25.691Z 9b4f976 mesa:815dca2
  note nxlink: streaming this log live to 192.168.1.104, and the whole file again at the end
  ok   device_create (status=ok nv=0x00000000)
  ok   get_info
  ok   reserve 1 MiB small-page (status=ok nv=0x00000000)
  note small reservation base=0x8000000
  ok   base nonzero
  ok   base page-aligned
  ok   size as requested
  ok   reserve with 1 MiB alignment
  ok   base honours 1 MiB alignment (0x8100000)
  ok   reserve big-page range (page=0x20000 status=ok nv=0x00000000)
  note big reservation base=0x400000000 (big region [0x400000000, 0x1ffffe0000))
  ok   base inside the queried big-page region
  ok   page size neither small nor big rejected (invalid argument)
  ok   non-pow2 alignment rejected (invalid argument)
[horizon_gpu:E] AllocSpace(pages=0x4f7fff page=0x1000 align=0x1000) failed: 0x0000275c
  note oversized reservation (region+4GiB): status=nv service error nv=0x0000275c
  ok   oversized reservation surfaced an error, not success
  ok   release big-page range
  ok   release aligned range
  ok   release small range
  ok   live_va_ranges back to zero (0)
  ok   device_destroy (status=ok)
RESULT: PASS (18/18)
