== t_vk_wsi_mt ==
  note horizon-build-id 2026-08-09T14:57:27.459Z 6f833f5-dirty mesa:3fe711d
  note this test owns the display: no console was started, and this file is the whole record
  ok   GetInstanceProcAddr(vkCreateInstance)
  ok   instance extension list fits (3 asked for)
  ok   instance extension list fits (3 asked for)
  ok   vkCreateInstance -> VK_SUCCESS
  ok   VK_EXT_debug_utils entry points resolved
  ok   vkCreateDebugUtilsMessengerEXT -> VK_SUCCESS
  ok   every entry point resolved
[horizon_gpu:I] device up: gm20b arch=0x120 impl=0xb rev=0xa1 gpc=1 tpc/gpc=2 big_page=0x20000 as_big_page=0x20000 va_bits=40
WARNING: NVK is not a conformant Vulkan implementation, testing use only.
  ok   vkEnumeratePhysicalDevices -> VK_SUCCESS, 1 device(s)
  ok   vkEnumeratePhysicalDevices(list) -> VK_SUCCESS
  note device: NVIDIA gm20b (NVK gm20b) (api 1.3.354), 2 memory type(s)
  ok   queue family count is 1
  ok   a queue family with graphics and compute
[horizon_gpu:I] channel 0x3d379b62a0: created, syncpt id=26 (live channels now 1)
[horizon_gpu:I] channel 0x3d379b62a0: up, syncpt=26 initial=37984 zcull=off
[horizon_gpu:I] channel 0x3d37a07010: created, syncpt id=27 (live channels now 2)
[horizon_gpu:I] channel 0x3d37a07010: up, syncpt=27 initial=8003 zcull=off
  ok   vkCreateDevice -> VK_SUCCESS
  ok   vkGetDeviceQueue
  ok   vkCreateCommandPool -> VK_SUCCESS
  ok   every window-system entry point resolved
  note the process may run on core mask 0x7 (3 core(s))
  ok   nwindowGetDefault() returned a valid window
  ok   vkCreateViSurfaceNN over the default window -> VK_SUCCESS
  ok   surface capabilities -> VK_SUCCESS
  note surface: 1280x720, 2 to 4 images
MESA: warning: vk_log*() called with client-invisible object 0x3d37a0b0e0 of type VK_OBJECT_TYPE_SWAPCHAIN_KHR
  note vk info [../../mesa/src/vulkan/wsi/wsi_horizon.c:2127]: wsi_horizon: zero-copy: the swapchain images are the scanout buffers (3 images, 1280x720, swap interval 1)
  ok   A/zero-copy: the first swapchain was created -> VK_SUCCESS
  ok   A/zero-copy: it took the zero-copy path, which is the one this case is about
  ok   A/zero-copy: the first swapchain presented 30 of 30 frames -> VK_SUCCESS
MESA: warning: vk_log*() called with client-invisible object 0x3d381f1300 of type VK_OBJECT_TYPE_SWAPCHAIN_KHR
  note vk info [../../mesa/src/vulkan/wsi/wsi_horizon.c:2127]: wsi_horizon: zero-copy: the swapchain images are the scanout buffers (3 images, 1280x720, swap interval 1)
  ok   A/zero-copy: the second swapchain was created with the first as oldSwapchain -> VK_SUCCESS
  ok   A/zero-copy: an acquire on the retired swapchain -> OUT_OF_DATE_KHR (expected VK_ERROR_OUT_OF_DATE_KHR)
  ok   A/zero-copy: after the retired swapchain was destroyed the survivor presented 30 of 30 frames -> VK_SUCCESS
MESA: warning: vk_log*() called with client-invisible object 0x3d37a0b0e0 of type VK_OBJECT_TYPE_SWAPCHAIN_KHR
  note vk info [../../mesa/src/vulkan/wsi/wsi_horizon.c:2127]: wsi_horizon: copy fallback: the rendered image is copied into a framebuffer the compositor owns (3 images, 1280x720, swap interval 1)
MESA: warning: vk_log*() called with client-invisible object 0x3d37a0b0e0 of type VK_OBJECT_TYPE_SWAPCHAIN_KHR
  note vk info [../../mesa/src/vulkan/wsi/wsi_horizon.c:2132]: wsi_horizon: zero-copy was declined because MESA_VK_WSI_HORIZON_FORCE_COPY asked for it
  ok   A/copy: the first swapchain was created -> VK_SUCCESS
  ok   A/copy: it took the copy path, which is the one this case is about
  ok   A/copy: the first swapchain presented 30 of 30 frames -> VK_SUCCESS
MESA: warning: vk_log*() called with client-invisible object 0x3d38d31300 of type VK_OBJECT_TYPE_SWAPCHAIN_KHR
  note vk info [../../mesa/src/vulkan/wsi/wsi_horizon.c:2127]: wsi_horizon: copy fallback: the rendered image is copied into a framebuffer the compositor owns (3 images, 1280x720, swap interval 1)
MESA: warning: vk_log*() called with client-invisible object 0x3d38d31300 of type VK_OBJECT_TYPE_SWAPCHAIN_KHR
  note vk info [../../mesa/src/vulkan/wsi/wsi_horizon.c:2132]: wsi_horizon: zero-copy was declined because MESA_VK_WSI_HORIZON_FORCE_COPY asked for it
  ok   A/copy: the second swapchain was created with the first as oldSwapchain -> VK_SUCCESS
  ok   A/copy: an acquire on the retired swapchain -> OUT_OF_DATE_KHR (expected VK_ERROR_OUT_OF_DATE_KHR)
