== t_vk_swapchain ==
  note horizon-build-id 2026-08-11T08:49:15.445Z 030087f-dirty mesa:4cb4b85
  note this test owns the display: no console was started, and this file is the whole record
  ok   GetInstanceProcAddr(vkCreateInstance)
  ok   instance extension list fits (3 asked for)
  ok   instance extension list fits (3 asked for)
  ok   vkCreateInstance -> VK_SUCCESS
  ok   VK_EXT_debug_utils entry points resolved
  ok   vkCreateDebugUtilsMessengerEXT -> VK_SUCCESS
  ok   every entry point resolved
[horizon_gpu:I] device up: gm20b arch=0x120 impl=0xb rev=0xa1 gpc=1 tpc/gpc=2 big_page=0x20000 as_big_page=0x20000 va_bits=40
WARNING: NVK is not a conformant Vulkan implementation, testing use only.
  ok   vkEnumeratePhysicalDevices -> VK_SUCCESS, 1 device(s)
  ok   vkEnumeratePhysicalDevices(list) -> VK_SUCCESS
  note device: NVIDIA gm20b (NVK gm20b) (api 1.3.354), 2 memory type(s)
  ok   queue family count is 1
  ok   a queue family with graphics and compute
[horizon_gpu:I] channel 0x7dfbdb82a0: created, syncpt id=26 (live channels now 1)
[horizon_gpu:I] channel 0x7dfbdb82a0: up, syncpt=26 initial=2287050 zcull=off
[horizon_gpu:I] channel 0x7dfbe09010: created, syncpt id=27 (live channels now 2)
[horizon_gpu:I] channel 0x7dfbe09010: up, syncpt=27 initial=79743 zcull=off
  ok   vkCreateDevice -> VK_SUCCESS
  ok   vkGetDeviceQueue
  ok   vkCreateCommandPool -> VK_SUCCESS
  ok   every window-system entry point resolved
  ok   nwindowGetDefault() returned a valid window
  ok   vkCreateViSurfaceNN over the default window -> VK_SUCCESS
  ok   queue family 0 can present to this surface -> VK_SUCCESS
  ok   surface capabilities -> VK_SUCCESS
  note surface: 1280x720, 2 to 4 images, usage 0x0008009f
  ok   minImageCount is 2, so double buffering exists (2)
  ok   maxImageCount is 4 (4)
  ok   the surface reports a real current extent
  ok   swapchain images can be rendered to and copied into
  ok   the surface has no transform of its own
  ok   the surface offers 4 format(s), including R8G8B8A8_UNORM -> VK_SUCCESS
  ok   VK_PRESENT_MODE_FIFO_KHR is offered (2 mode(s)) -> VK_SUCCESS
  note VK_PRESENT_MODE_IMMEDIATE_KHR is offered
  note vk info [../../mesa/src/vulkan/wsi/wsi_horizon.c:2534]: wsi_horizon: zero-copy: the swapchain images are the scanout buffers (3 images, 1280x720, swap interval 1)
  note vk info [../../mesa/src/vulkan/wsi/wsi_horizon.c:2601]: wsi_horizon: layout: stride 5120 B (1280 px), block height 32 GOBs (log2 5, 256 rows), kind 0xfe, block-linear, display GOB order yes, offset 0 B, allocation 3932160 B, scanout 3932160 B
  ok   3 images, FIFO: vkCreateSwapchainKHR(3 images) -> VK_SUCCESS
  ok   3 images, FIFO: the swapchain has 3 image(s) -> VK_SUCCESS
  ok   3 images, FIFO: vkGetSwapchainImagesKHR(list) -> VK_SUCCESS
  ok   3 images, FIFO: the acquire fence -> VK_SUCCESS
  ok   3 images, FIFO: command buffer 0 -> VK_SUCCESS
  ok   3 images, FIFO: semaphore 0 -> VK_SUCCESS
  ok   3 images, FIFO: fence 0 -> VK_SUCCESS
  ok   3 images, FIFO: command buffer 1 -> VK_SUCCESS
  ok   3 images, FIFO: semaphore 1 -> VK_SUCCESS
  ok   3 images, FIFO: fence 1 -> VK_SUCCESS
  ok   3 images, FIFO: command buffer 2 -> VK_SUCCESS
  ok   3 images, FIFO: semaphore 2 -> VK_SUCCESS
  ok   3 images, FIFO: fence 2 -> VK_SUCCESS
  ok   asking for 3 images produced 3 (3)
  ok   the swapchain reported which present path it got
  note the driver said: wsi_horizon: zero-copy: the swapchain images are the scanout buffers (3 images, 1280x720, swap interval 1)
  ok   vkCreateBuffer(0x384000) -> VK_SUCCESS
  ok   a memory type with 0x2 that the buffer accepts
  ok   vkAllocateMemory(0x384000, type 0) -> VK_SUCCESS
  ok   vkBindBufferMemory -> VK_SUCCESS
  ok   vkMapMemory -> VK_SUCCESS
  ok   vkFlushMappedMemoryRanges -> VK_SUCCESS
  note SHOWING THE PATTERN FOR TWO SECONDS, ON THE PATH THE DRIVER CHOSE BY ITSELF. What should be on screen, and what a wrong memory layout would destroy: four full-height vertical bars, red then green then blue then white, left to right; a white border 16 pixels wide all the way round; a black diagonal from the top-left corner to the bottom-right; and a yellow square just inside the top-left corner. Anything scrambled, striped or blocky means the compositor and the driver disagree about the block-linear layout
  ok   the pattern was presented 120 times -> VK_SUCCESS
  note OPERATOR: this was SHOWING 1 OF 2, and the two are not the same evidence. Say in the report whether the four bars, the border, the diagonal and the yellow corner were all there and in that order. Showing 2 comes later in the run, on the forced copy path, and needs its own separate answer
  ok   3 images, FIFO: 90 of 90 frames presented
  note 3 images, FIFO: 89 intervals, mean 16668 us, min 16047 us, max 17242 us; 89 within 10% of 16666 us; 0 longer than 1.5 refreshes
  note 3 images, FIFO: acquire mean 15760 us / max 16076 us; record+submit mean 558 us; 0 SUBOPTIMAL
  ok   3 images, FIFO: 89 of 89 intervals are within 10% of 16666 us (>= 90% needed)
  ok   90 frames were presented through 3 images, so the compositor released at least 87 of them
  note a frame's own CPU cost measured 558 us; the bursty load adds 23882 us to every odd frame, for a mean of 12499 us against a 16666 us refresh
  ok   3 images, FIFO, bursty load: 90 of 90 frames presented
  note 3 images, FIFO, bursty load: 89 intervals, mean 16844 us, min 501 us, max 33137 us; 0 within 10% of 16666 us; 45 longer than 1.5 refreshes
  note 3 images, FIFO, bursty load: acquire mean 4099 us / max 8234 us; record+submit mean 12401 us; 0 SUBOPTIMAL
  note vk info [../../mesa/src/vulkan/wsi/wsi_horizon.c:2534]: wsi_horizon: zero-copy: the swapchain images are the scanout buffers (2 images, 1280x720, swap interval 1)
  note vk info [../../mesa/src/vulkan/wsi/wsi_horizon.c:2601]: wsi_horizon: layout: stride 5120 B (1280 px), block height 32 GOBs (log2 5, 256 rows), kind 0xfe, block-linear, display GOB order yes, offset 0 B, allocation 3932160 B, scanout 3932160 B
  ok   2 images, FIFO: vkCreateSwapchainKHR(2 images) -> VK_SUCCESS
  ok   2 images, FIFO: the swapchain has 2 image(s) -> VK_SUCCESS
  ok   2 images, FIFO: vkGetSwapchainImagesKHR(list) -> VK_SUCCESS
  ok   2 images, FIFO: the acquire fence -> VK_SUCCESS
  ok   2 images, FIFO: command buffer 0 -> VK_SUCCESS
  ok   2 images, FIFO: semaphore 0 -> VK_SUCCESS
  ok   2 images, FIFO: fence 0 -> VK_SUCCESS
  ok   2 images, FIFO: command buffer 1 -> VK_SUCCESS
  ok   2 images, FIFO: semaphore 1 -> VK_SUCCESS
  ok   2 images, FIFO: fence 1 -> VK_SUCCESS
  ok   asking for 2 images produced 2 (2)
  ok   2 images, FIFO: 90 of 90 frames presented
  note 2 images, FIFO: 89 intervals, mean 16599 us, min 1056 us, max 26750 us; 87 within 10% of 16666 us; 1 longer than 1.5 refreshes
  note 2 images, FIFO: acquire mean 15802 us / max 25760 us; record+submit mean 394 us; 0 SUBOPTIMAL
  ok   2 images, FIFO, bursty load: 90 of 90 frames presented
  note 2 images, FIFO, bursty load: 89 intervals, mean 25170 us, min 9364 us, max 40822 us; 0 within 10% of 16666 us; 45 longer than 1.5 refreshes
  note 2 images, FIFO, bursty load: acquire mean 12432 us / max 16235 us; record+submit mean 12297 us; 0 SUBOPTIMAL
  note the application could hold 1 of this swapchain's 2 images at once
  ok   an acquire that cannot be satisfied within its deadline returns VK_TIMEOUT -> VK_TIMEOUT
  ok   the same acquire with a zero timeout is VK_NOT_READY rather than a timeout -> VK_NOT_READY
  ok   every image the control held was presented back (1 of 1)
  note acquiring with timeout = UINT64_MAX for 20 frames. If the driver's dequeue policy cannot get a buffer, this hangs instead of failing, and the driver says so in the log after three seconds
  ok   2 images, FIFO, infinite acquire timeout: 20 of 20 frames presented
  note 2 images, FIFO, infinite acquire timeout: 19 intervals, mean 16676 us, min 16209 us, max 17299 us; 19 within 10% of 16666 us; 0 longer than 1.5 refreshes
  note 2 images, FIFO, infinite acquire timeout: acquire mean 15617 us / max 16249 us; record+submit mean 406 us; 0 SUBOPTIMAL
  ok   no acquire returned VK_TIMEOUT with timeout = UINT64_MAX, which the specification does not permit
  note bursty load: mean interval 16844 us with 3 images, 25170 us with 2; intervals longer than 1.5 refreshes: 45 with 3, 45 with 2
  ok   under the same bursty load two images deliver the same frames at least 10% slower than three (25170 us vs 16844 us mean interval)
  ok   a swapchain over a window that already has one, with no oldSwapchain, is refused with VK_ERROR_NATIVE_WINDOW_IN_USE_KHR -> NATIVE_WINDOW_IN_USE_KHR
  ok   the refused creation left the existing swapchain able to acquire -> VK_SUCCESS
  note vk info [../../mesa/src/vulkan/wsi/wsi_horizon.c:2534]: wsi_horizon: zero-copy: the swapchain images are the scanout buffers (3 images, 1280x720, swap interval 1)
  note vk info [../../mesa/src/vulkan/wsi/wsi_horizon.c:2601]: wsi_horizon: layout: stride 5120 B (1280 px), block height 32 GOBs (log2 5, 256 rows), kind 0xfe, block-linear, display GOB order yes, offset 0 B, allocation 3932160 B, scanout 3932160 B
  ok   the second swapchain: vkCreateSwapchainKHR(3 images) -> VK_SUCCESS
  ok   the second swapchain: the swapchain has 3 image(s) -> VK_SUCCESS
  ok   the second swapchain: vkGetSwapchainImagesKHR(list) -> VK_SUCCESS
  ok   the second swapchain: the acquire fence -> VK_SUCCESS
  ok   the second swapchain: command buffer 0 -> VK_SUCCESS
  ok   the second swapchain: semaphore 0 -> VK_SUCCESS
  ok   the second swapchain: fence 0 -> VK_SUCCESS
  ok   the second swapchain: command buffer 1 -> VK_SUCCESS
  ok   the second swapchain: semaphore 1 -> VK_SUCCESS
  ok   the second swapchain: fence 1 -> VK_SUCCESS
  ok   the second swapchain: command buffer 2 -> VK_SUCCESS
  ok   the second swapchain: semaphore 2 -> VK_SUCCESS
  ok   the second swapchain: fence 2 -> VK_SUCCESS
  ok   two swapchains exist over one window at the same time
  ok   the superseded swapchain reports VK_ERROR_OUT_OF_DATE_KHR rather than presenting into buffers it no longer owns -> OUT_OF_DATE_KHR
  ok   the second swapchain, while the first still exists: 20 of 20 frames presented
  note the second swapchain, while the first still exists: 19 intervals, mean 15596 us, min 721 us, max 27931 us; 16 within 10% of 16666 us; 1 longer than 1.5 refreshes
  note the second swapchain, while the first still exists: acquire mean 14018 us / max 26527 us; record+submit mean 600 us; 0 SUBOPTIMAL
  ok   the device is idle before destroying the superseded swapchain -> VK_SUCCESS
  ok   the second swapchain, after the first is destroyed: 20 of 20 frames presented
  note the second swapchain, after the first is destroyed: 19 intervals, mean 16521 us, min 13951 us, max 17194 us; 18 within 10% of 16666 us; 0 longer than 1.5 refreshes
  note the second swapchain, after the first is destroyed: acquire mean 14932 us / max 16102 us; record+submit mean 555 us; 0 SUBOPTIMAL
  ok   destroying the superseded swapchain left the live one presenting
  ok   the device is idle before teardown -> VK_SUCCESS
  note vk info [../../mesa/src/vulkan/wsi/wsi_horizon.c:2534]: wsi_horizon: zero-copy: the swapchain images are the scanout buffers (3 images, 1280x720, swap interval 1)
  note vk info [../../mesa/src/vulkan/wsi/wsi_horizon.c:2601]: wsi_horizon: layout: stride 5120 B (1280 px), block height 32 GOBs (log2 5, 256 rows), kind 0xfe, block-linear, display GOB order yes, offset 0 B, allocation 3932160 B, scanout 3932160 B
  ok   the default path: vkCreateSwapchainKHR(3 images) -> VK_SUCCESS
  ok   the default path: the swapchain has 3 image(s) -> VK_SUCCESS
  ok   the default path: vkGetSwapchainImagesKHR(list) -> VK_SUCCESS
  ok   the default path: the acquire fence -> VK_SUCCESS
  ok   the default path: command buffer 0 -> VK_SUCCESS
  ok   the default path: semaphore 0 -> VK_SUCCESS
  ok   the default path: fence 0 -> VK_SUCCESS
  ok   the default path: command buffer 1 -> VK_SUCCESS
  ok   the default path: semaphore 1 -> VK_SUCCESS
  ok   the default path: fence 1 -> VK_SUCCESS
  ok   the default path: command buffer 2 -> VK_SUCCESS
  ok   the default path: semaphore 2 -> VK_SUCCESS
  ok   the default path: fence 2 -> VK_SUCCESS
  note with nothing forced, the driver chose: wsi_horizon: zero-copy: the swapchain images are the scanout buffers (3 images, 1280x720, swap interval 1)
  ok   the default path (zero-copy): 90 of 90 frames presented
  note the default path (zero-copy): 89 intervals, mean 16329 us, min 380 us, max 18980 us; 86 within 10% of 16666 us; 0 longer than 1.5 refreshes
  note the default path (zero-copy): acquire mean 15358 us / max 17880 us; record+submit mean 558 us; 0 SUBOPTIMAL
  note vk info [../../mesa/src/vulkan/wsi/wsi_horizon.c:2534]: wsi_horizon: copy fallback: the rendered image is copied into a framebuffer the compositor owns (3 images, 1280x720, swap interval 1)
  note vk info [../../mesa/src/vulkan/wsi/wsi_horizon.c:2539]: wsi_horizon: zero-copy was declined because MESA_VK_WSI_HORIZON_FORCE_COPY asked for it
  ok   the forced copy path: vkCreateSwapchainKHR(3 images) -> VK_SUCCESS
  ok   the forced copy path: the swapchain has 3 image(s) -> VK_SUCCESS
  ok   the forced copy path: vkGetSwapchainImagesKHR(list) -> VK_SUCCESS
  ok   the forced copy path: the acquire fence -> VK_SUCCESS
  ok   the forced copy path: command buffer 0 -> VK_SUCCESS
  ok   the forced copy path: semaphore 0 -> VK_SUCCESS
  ok   the forced copy path: fence 0 -> VK_SUCCESS
  ok   the forced copy path: command buffer 1 -> VK_SUCCESS
  ok   the forced copy path: semaphore 1 -> VK_SUCCESS
  ok   the forced copy path: fence 1 -> VK_SUCCESS
  ok   the forced copy path: command buffer 2 -> VK_SUCCESS
  ok   the forced copy path: semaphore 2 -> VK_SUCCESS
  ok   the forced copy path: fence 2 -> VK_SUCCESS
  ok   MESA_VK_WSI_HORIZON_FORCE_COPY produced the copy path, and the driver said so
  note the driver said: wsi_horizon: copy fallback: the rendered image is copied into a framebuffer the compositor owns (3 images, 1280x720, swap interval 1)
  ok   the forced copy path: 90 of 90 frames presented
  note the forced copy path: 89 intervals, mean 16639 us, min 14421 us, max 17021 us; 88 within 10% of 16666 us; 0 longer than 1.5 refreshes
  note the forced copy path: acquire mean 5 us / max 6 us; record+submit mean 579 us; 0 SUBOPTIMAL
  ok   the same application got a different present path when it asked for one: zero-copy by default, the copy fallback when forced
  note SHOWING THE PATTERN FOR TWO SECONDS, ON THE FORCED COPY PATH. This is SHOWING 2 OF 2, and it is the only layout evidence the fallback has: every other frame it presents in this test is a solid colour, which survives any layout error unchanged. Expect exactly what showing 1 expected: four full-height vertical bars, red then green then blue then white, left to right; a white border 16 pixels wide all the way round; a black diagonal from the top-left corner to the bottom-right; and a yellow square just inside
  ok   the copy path presented the pattern 120 times -> VK_SUCCESS
  note OPERATOR: answer for THIS showing separately from showing 1. If showing 1 was right and showing 2 is scrambled, striped or blocky, the fallback's layout is wrong and the zero-copy path was hiding it
  note record+submit cost per frame: 558 us on the default path, 579 us on the forced copy path
  ok   the driver tore down every object it created: nothing in this log says it could not
RESULT: PASS (125/125)
  note the run is finished; press + to exit (there is no console to show this)
