== t_vk_image ==
  ok   GetInstanceProcAddr(vkCreateInstance)
  ok   vkCreateInstance -> VK_SUCCESS
  ok   VK_EXT_debug_utils entry points resolved
  ok   vkCreateDebugUtilsMessengerEXT -> VK_SUCCESS
  ok   every entry point resolved
[horizon_gpu:I] device up: gm20b arch=0x120 impl=0xb rev=0xa1 gpc=1 tpc/gpc=2 big_page=0x20000 as_big_page=0x20000 va_bits=40
WARNING: NVK is not a conformant Vulkan implementation, testing use only.
  ok   vkEnumeratePhysicalDevices -> VK_SUCCESS, 1 device(s)
  ok   vkEnumeratePhysicalDevices(list) -> VK_SUCCESS
  note device: NVIDIA gm20b (NVK gm20b) (api 1.3.354), 2 memory type(s)
  ok   queue family count is 1
  ok   a queue family with graphics and compute
[horizon_gpu:I] channel 0x27d472d6e0: created, syncpt id=26 (live channels now 1)
[horizon_gpu:I] channel 0x27d472d6e0: up, syncpt=26 initial=3049 zcull=off
MESA: error: nvkmd_horizon: reservation [0xa14a000, 0x10a14a000) overlaps the shader local/shared memory window [0xfe000000, 0x100000000). Shader local and shared accesses go through that aperture; anything bound here will be read as locals and vice versa.
[horizon_gpu:I] channel 0x27d476d020: created, syncpt id=27 (live channels now 2)
[horizon_gpu:I] channel 0x27d476d020: up, syncpt=27 initial=16 zcull=off
  ok   vkCreateDevice -> VK_SUCCESS
  ok   vkGetDeviceQueue
  ok   vkCreateCommandPool -> VK_SUCCESS
  ok   vkCreateBuffer(0x8000) -> VK_SUCCESS
  ok   a memory type with 0x2 that the buffer accepts
  ok   vkAllocateMemory(0x8000, type 0) -> VK_SUCCESS
  ok   vkBindBufferMemory -> VK_SUCCESS
  ok   vkMapMemory -> VK_SUCCESS
  ok   optimal 64x64, two layers: image format query -> VK_SUCCESS
  ok   vkCreateImage(37, 64x64x1, 1 mip, 2 layer, optimal) -> VK_SUCCESS
  ok   a device-local memory type the image accepts
  ok   vkAllocateMemory(image, 0x8000 align 0x20000) -> VK_SUCCESS
  ok   vkBindImageMemory -> VK_SUCCESS
  note optimal 64x64, two layers: 64x64 x2 layer(s), memory 0x8000 bytes, align 0x20000
  ok   poison target is mapped
  ok   vkFlushMappedMemoryRanges -> VK_SUCCESS
  ok   vkAllocateCommandBuffers -> VK_SUCCESS
  ok   vkBeginCommandBuffer -> VK_SUCCESS
  ok   vkCreateFence(optimal 64x64, two layers) -> VK_SUCCESS
  ok   vkEndCommandBuffer -> VK_SUCCESS
  ok   vkQueueSubmit -> VK_SUCCESS
  ok   vkWaitForFences(optimal 64x64, two layers) -> VK_SUCCESS
  ok   vkInvalidateMappedMemoryRanges -> VK_SUCCESS
  FAIL optimal 64x64, two layers: 0/4096 words are 0x78563412
  note optimal 64x64, two layers: first mismatch at word 0: got 0xdeadbeef, want 0x78563412 (4096 wrong)
  FAIL layer 1 holds the second colour: 0/4096 words are 0xf0debc9a
  note layer 1 holds the second colour: first mismatch at word 0: got 0xdeadbeef, want 0xf0debc9a (4096 wrong)
  ok   optimal 67x53: image format query -> VK_SUCCESS
  ok   vkCreateImage(37, 67x53x1, 1 mip, 1 layer, optimal) -> VK_SUCCESS
  ok   a device-local memory type the image accepts
  ok   vkAllocateMemory(image, 0x5000 align 0x20000) -> VK_SUCCESS
  ok   vkBindImageMemory -> VK_SUCCESS
  note optimal 67x53: 67x53 x1 layer(s), memory 0x5000 bytes, align 0x20000
  ok   poison target is mapped
  ok   vkFlushMappedMemoryRanges -> VK_SUCCESS
  ok   vkAllocateCommandBuffers -> VK_SUCCESS
  ok   vkBeginCommandBuffer -> VK_SUCCESS
  ok   vkCreateFence(optimal 67x53) -> VK_SUCCESS
  ok   vkEndCommandBuffer -> VK_SUCCESS
[horizon_gpu:E] Kickoff failed: 0x00000d5c (notifier: 31 'MMU fault')
MESA: error: nvkmd_horizon: channel 0x27d476d020 push 0/1: 0x10a2a4000 + 0x270 bytes — inside VA 0x10a2a4000+0x10000, bound at +0x0 for 0x10000
MESA: error: nvkmd_horizon: map  VA 0x80f9000+0x1000 page 0x1000  bound +0x0 for 0x1000
MESA: error: nvkmd_horizon: map  VA 0x80fa000+0x2000000 page 0x1000  bound +0x0 for 0x10000
MESA: error: nvkmd_horizon: map  VA 0xa0fa000+0x10000 page 0x1000  bound +0x0 for 0x10000
MESA: error: nvkmd_horizon: map  VA 0xa10a000+0x20000 page 0x1000  bound +0x0 for 0x10000
MESA: error: nvkmd_horizon: map  VA 0xa10a000+0x20000 page 0x1000  bound +0x10000 for 0x10000
MESA: error: nvkmd_horizon: map  VA 0xa12a000+0x10000 page 0x1000  bound +0x0 for 0x10000
MESA: error: nvkmd_horizon: map  VA 0xa13a000+0x10000 page 0x1000  bound +0x0 for 0x10000
MESA: error: nvkmd_horizon: map  VA 0xa14a000+0x100000000 page 0x1000  (nothing bound)
MESA: error: nvkmd_horizon: map  VA 0x10a243000+0x1000 page 0x1000  bound +0x0 for 0x1000
MESA: error: nvkmd_horizon: map  VA 0x10a244000+0x10000 page 0x1000  bound +0x0 for 0x10000
MESA: error: nvkmd_horizon: map  VA 0x10a254000+0x20000 page 0x1000  bound +0x0 for 0x20000
MESA: error: nvkmd_horizon: map  VA 0x10a294000+0x10000 page 0x1000  bound +0x0 for 0x10000
MESA: error: nvkmd_horizon: map  VA 0x10a274000+0x20000 page 0x1000  bound +0x0 for 0x20000
MESA: error: nvkmd_horizon: map  VA 0x400000000+0x20000 page 0x20000  bound +0x0 for 0x20000
MESA: error: nvkmd_horizon: map  VA 0x10a2a4000+0x10000 page 0x1000  bound +0x0 for 0x10000
MESA: error: nvkmd_horizon: map  14 reservation(s), all shown
  note vk warning [../../mesa/src/nouveau/vulkan/nvkmd/horizon/nvkmd_horizon_ctx.c:204]: horizon_gpu_submit(1 spans) on channel 0x27d476d020 failed: status 4, nv 0x00000d5c (VK_ERROR_UNKNOWN)
  FAIL vkQueueSubmit -> DEVICE_LOST
  ok   linear 64x64: image format query -> FORMAT_NOT_SUPPORTED
  note linear 64x64: the driver does not support this image configuration; skipped, not failed
  note vk warning [../../mesa/src/nouveau/vulkan/nvkmd/horizon/nvkmd_horizon_sync.c:386]: horizon_gpu_channel_wait_fence(27, 19) failed: status 8, nv 0x00000000 (VK_ERROR_DEVICE_LOST)
RESULT: FAIL (43/46)
