== t_vk_immediate ==
  note horizon-build-id 2026-08-10T16:05:07.826Z d0f3229-dirty mesa:a2ec08a
  note this test owns the display: no console was started, and this file is the whole record
  ok   GetInstanceProcAddr(vkCreateInstance)
  ok   instance extension list fits (3 asked for)
  ok   instance extension list fits (3 asked for)
  ok   vkCreateInstance -> VK_SUCCESS
  ok   VK_EXT_debug_utils entry points resolved
  ok   vkCreateDebugUtilsMessengerEXT -> VK_SUCCESS
  ok   every entry point resolved
[horizon_gpu:I] device up: gm20b arch=0x120 impl=0xb rev=0xa1 gpc=1 tpc/gpc=2 big_page=0x20000 as_big_page=0x20000 va_bits=40
WARNING: NVK is not a conformant Vulkan implementation, testing use only.
  ok   vkEnumeratePhysicalDevices -> VK_SUCCESS, 1 device(s)
  ok   vkEnumeratePhysicalDevices(list) -> VK_SUCCESS
  note device: NVIDIA gm20b (NVK gm20b) (api 1.3.354), 2 memory type(s)
  ok   queue family count is 1
  ok   a queue family with graphics and compute
[horizon_gpu:I] channel 0x58175b82a0: created, syncpt id=26 (live channels now 1)
[horizon_gpu:I] channel 0x58175b82a0: up, syncpt=26 initial=556411 zcull=off
[horizon_gpu:I] channel 0x5817609010: created, syncpt id=27 (live channels now 2)
[horizon_gpu:I] channel 0x5817609010: up, syncpt=27 initial=30414 zcull=off
  ok   vkCreateDevice -> VK_SUCCESS
  ok   vkGetDeviceQueue
  ok   vkCreateCommandPool -> VK_SUCCESS
  ok   every window-system entry point resolved
  ok   nwindowGetDefault() returned a valid window
  ok   vkCreateViSurfaceNN over the default window -> VK_SUCCESS
  ok   surface capabilities -> VK_SUCCESS
  note the surface is 1280x720, image count 2..4; operation mode 0 (0 handheld, 1 docked)
  ok   the surface's currentExtent is a real size
  ok   A: the surface offers 2 present mode(s) -> VK_SUCCESS
  ok   A: the present-mode list -> VK_SUCCESS
  note A: present mode 0: FIFO (2)
  note A: present mode 1: IMMEDIATE (0)
  ok   A: VK_PRESENT_MODE_FIFO_KHR is offered
  ok   A: VK_PRESENT_MODE_IMMEDIATE_KHR is offered
  note vk info [../../mesa/src/vulkan/wsi/wsi_horizon.c:2395]: wsi_horizon: zero-copy: the swapchain images are the scanout buffers (3 images, 1280x720, swap interval 0)
  note vk info [../../mesa/src/vulkan/wsi/wsi_horizon.c:2462]: wsi_horizon: layout: stride 5120 B (1280 px), block height 32 GOBs (log2 5, 256 rows), kind 0xfe, block-linear, display GOB order yes, offset 0 B, allocation 3932160 B, scanout 3932160 B
  ok   A: IMMEDIATE, 2 asked: vkCreateSwapchainKHR(IMMEDIATE, minImageCount 2, 1280x720) -> VK_SUCCESS
  ok   A: IMMEDIATE, 2 asked: the swapchain has 3 image(s) -> VK_SUCCESS
  ok   A: IMMEDIATE, 2 asked: vkGetSwapchainImagesKHR(list) -> VK_SUCCESS
  ok   A: IMMEDIATE, 2 asked: acquire fence 0 -> VK_SUCCESS
  ok   A: IMMEDIATE, 2 asked: acquire fence 1 -> VK_SUCCESS
  ok   A: IMMEDIATE, 2 asked: acquire fence 2 -> VK_SUCCESS
  ok   A: IMMEDIATE, 2 asked: acquire fence 3 -> VK_SUCCESS
  ok   A: IMMEDIATE, 2 asked: command buffer 0 -> VK_SUCCESS
  ok   A: IMMEDIATE, 2 asked: semaphore 0 -> VK_SUCCESS
  ok   A: IMMEDIATE, 2 asked: fence 0 -> VK_SUCCESS
  ok   A: IMMEDIATE, 2 asked: command buffer 1 -> VK_SUCCESS
  ok   A: IMMEDIATE, 2 asked: semaphore 1 -> VK_SUCCESS
  ok   A: IMMEDIATE, 2 asked: fence 1 -> VK_SUCCESS
  ok   A: IMMEDIATE, 2 asked: command buffer 2 -> VK_SUCCESS
  ok   A: IMMEDIATE, 2 asked: semaphore 2 -> VK_SUCCESS
  ok   A: IMMEDIATE, 2 asked: fence 2 -> VK_SUCCESS
  note A: IMMEDIATE, 2 asked: IMMEDIATE, 3 image(s) for a request of 2, zero-copy, swap interval 0
  ok   A: IMMEDIATE, 2 asked: got 3 image(s), needed at least 3
  ok   A: IMMEDIATE, 2 asked: the driver reported which swap interval it registered
  ok   A: IMMEDIATE, 2 asked: swap interval 0, which is what IMMEDIATE means here
  ok   A: IMMEDIATE, 2 asked: three or more buffers are registered, which is what makes interval 0 reach the compositor
  ok   A: IMMEDIATE, 2 asked: idle before teardown -> VK_SUCCESS
  note vk info [../../mesa/src/vulkan/wsi/wsi_horizon.c:2395]: wsi_horizon: zero-copy: the swapchain images are the scanout buffers (3 images, 1280x720, swap interval 0)
  note vk info [../../mesa/src/vulkan/wsi/wsi_horizon.c:2462]: wsi_horizon: layout: stride 5120 B (1280 px), block height 32 GOBs (log2 5, 256 rows), kind 0xfe, block-linear, display GOB order yes, offset 0 B, allocation 3932160 B, scanout 3932160 B
  ok   A: IMMEDIATE, 3 asked: vkCreateSwapchainKHR(IMMEDIATE, minImageCount 3, 1280x720) -> VK_SUCCESS
  ok   A: IMMEDIATE, 3 asked: the swapchain has 3 image(s) -> VK_SUCCESS
  ok   A: IMMEDIATE, 3 asked: vkGetSwapchainImagesKHR(list) -> VK_SUCCESS
  ok   A: IMMEDIATE, 3 asked: acquire fence 0 -> VK_SUCCESS
  ok   A: IMMEDIATE, 3 asked: acquire fence 1 -> VK_SUCCESS
  ok   A: IMMEDIATE, 3 asked: acquire fence 2 -> VK_SUCCESS
  ok   A: IMMEDIATE, 3 asked: acquire fence 3 -> VK_SUCCESS
  ok   A: IMMEDIATE, 3 asked: command buffer 0 -> VK_SUCCESS
  ok   A: IMMEDIATE, 3 asked: semaphore 0 -> VK_SUCCESS
  ok   A: IMMEDIATE, 3 asked: fence 0 -> VK_SUCCESS
  ok   A: IMMEDIATE, 3 asked: command buffer 1 -> VK_SUCCESS
  ok   A: IMMEDIATE, 3 asked: semaphore 1 -> VK_SUCCESS
  ok   A: IMMEDIATE, 3 asked: fence 1 -> VK_SUCCESS
  ok   A: IMMEDIATE, 3 asked: command buffer 2 -> VK_SUCCESS
  ok   A: IMMEDIATE, 3 asked: semaphore 2 -> VK_SUCCESS
  ok   A: IMMEDIATE, 3 asked: fence 2 -> VK_SUCCESS
  note A: IMMEDIATE, 3 asked: IMMEDIATE, 3 image(s) for a request of 3, zero-copy, swap interval 0
  ok   A: IMMEDIATE, 3 asked: got 3 image(s), needed exactly 3
  ok   A: IMMEDIATE, 3 asked: the driver reported which swap interval it registered
  ok   A: IMMEDIATE, 3 asked: swap interval 0, which is what IMMEDIATE means here
  ok   A: IMMEDIATE, 3 asked: three or more buffers are registered, which is what makes interval 0 reach the compositor
  ok   A: IMMEDIATE, 3 asked: idle before teardown -> VK_SUCCESS
  note vk info [../../mesa/src/vulkan/wsi/wsi_horizon.c:2395]: wsi_horizon: zero-copy: the swapchain images are the scanout buffers (4 images, 1280x720, swap interval 0)
  note vk info [../../mesa/src/vulkan/wsi/wsi_horizon.c:2462]: wsi_horizon: layout: stride 5120 B (1280 px), block height 32 GOBs (log2 5, 256 rows), kind 0xfe, block-linear, display GOB order yes, offset 0 B, allocation 3932160 B, scanout 3932160 B
  ok   A: IMMEDIATE, 4 asked: vkCreateSwapchainKHR(IMMEDIATE, minImageCount 4, 1280x720) -> VK_SUCCESS
  ok   A: IMMEDIATE, 4 asked: the swapchain has 4 image(s) -> VK_SUCCESS
  ok   A: IMMEDIATE, 4 asked: vkGetSwapchainImagesKHR(list) -> VK_SUCCESS
  ok   A: IMMEDIATE, 4 asked: acquire fence 0 -> VK_SUCCESS
  ok   A: IMMEDIATE, 4 asked: acquire fence 1 -> VK_SUCCESS
  ok   A: IMMEDIATE, 4 asked: acquire fence 2 -> VK_SUCCESS
  ok   A: IMMEDIATE, 4 asked: acquire fence 3 -> VK_SUCCESS
  ok   A: IMMEDIATE, 4 asked: command buffer 0 -> VK_SUCCESS
  ok   A: IMMEDIATE, 4 asked: semaphore 0 -> VK_SUCCESS
  ok   A: IMMEDIATE, 4 asked: fence 0 -> VK_SUCCESS
  ok   A: IMMEDIATE, 4 asked: command buffer 1 -> VK_SUCCESS
  ok   A: IMMEDIATE, 4 asked: semaphore 1 -> VK_SUCCESS
  ok   A: IMMEDIATE, 4 asked: fence 1 -> VK_SUCCESS
  ok   A: IMMEDIATE, 4 asked: command buffer 2 -> VK_SUCCESS
  ok   A: IMMEDIATE, 4 asked: semaphore 2 -> VK_SUCCESS
  ok   A: IMMEDIATE, 4 asked: fence 2 -> VK_SUCCESS
  ok   A: IMMEDIATE, 4 asked: command buffer 3 -> VK_SUCCESS
  ok   A: IMMEDIATE, 4 asked: semaphore 3 -> VK_SUCCESS
  ok   A: IMMEDIATE, 4 asked: fence 3 -> VK_SUCCESS
  note A: IMMEDIATE, 4 asked: IMMEDIATE, 4 image(s) for a request of 4, zero-copy, swap interval 0
  ok   A: IMMEDIATE, 4 asked: got 4 image(s), needed exactly 4
  ok   A: IMMEDIATE, 4 asked: the driver reported which swap interval it registered
  ok   A: IMMEDIATE, 4 asked: swap interval 0, which is what IMMEDIATE means here
  ok   A: IMMEDIATE, 4 asked: three or more buffers are registered, which is what makes interval 0 reach the compositor
  ok   A: IMMEDIATE, 4 asked: idle before teardown -> VK_SUCCESS
  note vk info [../../mesa/src/vulkan/wsi/wsi_horizon.c:2395]: wsi_horizon: zero-copy: the swapchain images are the scanout buffers (2 images, 1280x720, swap interval 1)
  note vk info [../../mesa/src/vulkan/wsi/wsi_horizon.c:2462]: wsi_horizon: layout: stride 5120 B (1280 px), block height 32 GOBs (log2 5, 256 rows), kind 0xfe, block-linear, display GOB order yes, offset 0 B, allocation 3932160 B, scanout 3932160 B
  ok   A: FIFO, 2 asked: vkCreateSwapchainKHR(FIFO, minImageCount 2, 1280x720) -> VK_SUCCESS
  ok   A: FIFO, 2 asked: the swapchain has 2 image(s) -> VK_SUCCESS
  ok   A: FIFO, 2 asked: vkGetSwapchainImagesKHR(list) -> VK_SUCCESS
  ok   A: FIFO, 2 asked: acquire fence 0 -> VK_SUCCESS
  ok   A: FIFO, 2 asked: acquire fence 1 -> VK_SUCCESS
  ok   A: FIFO, 2 asked: acquire fence 2 -> VK_SUCCESS
  ok   A: FIFO, 2 asked: acquire fence 3 -> VK_SUCCESS
  ok   A: FIFO, 2 asked: command buffer 0 -> VK_SUCCESS
  ok   A: FIFO, 2 asked: semaphore 0 -> VK_SUCCESS
  ok   A: FIFO, 2 asked: fence 0 -> VK_SUCCESS
  ok   A: FIFO, 2 asked: command buffer 1 -> VK_SUCCESS
  ok   A: FIFO, 2 asked: semaphore 1 -> VK_SUCCESS
  ok   A: FIFO, 2 asked: fence 1 -> VK_SUCCESS
  note A: FIFO, 2 asked: FIFO, 2 image(s) for a request of 2, zero-copy, swap interval 1
  ok   A: FIFO, 2 asked: got 2 image(s), needed exactly 2
  ok   A: FIFO, 2 asked: the driver reported which swap interval it registered
  ok   A: FIFO, 2 asked: swap interval 1, which is what FIFO means here
  ok   A: FIFO, 2 asked: idle before teardown -> VK_SUCCESS
  note vk info [../../mesa/src/vulkan/wsi/wsi_horizon.c:2395]: wsi_horizon: zero-copy: the swapchain images are the scanout buffers (3 images, 1280x720, swap interval 1)
  note vk info [../../mesa/src/vulkan/wsi/wsi_horizon.c:2462]: wsi_horizon: layout: stride 5120 B (1280 px), block height 32 GOBs (log2 5, 256 rows), kind 0xfe, block-linear, display GOB order yes, offset 0 B, allocation 3932160 B, scanout 3932160 B
  ok   B: FIFO, 3 images (before): vkCreateSwapchainKHR(FIFO, minImageCount 3, 1280x720) -> VK_SUCCESS
  ok   B: FIFO, 3 images (before): the swapchain has 3 image(s) -> VK_SUCCESS
  ok   B: FIFO, 3 images (before): vkGetSwapchainImagesKHR(list) -> VK_SUCCESS
  ok   B: FIFO, 3 images (before): acquire fence 0 -> VK_SUCCESS
  ok   B: FIFO, 3 images (before): acquire fence 1 -> VK_SUCCESS
  ok   B: FIFO, 3 images (before): acquire fence 2 -> VK_SUCCESS
  ok   B: FIFO, 3 images (before): acquire fence 3 -> VK_SUCCESS
  ok   B: FIFO, 3 images (before): command buffer 0 -> VK_SUCCESS
  ok   B: FIFO, 3 images (before): semaphore 0 -> VK_SUCCESS
  ok   B: FIFO, 3 images (before): fence 0 -> VK_SUCCESS
  ok   B: FIFO, 3 images (before): command buffer 1 -> VK_SUCCESS
  ok   B: FIFO, 3 images (before): semaphore 1 -> VK_SUCCESS
  ok   B: FIFO, 3 images (before): fence 1 -> VK_SUCCESS
  ok   B: FIFO, 3 images (before): command buffer 2 -> VK_SUCCESS
  ok   B: FIFO, 3 images (before): semaphore 2 -> VK_SUCCESS
  ok   B: FIFO, 3 images (before): fence 2 -> VK_SUCCESS
  note B: FIFO, 3 images (before): FIFO, 3 image(s) for a request of 3, zero-copy, swap interval 1
  ok   B: FIFO, 3 images (before): the driver registered swap interval 1, which is what FIFO means here
  ok   B: FIFO, 3 images (before): 240 of 240 frames presented
  note B: FIFO, 3 images (before) [FIFO, 3 images]: mean 16577 us (min 713, max 26757), 2 of 239 intervals under half a refresh (0 of 237 once the queue is full), 125 under a refresh, 236 within 10% of one; acquire mean 15685 us (max 25399), present mean 243 us (min 105, max 394); 0 SUBOPTIMAL
  ok   B: FIFO, 3 images (before): every one of the 3 images was acquired at least once (mask 0x7, longest run of one index 1)
  ok   B: FIFO, 3 images (before): FIFO is paced at the refresh — 236 of 239 intervals within 10% of 16666 us (>= 90% needed)
  ok   B: FIFO, 3 images (before): once the queue was full FIFO produced no interval shorter than half a refresh (0 of 237; 2 of the first 3 frames went out early, which is the queue filling)
  ok   B: FIFO, 3 images (before): the queue and device went idle -> VK_SUCCESS
  note vk info [../../mesa/src/vulkan/wsi/wsi_horizon.c:2395]: wsi_horizon: zero-copy: the swapchain images are the scanout buffers (3 images, 1280x720, swap interval 0)
  note vk info [../../mesa/src/vulkan/wsi/wsi_horizon.c:2462]: wsi_horizon: layout: stride 5120 B (1280 px), block height 32 GOBs (log2 5, 256 rows), kind 0xfe, block-linear, display GOB order yes, offset 0 B, allocation 3932160 B, scanout 3932160 B
  ok   B: IMMEDIATE, 3 images: vkCreateSwapchainKHR(IMMEDIATE, minImageCount 3, 1280x720) -> VK_SUCCESS
  ok   B: IMMEDIATE, 3 images: the swapchain has 3 image(s) -> VK_SUCCESS
  ok   B: IMMEDIATE, 3 images: vkGetSwapchainImagesKHR(list) -> VK_SUCCESS
  ok   B: IMMEDIATE, 3 images: acquire fence 0 -> VK_SUCCESS
  ok   B: IMMEDIATE, 3 images: acquire fence 1 -> VK_SUCCESS
  ok   B: IMMEDIATE, 3 images: acquire fence 2 -> VK_SUCCESS
  ok   B: IMMEDIATE, 3 images: acquire fence 3 -> VK_SUCCESS
  ok   B: IMMEDIATE, 3 images: command buffer 0 -> VK_SUCCESS
  ok   B: IMMEDIATE, 3 images: semaphore 0 -> VK_SUCCESS
  ok   B: IMMEDIATE, 3 images: fence 0 -> VK_SUCCESS
  ok   B: IMMEDIATE, 3 images: command buffer 1 -> VK_SUCCESS
  ok   B: IMMEDIATE, 3 images: semaphore 1 -> VK_SUCCESS
  ok   B: IMMEDIATE, 3 images: fence 1 -> VK_SUCCESS
  ok   B: IMMEDIATE, 3 images: command buffer 2 -> VK_SUCCESS
  ok   B: IMMEDIATE, 3 images: semaphore 2 -> VK_SUCCESS
  ok   B: IMMEDIATE, 3 images: fence 2 -> VK_SUCCESS
  note B: IMMEDIATE, 3 images: IMMEDIATE, 3 image(s) for a request of 3, zero-copy, swap interval 0
  ok   B: IMMEDIATE, 3 images: the driver registered swap interval 0, which is what IMMEDIATE means here
  ok   B: IMMEDIATE, 3 images: 240 of 240 frames presented
  note B: IMMEDIATE, 3 images [IMMEDIATE, 3 images]: mean 8264 us (min 537, max 16525), 121 of 239 intervals under half a refresh (119 of 237 once the queue is full), 239 under a refresh, 118 within 10% of one; acquire mean 7571 us (max 15473), present mean 219 us (min 106, max 654); 0 SUBOPTIMAL
  ok   B: IMMEDIATE, 3 images: every one of the 3 images was acquired at least once (mask 0x7, longest run of one index 1)
  ok   B: IMMEDIATE, 3 images: IMMEDIATE is not paced at the refresh — mean 8264 us, must be at most 12499 us (3/4 of a refresh)
  ok   B: IMMEDIATE, 3 images: IMMEDIATE presents the same frames faster than FIFO did in this run — 8264 us against 16577 us, must be at most 3/4 of it
  ok   B: IMMEDIATE, 3 images: frames keep arriving faster than a vertical blank can carry them, with the queue full — 119 of 237 intervals under half a refresh (>= 1/4 needed)
  ok   B: IMMEDIATE, 3 images: the queue and device went idle -> VK_SUCCESS
  note vk info [../../mesa/src/vulkan/wsi/wsi_horizon.c:2395]: wsi_horizon: zero-copy: the swapchain images are the scanout buffers (3 images, 1280x720, swap interval 1)
  note vk info [../../mesa/src/vulkan/wsi/wsi_horizon.c:2462]: wsi_horizon: layout: stride 5120 B (1280 px), block height 32 GOBs (log2 5, 256 rows), kind 0xfe, block-linear, display GOB order yes, offset 0 B, allocation 3932160 B, scanout 3932160 B
  ok   B: FIFO, 3 images (after): vkCreateSwapchainKHR(FIFO, minImageCount 3, 1280x720) -> VK_SUCCESS
  ok   B: FIFO, 3 images (after): the swapchain has 3 image(s) -> VK_SUCCESS
  ok   B: FIFO, 3 images (after): vkGetSwapchainImagesKHR(list) -> VK_SUCCESS
  ok   B: FIFO, 3 images (after): acquire fence 0 -> VK_SUCCESS
  ok   B: FIFO, 3 images (after): acquire fence 1 -> VK_SUCCESS
  ok   B: FIFO, 3 images (after): acquire fence 2 -> VK_SUCCESS
  ok   B: FIFO, 3 images (after): acquire fence 3 -> VK_SUCCESS
  ok   B: FIFO, 3 images (after): command buffer 0 -> VK_SUCCESS
  ok   B: FIFO, 3 images (after): semaphore 0 -> VK_SUCCESS
  ok   B: FIFO, 3 images (after): fence 0 -> VK_SUCCESS
  ok   B: FIFO, 3 images (after): command buffer 1 -> VK_SUCCESS
  ok   B: FIFO, 3 images (after): semaphore 1 -> VK_SUCCESS
  ok   B: FIFO, 3 images (after): fence 1 -> VK_SUCCESS
  ok   B: FIFO, 3 images (after): command buffer 2 -> VK_SUCCESS
  ok   B: FIFO, 3 images (after): semaphore 2 -> VK_SUCCESS
  ok   B: FIFO, 3 images (after): fence 2 -> VK_SUCCESS
  note B: FIFO, 3 images (after): FIFO, 3 image(s) for a request of 3, zero-copy, swap interval 1
  ok   B: FIFO, 3 images (after): the driver registered swap interval 1, which is what FIFO means here
  ok   B: FIFO, 3 images (after): 240 of 240 frames presented
  note B: FIFO, 3 images (after) [FIFO, 3 images]: mean 16538 us (min 1242, max 17276), 2 of 239 intervals under half a refresh (0 of 237 once the queue is full), 125 under a refresh, 237 within 10% of one; acquire mean 15635 us (max 16068), present mean 248 us (min 125, max 427); 0 SUBOPTIMAL
  ok   B: FIFO, 3 images (after): every one of the 3 images was acquired at least once (mask 0x7, longest run of one index 1)
  ok   B: FIFO, 3 images (after): FIFO is paced at the refresh — 237 of 239 intervals within 10% of 16666 us (>= 90% needed)
  ok   B: FIFO, 3 images (after): once the queue was full FIFO produced no interval shorter than half a refresh (0 of 237; 2 of the first 3 frames went out early, which is the queue filling)
  ok   B: FIFO, 3 images (after): the queue and device went idle -> VK_SUCCESS
  ok   B: the two FIFO runs agree within 10% (16577 us and 16538 us), so the IMMEDIATE run between them is comparable with both
  ok   B: IMMEDIATE also beats the FIFO run taken after it (8264 us against 16538 us)
  note B: THE NUMBER — 240 frames at interval 1 took a mean of 16577 us each and at interval 0 a mean of 8264 us; with the queue full, 119 of 237 IMMEDIATE intervals were shorter than half a refresh, against 0 of 237 under FIFO
  note vk info [../../mesa/src/vulkan/wsi/wsi_horizon.c:2395]: wsi_horizon: zero-copy: the swapchain images are the scanout buffers (3 images, 1280x720, swap interval 0)
  note vk info [../../mesa/src/vulkan/wsi/wsi_horizon.c:2462]: wsi_horizon: layout: stride 5120 B (1280 px), block height 32 GOBs (log2 5, 256 rows), kind 0xfe, block-linear, display GOB order yes, offset 0 B, allocation 3932160 B, scanout 3932160 B
  ok   C: IMMEDIATE, 2 asked for: vkCreateSwapchainKHR(IMMEDIATE, minImageCount 2, 1280x720) -> VK_SUCCESS
  ok   C: IMMEDIATE, 2 asked for: the swapchain has 3 image(s) -> VK_SUCCESS
  ok   C: IMMEDIATE, 2 asked for: vkGetSwapchainImagesKHR(list) -> VK_SUCCESS
  ok   C: IMMEDIATE, 2 asked for: acquire fence 0 -> VK_SUCCESS
  ok   C: IMMEDIATE, 2 asked for: acquire fence 1 -> VK_SUCCESS
  ok   C: IMMEDIATE, 2 asked for: acquire fence 2 -> VK_SUCCESS
  ok   C: IMMEDIATE, 2 asked for: acquire fence 3 -> VK_SUCCESS
  ok   C: IMMEDIATE, 2 asked for: command buffer 0 -> VK_SUCCESS
  ok   C: IMMEDIATE, 2 asked for: semaphore 0 -> VK_SUCCESS
  ok   C: IMMEDIATE, 2 asked for: fence 0 -> VK_SUCCESS
  ok   C: IMMEDIATE, 2 asked for: command buffer 1 -> VK_SUCCESS
  ok   C: IMMEDIATE, 2 asked for: semaphore 1 -> VK_SUCCESS
  ok   C: IMMEDIATE, 2 asked for: fence 1 -> VK_SUCCESS
  ok   C: IMMEDIATE, 2 asked for: command buffer 2 -> VK_SUCCESS
  ok   C: IMMEDIATE, 2 asked for: semaphore 2 -> VK_SUCCESS
  ok   C: IMMEDIATE, 2 asked for: fence 2 -> VK_SUCCESS
  note C: IMMEDIATE, 2 asked for: IMMEDIATE, 3 image(s) for a request of 2, zero-copy, swap interval 0
  ok   C: IMMEDIATE, 2 asked for: the driver registered swap interval 0, which is what IMMEDIATE means here
  ok   C: IMMEDIATE, 2 asked for: 240 of 240 frames presented
  note C: IMMEDIATE, 2 asked for [IMMEDIATE, 3 images]: mean 8274 us (min 561, max 16610), 120 of 239 intervals under half a refresh (118 of 237 once the queue is full), 239 under a refresh, 118 within 10% of one; acquire mean 7585 us (max 15488), present mean 216 us (min 128, max 617); 0 SUBOPTIMAL
  ok   C: IMMEDIATE, 2 asked for: every one of the 3 images was acquired at least once (mask 0x7, longest run of one index 1)
  ok   C: IMMEDIATE, 2 asked for: IMMEDIATE is not paced at the refresh — mean 8274 us, must be at most 12499 us (3/4 of a refresh)
  ok   C: IMMEDIATE, 2 asked for: IMMEDIATE presents the same frames faster than FIFO did in this run — 8274 us against 16577 us, must be at most 3/4 of it
  ok   C: IMMEDIATE, 2 asked for: frames keep arriving faster than a vertical blank can carry them, with the queue full — 118 of 237 intervals under half a refresh (>= 1/4 needed)
  ok   C: IMMEDIATE, 2 asked for: the queue and device went idle -> VK_SUCCESS
  note vk info [../../mesa/src/vulkan/wsi/wsi_horizon.c:2395]: wsi_horizon: zero-copy: the swapchain images are the scanout buffers (2 images, 1280x720, swap interval 1)
  note vk info [../../mesa/src/vulkan/wsi/wsi_horizon.c:2462]: wsi_horizon: layout: stride 5120 B (1280 px), block height 32 GOBs (log2 5, 256 rows), kind 0xfe, block-linear, display GOB order yes, offset 0 B, allocation 3932160 B, scanout 3932160 B
  ok   C: FIFO, 2 images: vkCreateSwapchainKHR(FIFO, minImageCount 2, 1280x720) -> VK_SUCCESS
  ok   C: FIFO, 2 images: the swapchain has 2 image(s) -> VK_SUCCESS
  ok   C: FIFO, 2 images: vkGetSwapchainImagesKHR(list) -> VK_SUCCESS
  ok   C: FIFO, 2 images: acquire fence 0 -> VK_SUCCESS
  ok   C: FIFO, 2 images: acquire fence 1 -> VK_SUCCESS
  ok   C: FIFO, 2 images: acquire fence 2 -> VK_SUCCESS
  ok   C: FIFO, 2 images: acquire fence 3 -> VK_SUCCESS
  ok   C: FIFO, 2 images: command buffer 0 -> VK_SUCCESS
  ok   C: FIFO, 2 images: semaphore 0 -> VK_SUCCESS
  ok   C: FIFO, 2 images: fence 0 -> VK_SUCCESS
  ok   C: FIFO, 2 images: command buffer 1 -> VK_SUCCESS
  ok   C: FIFO, 2 images: semaphore 1 -> VK_SUCCESS
  ok   C: FIFO, 2 images: fence 1 -> VK_SUCCESS
  note C: FIFO, 2 images: FIFO, 2 image(s) for a request of 2, zero-copy, swap interval 1
  ok   C: FIFO, 2 images: the driver registered swap interval 1, which is what FIFO means here
  ok   C: FIFO, 2 images: 240 of 240 frames presented
  note C: FIFO, 2 images [FIFO, 2 images]: mean 16614 us (min 1225, max 20003), 1 of 239 intervals under half a refresh (0 of 238 once the queue is full), 118 under a refresh, 237 within 10% of one; acquire mean 15895 us (max 19194), present mean 240 us (min 131, max 590); 0 SUBOPTIMAL
  ok   C: FIFO, 2 images: every one of the 2 images was acquired at least once (mask 0x3, longest run of one index 1)
  ok   C: FIFO, 2 images: FIFO is paced at the refresh — 237 of 239 intervals within 10% of 16666 us (>= 90% needed)
  ok   C: FIFO, 2 images: once the queue was full FIFO produced no interval shorter than half a refresh (0 of 238; 1 of the first 2 frames went out early, which is the queue filling)
  ok   C: FIFO, 2 images: the queue and device went idle -> VK_SUCCESS
  note vk info [../../mesa/src/vulkan/wsi/wsi_horizon.c:2395]: wsi_horizon: zero-copy: the swapchain images are the scanout buffers (3 images, 1280x720, swap interval 0)
  note vk info [../../mesa/src/vulkan/wsi/wsi_horizon.c:2462]: wsi_horizon: layout: stride 5120 B (1280 px), block height 32 GOBs (log2 5, 256 rows), kind 0xfe, block-linear, display GOB order yes, offset 0 B, allocation 3932160 B, scanout 3932160 B
  ok   D: IMMEDIATE, several images held at once: vkCreateSwapchainKHR(IMMEDIATE, minImageCount 3, 1280x720) -> VK_SUCCESS
  ok   D: IMMEDIATE, several images held at once: the swapchain has 3 image(s) -> VK_SUCCESS
  ok   D: IMMEDIATE, several images held at once: vkGetSwapchainImagesKHR(list) -> VK_SUCCESS
  ok   D: IMMEDIATE, several images held at once: acquire fence 0 -> VK_SUCCESS
  ok   D: IMMEDIATE, several images held at once: acquire fence 1 -> VK_SUCCESS
  ok   D: IMMEDIATE, several images held at once: acquire fence 2 -> VK_SUCCESS
  ok   D: IMMEDIATE, several images held at once: acquire fence 3 -> VK_SUCCESS
  ok   D: IMMEDIATE, several images held at once: command buffer 0 -> VK_SUCCESS
  ok   D: IMMEDIATE, several images held at once: semaphore 0 -> VK_SUCCESS
  ok   D: IMMEDIATE, several images held at once: fence 0 -> VK_SUCCESS
  ok   D: IMMEDIATE, several images held at once: command buffer 1 -> VK_SUCCESS
  ok   D: IMMEDIATE, several images held at once: semaphore 1 -> VK_SUCCESS
  ok   D: IMMEDIATE, several images held at once: fence 1 -> VK_SUCCESS
  ok   D: IMMEDIATE, several images held at once: command buffer 2 -> VK_SUCCESS
  ok   D: IMMEDIATE, several images held at once: semaphore 2 -> VK_SUCCESS
  ok   D: IMMEDIATE, several images held at once: fence 2 -> VK_SUCCESS
  note D: IMMEDIATE, several images held at once: IMMEDIATE, 3 image(s) for a request of 3, zero-copy, swap interval 0
  ok   D: IMMEDIATE, several images held at once: the acquire fence for image 1 -> VK_SUCCESS
  ok   D: IMMEDIATE, several images held at once: the acquire fence for image 2 -> VK_SUCCESS
  ok   D: IMMEDIATE, several images held at once: 2 of 2 images acquired without presenting any of them
  ok   D: IMMEDIATE, several images held at once: no image was handed over twice while it was held
  ok   D: IMMEDIATE, several images held at once: recording image 0 -> VK_SUCCESS
  ok   D: IMMEDIATE, several images held at once: recording image 1 -> VK_SUCCESS
  ok   D: IMMEDIATE, several images held at once: all 2 held images went back to the compositor
  ok   D: after the held images went back: 60 of 60 frames presented
  note D: after the held images went back [IMMEDIATE, 3 images]: mean 8197 us (min 615, max 16562), 30 of 59 intervals under half a refresh (29 of 57 once the queue is full), 59 under a refresh, 29 within 10% of one; acquire mean 7515 us (max 15502), present mean 210 us (min 107, max 465); 0 SUBOPTIMAL
  ok   D: after the held images went back: every one of the 3 images was acquired at least once (mask 0x7, longest run of one index 1)
  ok   D: after the held images went back: IMMEDIATE is not paced at the refresh — mean 8197 us, must be at most 12499 us (3/4 of a refresh)
  ok   D: after the held images went back: IMMEDIATE presents the same frames faster than FIFO did in this run — 8197 us against 16577 us, must be at most 3/4 of it
  ok   D: after the held images went back: frames keep arriving faster than a vertical blank can carry them, with the queue full — 29 of 57 intervals under half a refresh (>= 1/4 needed)
  ok   D: IMMEDIATE, several images held at once: idle before teardown -> VK_SUCCESS
  note vk info [../../mesa/src/vulkan/wsi/wsi_horizon.c:2395]: wsi_horizon: zero-copy: the swapchain images are the scanout buffers (3 images, 1280x720, swap interval 0)
  note vk info [../../mesa/src/vulkan/wsi/wsi_horizon.c:2462]: wsi_horizon: layout: stride 5120 B (1280 px), block height 32 GOBs (log2 5, 256 rows), kind 0xfe, block-linear, display GOB order yes, offset 0 B, allocation 3932160 B, scanout 3932160 B
  ok   E: generation 0 (IMMEDIATE): vkCreateSwapchainKHR(IMMEDIATE, minImageCount 3, 1280x720) -> VK_SUCCESS
  ok   E: generation 0 (IMMEDIATE): the swapchain has 3 image(s) -> VK_SUCCESS
  ok   E: generation 0 (IMMEDIATE): vkGetSwapchainImagesKHR(list) -> VK_SUCCESS
  ok   E: generation 0 (IMMEDIATE): acquire fence 0 -> VK_SUCCESS
  ok   E: generation 0 (IMMEDIATE): acquire fence 1 -> VK_SUCCESS
  ok   E: generation 0 (IMMEDIATE): acquire fence 2 -> VK_SUCCESS
  ok   E: generation 0 (IMMEDIATE): acquire fence 3 -> VK_SUCCESS
  ok   E: generation 0 (IMMEDIATE): command buffer 0 -> VK_SUCCESS
  ok   E: generation 0 (IMMEDIATE): semaphore 0 -> VK_SUCCESS
  ok   E: generation 0 (IMMEDIATE): fence 0 -> VK_SUCCESS
  ok   E: generation 0 (IMMEDIATE): command buffer 1 -> VK_SUCCESS
  ok   E: generation 0 (IMMEDIATE): semaphore 1 -> VK_SUCCESS
  ok   E: generation 0 (IMMEDIATE): fence 1 -> VK_SUCCESS
  ok   E: generation 0 (IMMEDIATE): command buffer 2 -> VK_SUCCESS
  ok   E: generation 0 (IMMEDIATE): semaphore 2 -> VK_SUCCESS
  ok   E: generation 0 (IMMEDIATE): fence 2 -> VK_SUCCESS
  note E: generation 0 (IMMEDIATE): IMMEDIATE, 3 image(s) for a request of 3, zero-copy, swap interval 0
  note E: generation 0 (IMMEDIATE): 60 frames, mean 8184 us, 30 of 59 under half a refresh, 28 within 10% of one, interval 0
  note vk info [../../mesa/src/vulkan/wsi/wsi_horizon.c:2395]: wsi_horizon: zero-copy: the swapchain images are the scanout buffers (3 images, 1280x720, swap interval 1)
  note vk info [../../mesa/src/vulkan/wsi/wsi_horizon.c:2462]: wsi_horizon: layout: stride 5120 B (1280 px), block height 32 GOBs (log2 5, 256 rows), kind 0xfe, block-linear, display GOB order yes, offset 0 B, allocation 3932160 B, scanout 3932160 B
  ok   E: generation 1 (FIFO): vkCreateSwapchainKHR(FIFO, minImageCount 3, 1280x720) -> VK_SUCCESS
  ok   E: generation 1 (FIFO): the swapchain has 3 image(s) -> VK_SUCCESS
  ok   E: generation 1 (FIFO): vkGetSwapchainImagesKHR(list) -> VK_SUCCESS
  ok   E: generation 1 (FIFO): acquire fence 0 -> VK_SUCCESS
  ok   E: generation 1 (FIFO): acquire fence 1 -> VK_SUCCESS
  ok   E: generation 1 (FIFO): acquire fence 2 -> VK_SUCCESS
  ok   E: generation 1 (FIFO): acquire fence 3 -> VK_SUCCESS
  ok   E: generation 1 (FIFO): command buffer 0 -> VK_SUCCESS
  ok   E: generation 1 (FIFO): semaphore 0 -> VK_SUCCESS
  ok   E: generation 1 (FIFO): fence 0 -> VK_SUCCESS
  ok   E: generation 1 (FIFO): command buffer 1 -> VK_SUCCESS
  ok   E: generation 1 (FIFO): semaphore 1 -> VK_SUCCESS
  ok   E: generation 1 (FIFO): fence 1 -> VK_SUCCESS
  ok   E: generation 1 (FIFO): command buffer 2 -> VK_SUCCESS
  ok   E: generation 1 (FIFO): semaphore 2 -> VK_SUCCESS
  ok   E: generation 1 (FIFO): fence 2 -> VK_SUCCESS
  note E: generation 1 (FIFO): FIFO, 3 image(s) for a request of 3, zero-copy, swap interval 1
  ok   E: generation 1 (FIFO): idle before retiring the previous generation -> VK_SUCCESS
  note E: generation 1 (FIFO): 60 frames, mean 16172 us, 2 of 59 under half a refresh, 56 within 10% of one, interval 1
  note vk info [../../mesa/src/vulkan/wsi/wsi_horizon.c:2395]: wsi_horizon: zero-copy: the swapchain images are the scanout buffers (3 images, 1280x720, swap interval 0)
  note vk info [../../mesa/src/vulkan/wsi/wsi_horizon.c:2462]: wsi_horizon: layout: stride 5120 B (1280 px), block height 32 GOBs (log2 5, 256 rows), kind 0xfe, block-linear, display GOB order yes, offset 0 B, allocation 3932160 B, scanout 3932160 B
  ok   E: generation 2 (IMMEDIATE): vkCreateSwapchainKHR(IMMEDIATE, minImageCount 3, 1280x720) -> VK_SUCCESS
  ok   E: generation 2 (IMMEDIATE): the swapchain has 3 image(s) -> VK_SUCCESS
  ok   E: generation 2 (IMMEDIATE): vkGetSwapchainImagesKHR(list) -> VK_SUCCESS
  ok   E: generation 2 (IMMEDIATE): acquire fence 0 -> VK_SUCCESS
  ok   E: generation 2 (IMMEDIATE): acquire fence 1 -> VK_SUCCESS
  ok   E: generation 2 (IMMEDIATE): acquire fence 2 -> VK_SUCCESS
  ok   E: generation 2 (IMMEDIATE): acquire fence 3 -> VK_SUCCESS
  ok   E: generation 2 (IMMEDIATE): command buffer 0 -> VK_SUCCESS
  ok   E: generation 2 (IMMEDIATE): semaphore 0 -> VK_SUCCESS
  ok   E: generation 2 (IMMEDIATE): fence 0 -> VK_SUCCESS
  ok   E: generation 2 (IMMEDIATE): command buffer 1 -> VK_SUCCESS
  ok   E: generation 2 (IMMEDIATE): semaphore 1 -> VK_SUCCESS
  ok   E: generation 2 (IMMEDIATE): fence 1 -> VK_SUCCESS
  ok   E: generation 2 (IMMEDIATE): command buffer 2 -> VK_SUCCESS
  ok   E: generation 2 (IMMEDIATE): semaphore 2 -> VK_SUCCESS
  ok   E: generation 2 (IMMEDIATE): fence 2 -> VK_SUCCESS
  note E: generation 2 (IMMEDIATE): IMMEDIATE, 3 image(s) for a request of 3, zero-copy, swap interval 0
  ok   E: generation 2 (IMMEDIATE): idle before retiring the previous generation -> VK_SUCCESS
  note E: generation 2 (IMMEDIATE): 60 frames, mean 8214 us, 30 of 59 under half a refresh, 29 within 10% of one, interval 0
  note vk info [../../mesa/src/vulkan/wsi/wsi_horizon.c:2395]: wsi_horizon: zero-copy: the swapchain images are the scanout buffers (3 images, 1280x720, swap interval 1)
  note vk info [../../mesa/src/vulkan/wsi/wsi_horizon.c:2462]: wsi_horizon: layout: stride 5120 B (1280 px), block height 32 GOBs (log2 5, 256 rows), kind 0xfe, block-linear, display GOB order yes, offset 0 B, allocation 3932160 B, scanout 3932160 B
  ok   E: generation 3 (FIFO): vkCreateSwapchainKHR(FIFO, minImageCount 3, 1280x720) -> VK_SUCCESS
  ok   E: generation 3 (FIFO): the swapchain has 3 image(s) -> VK_SUCCESS
  ok   E: generation 3 (FIFO): vkGetSwapchainImagesKHR(list) -> VK_SUCCESS
  ok   E: generation 3 (FIFO): acquire fence 0 -> VK_SUCCESS
  ok   E: generation 3 (FIFO): acquire fence 1 -> VK_SUCCESS
  ok   E: generation 3 (FIFO): acquire fence 2 -> VK_SUCCESS
  ok   E: generation 3 (FIFO): acquire fence 3 -> VK_SUCCESS
  ok   E: generation 3 (FIFO): command buffer 0 -> VK_SUCCESS
  ok   E: generation 3 (FIFO): semaphore 0 -> VK_SUCCESS
  ok   E: generation 3 (FIFO): fence 0 -> VK_SUCCESS
  ok   E: generation 3 (FIFO): command buffer 1 -> VK_SUCCESS
  ok   E: generation 3 (FIFO): semaphore 1 -> VK_SUCCESS
  ok   E: generation 3 (FIFO): fence 1 -> VK_SUCCESS
  ok   E: generation 3 (FIFO): command buffer 2 -> VK_SUCCESS
  ok   E: generation 3 (FIFO): semaphore 2 -> VK_SUCCESS
  ok   E: generation 3 (FIFO): fence 2 -> VK_SUCCESS
  note E: generation 3 (FIFO): FIFO, 3 image(s) for a request of 3, zero-copy, swap interval 1
  ok   E: generation 3 (FIFO): idle before retiring the previous generation -> VK_SUCCESS
  note E: generation 3 (FIFO): 60 frames, mean 16179 us, 2 of 59 under half a refresh, 56 within 10% of one, interval 1
  note vk info [../../mesa/src/vulkan/wsi/wsi_horizon.c:2395]: wsi_horizon: zero-copy: the swapchain images are the scanout buffers (3 images, 1280x720, swap interval 0)
  note vk info [../../mesa/src/vulkan/wsi/wsi_horizon.c:2462]: wsi_horizon: layout: stride 5120 B (1280 px), block height 32 GOBs (log2 5, 256 rows), kind 0xfe, block-linear, display GOB order yes, offset 0 B, allocation 3932160 B, scanout 3932160 B
  ok   E: generation 4 (IMMEDIATE): vkCreateSwapchainKHR(IMMEDIATE, minImageCount 3, 1280x720) -> VK_SUCCESS
  ok   E: generation 4 (IMMEDIATE): the swapchain has 3 image(s) -> VK_SUCCESS
  ok   E: generation 4 (IMMEDIATE): vkGetSwapchainImagesKHR(list) -> VK_SUCCESS
  ok   E: generation 4 (IMMEDIATE): acquire fence 0 -> VK_SUCCESS
  ok   E: generation 4 (IMMEDIATE): acquire fence 1 -> VK_SUCCESS
  ok   E: generation 4 (IMMEDIATE): acquire fence 2 -> VK_SUCCESS
  ok   E: generation 4 (IMMEDIATE): acquire fence 3 -> VK_SUCCESS
  ok   E: generation 4 (IMMEDIATE): command buffer 0 -> VK_SUCCESS
  ok   E: generation 4 (IMMEDIATE): semaphore 0 -> VK_SUCCESS
  ok   E: generation 4 (IMMEDIATE): fence 0 -> VK_SUCCESS
  ok   E: generation 4 (IMMEDIATE): command buffer 1 -> VK_SUCCESS
  ok   E: generation 4 (IMMEDIATE): semaphore 1 -> VK_SUCCESS
  ok   E: generation 4 (IMMEDIATE): fence 1 -> VK_SUCCESS
  ok   E: generation 4 (IMMEDIATE): command buffer 2 -> VK_SUCCESS
  ok   E: generation 4 (IMMEDIATE): semaphore 2 -> VK_SUCCESS
  ok   E: generation 4 (IMMEDIATE): fence 2 -> VK_SUCCESS
  note E: generation 4 (IMMEDIATE): IMMEDIATE, 3 image(s) for a request of 3, zero-copy, swap interval 0
  ok   E: generation 4 (IMMEDIATE): idle before retiring the previous generation -> VK_SUCCESS
  note E: generation 4 (IMMEDIATE): 60 frames, mean 7991 us, 31 of 59 under half a refresh, 28 within 10% of one, interval 0
  note vk info [../../mesa/src/vulkan/wsi/wsi_horizon.c:2395]: wsi_horizon: zero-copy: the swapchain images are the scanout buffers (3 images, 1280x720, swap interval 1)
  note vk info [../../mesa/src/vulkan/wsi/wsi_horizon.c:2462]: wsi_horizon: layout: stride 5120 B (1280 px), block height 32 GOBs (log2 5, 256 rows), kind 0xfe, block-linear, display GOB order yes, offset 0 B, allocation 3932160 B, scanout 3932160 B
  ok   E: generation 5 (FIFO): vkCreateSwapchainKHR(FIFO, minImageCount 3, 1280x720) -> VK_SUCCESS
  ok   E: generation 5 (FIFO): the swapchain has 3 image(s) -> VK_SUCCESS
  ok   E: generation 5 (FIFO): vkGetSwapchainImagesKHR(list) -> VK_SUCCESS
  ok   E: generation 5 (FIFO): acquire fence 0 -> VK_SUCCESS
  ok   E: generation 5 (FIFO): acquire fence 1 -> VK_SUCCESS
  ok   E: generation 5 (FIFO): acquire fence 2 -> VK_SUCCESS
  ok   E: generation 5 (FIFO): acquire fence 3 -> VK_SUCCESS
  ok   E: generation 5 (FIFO): command buffer 0 -> VK_SUCCESS
  ok   E: generation 5 (FIFO): semaphore 0 -> VK_SUCCESS
  ok   E: generation 5 (FIFO): fence 0 -> VK_SUCCESS
  ok   E: generation 5 (FIFO): command buffer 1 -> VK_SUCCESS
  ok   E: generation 5 (FIFO): semaphore 1 -> VK_SUCCESS
  ok   E: generation 5 (FIFO): fence 1 -> VK_SUCCESS
  ok   E: generation 5 (FIFO): command buffer 2 -> VK_SUCCESS
  ok   E: generation 5 (FIFO): semaphore 2 -> VK_SUCCESS
  ok   E: generation 5 (FIFO): fence 2 -> VK_SUCCESS
  note E: generation 5 (FIFO): FIFO, 3 image(s) for a request of 3, zero-copy, swap interval 1
  ok   E: generation 5 (FIFO): idle before retiring the previous generation -> VK_SUCCESS
  note E: generation 5 (FIFO): 60 frames, mean 16225 us, 2 of 59 under half a refresh, 56 within 10% of one, interval 1
  ok   E: 6 of 6 generations were created
  ok   E: 6 of 6 generations presented all 60 of their frames
  ok   E: 6 of 6 generations registered the swap interval their own mode implies
  ok   E: 6 of 6 generations were paced by their own mode — the interval follows the swapchain, not the window
  ok   E: idle before the last teardown -> VK_SUCCESS
  note vk info [../../mesa/src/vulkan/wsi/wsi_horizon.c:2395]: wsi_horizon: copy fallback: the rendered image is copied into a framebuffer the compositor owns (3 images, 1280x720, swap interval 0)
  note vk info [../../mesa/src/vulkan/wsi/wsi_horizon.c:2400]: wsi_horizon: zero-copy was declined because MESA_VK_WSI_HORIZON_FORCE_COPY asked for it
  note vk info [../../mesa/src/vulkan/wsi/wsi_horizon.c:2437]: wsi_horizon: VK_PRESENT_MODE_IMMEDIATE_KHR is registered as swap interval 0 on the copy fallback, but this path's own cost per frame leaves no room to present faster than the refresh; expect FIFO pacing until zero-copy is available
  ok   F: forcing the copy path: vkCreateSwapchainKHR(IMMEDIATE, minImageCount 3, 1280x720) -> VK_SUCCESS
  ok   F: forcing the copy path: the swapchain has 3 image(s) -> VK_SUCCESS
  ok   F: forcing the copy path: vkGetSwapchainImagesKHR(list) -> VK_SUCCESS
  ok   F: forcing the copy path: acquire fence 0 -> VK_SUCCESS
  ok   F: forcing the copy path: acquire fence 1 -> VK_SUCCESS
  ok   F: forcing the copy path: acquire fence 2 -> VK_SUCCESS
  ok   F: forcing the copy path: acquire fence 3 -> VK_SUCCESS
  ok   F: forcing the copy path: command buffer 0 -> VK_SUCCESS
  ok   F: forcing the copy path: semaphore 0 -> VK_SUCCESS
  ok   F: forcing the copy path: fence 0 -> VK_SUCCESS
  ok   F: forcing the copy path: command buffer 1 -> VK_SUCCESS
  ok   F: forcing the copy path: semaphore 1 -> VK_SUCCESS
  ok   F: forcing the copy path: fence 1 -> VK_SUCCESS
  ok   F: forcing the copy path: command buffer 2 -> VK_SUCCESS
  ok   F: forcing the copy path: semaphore 2 -> VK_SUCCESS
  ok   F: forcing the copy path: fence 2 -> VK_SUCCESS
  note F: forcing the copy path: IMMEDIATE, 3 image(s) for a request of 3, copy fallback, swap interval 0
  ok   F: MESA_VK_WSI_HORIZON_FORCE_COPY produced the copy path
  ok   F: the copy fallback registered swap interval 0 for IMMEDIATE
  ok   F: idle before teardown -> VK_SUCCESS
  note vk info [../../mesa/src/vulkan/wsi/wsi_horizon.c:2395]: wsi_horizon: copy fallback: the rendered image is copied into a framebuffer the compositor owns (3 images, 1280x720, swap interval 1)
  note vk info [../../mesa/src/vulkan/wsi/wsi_horizon.c:2400]: wsi_horizon: zero-copy was declined because MESA_VK_WSI_HORIZON_FORCE_COPY asked for it
  ok   F: copy fallback, FIFO: vkCreateSwapchainKHR(FIFO, minImageCount 3, 1280x720) -> VK_SUCCESS
  ok   F: copy fallback, FIFO: the swapchain has 3 image(s) -> VK_SUCCESS
  ok   F: copy fallback, FIFO: vkGetSwapchainImagesKHR(list) -> VK_SUCCESS
  ok   F: copy fallback, FIFO: acquire fence 0 -> VK_SUCCESS
  ok   F: copy fallback, FIFO: acquire fence 1 -> VK_SUCCESS
  ok   F: copy fallback, FIFO: acquire fence 2 -> VK_SUCCESS
  ok   F: copy fallback, FIFO: acquire fence 3 -> VK_SUCCESS
  ok   F: copy fallback, FIFO: command buffer 0 -> VK_SUCCESS
  ok   F: copy fallback, FIFO: semaphore 0 -> VK_SUCCESS
  ok   F: copy fallback, FIFO: fence 0 -> VK_SUCCESS
  ok   F: copy fallback, FIFO: command buffer 1 -> VK_SUCCESS
  ok   F: copy fallback, FIFO: semaphore 1 -> VK_SUCCESS
  ok   F: copy fallback, FIFO: fence 1 -> VK_SUCCESS
  ok   F: copy fallback, FIFO: command buffer 2 -> VK_SUCCESS
  ok   F: copy fallback, FIFO: semaphore 2 -> VK_SUCCESS
  ok   F: copy fallback, FIFO: fence 2 -> VK_SUCCESS
  note F: copy fallback, FIFO: FIFO, 3 image(s) for a request of 3, copy fallback, swap interval 1
  ok   F: copy fallback, FIFO: the driver registered swap interval 1, which is what FIFO means here
  ok   F: copy fallback, FIFO: 60 of 60 frames presented
  note F: copy fallback, FIFO [FIFO, 3 images]: mean 16807 us (min 13689, max 27803), 0 of 59 intervals under half a refresh (0 of 57 once the queue is full), 28 under a refresh, 57 within 10% of one; acquire mean 6 us (max 7), present mean 16295 us (min 12210, max 27651); 0 SUBOPTIMAL
  ok   F: copy fallback, FIFO: every one of the 3 images was acquired at least once (mask 0x7, longest run of one index 1)
  ok   F: copy fallback, FIFO: the queue and device went idle -> VK_SUCCESS
  note vk info [../../mesa/src/vulkan/wsi/wsi_horizon.c:2395]: wsi_horizon: copy fallback: the rendered image is copied into a framebuffer the compositor owns (3 images, 1280x720, swap interval 0)
  note vk info [../../mesa/src/vulkan/wsi/wsi_horizon.c:2400]: wsi_horizon: zero-copy was declined because MESA_VK_WSI_HORIZON_FORCE_COPY asked for it
  note vk info [../../mesa/src/vulkan/wsi/wsi_horizon.c:2437]: wsi_horizon: VK_PRESENT_MODE_IMMEDIATE_KHR is registered as swap interval 0 on the copy fallback, but this path's own cost per frame leaves no room to present faster than the refresh; expect FIFO pacing until zero-copy is available
  ok   F: copy fallback, IMMEDIATE: vkCreateSwapchainKHR(IMMEDIATE, minImageCount 3, 1280x720) -> VK_SUCCESS
  ok   F: copy fallback, IMMEDIATE: the swapchain has 3 image(s) -> VK_SUCCESS
  ok   F: copy fallback, IMMEDIATE: vkGetSwapchainImagesKHR(list) -> VK_SUCCESS
  ok   F: copy fallback, IMMEDIATE: acquire fence 0 -> VK_SUCCESS
  ok   F: copy fallback, IMMEDIATE: acquire fence 1 -> VK_SUCCESS
  ok   F: copy fallback, IMMEDIATE: acquire fence 2 -> VK_SUCCESS
  ok   F: copy fallback, IMMEDIATE: acquire fence 3 -> VK_SUCCESS
  ok   F: copy fallback, IMMEDIATE: command buffer 0 -> VK_SUCCESS
  ok   F: copy fallback, IMMEDIATE: semaphore 0 -> VK_SUCCESS
  ok   F: copy fallback, IMMEDIATE: fence 0 -> VK_SUCCESS
  ok   F: copy fallback, IMMEDIATE: command buffer 1 -> VK_SUCCESS
  ok   F: copy fallback, IMMEDIATE: semaphore 1 -> VK_SUCCESS
  ok   F: copy fallback, IMMEDIATE: fence 1 -> VK_SUCCESS
  ok   F: copy fallback, IMMEDIATE: command buffer 2 -> VK_SUCCESS
  ok   F: copy fallback, IMMEDIATE: semaphore 2 -> VK_SUCCESS
  ok   F: copy fallback, IMMEDIATE: fence 2 -> VK_SUCCESS
  note F: copy fallback, IMMEDIATE: IMMEDIATE, 3 image(s) for a request of 3, copy fallback, swap interval 0
  ok   F: copy fallback, IMMEDIATE: the driver registered swap interval 0, which is what IMMEDIATE means here
  ok   F: copy fallback, IMMEDIATE: 60 of 60 frames presented
  note F: copy fallback, IMMEDIATE [IMMEDIATE, 3 images]: mean 16767 us (min 13991, max 25198), 0 of 59 intervals under half a refresh (0 of 57 once the queue is full), 25 under a refresh, 57 within 10% of one; acquire mean 6 us (max 7), present mean 16233 us (min 12370, max 24762); 0 SUBOPTIMAL
  ok   F: copy fallback, IMMEDIATE: every one of the 3 images was acquired at least once (mask 0x7, longest run of one index 1)
  ok   F: copy fallback, IMMEDIATE: the queue and device went idle -> VK_SUCCESS
  note F: on the copy fallback the same 60 frames took a mean of 16807 us at interval 1 and 16767 us at interval 0; the cheapest present cost 12210 us and 12370 us, against a refresh of 16666 us
  ok   F: the copy fallback's cheapest present is 12370 us, at least half a refresh — the path cannot build the queue depth interval 0 exists to drain
  ok   F: on the copy fallback the swap interval does not change the pacing (16767 us at 0 against 16807 us at 1) — the limitation docs/wsi.md records. If this check fails, that documentation is out of date
  note vk info [../../mesa/src/vulkan/wsi/wsi_horizon.c:2395]: wsi_horizon: zero-copy: the swapchain images are the scanout buffers (3 images, 1280x720, swap interval 0)
  note vk info [../../mesa/src/vulkan/wsi/wsi_horizon.c:2462]: wsi_horizon: layout: stride 5120 B (1280 px), block height 32 GOBs (log2 5, 256 rows), kind 0xfe, block-linear, display GOB order yes, offset 0 B, allocation 3932160 B, scanout 3932160 B
  ok   G: a swapchain created after everything above: vkCreateSwapchainKHR(IMMEDIATE, minImageCount 3, 1280x720) -> VK_SUCCESS
  ok   G: a swapchain created after everything above: the swapchain has 3 image(s) -> VK_SUCCESS
  ok   G: a swapchain created after everything above: vkGetSwapchainImagesKHR(list) -> VK_SUCCESS
  ok   G: a swapchain created after everything above: acquire fence 0 -> VK_SUCCESS
  ok   G: a swapchain created after everything above: acquire fence 1 -> VK_SUCCESS
  ok   G: a swapchain created after everything above: acquire fence 2 -> VK_SUCCESS
  ok   G: a swapchain created after everything above: acquire fence 3 -> VK_SUCCESS
  ok   G: a swapchain created after everything above: command buffer 0 -> VK_SUCCESS
  ok   G: a swapchain created after everything above: semaphore 0 -> VK_SUCCESS
  ok   G: a swapchain created after everything above: fence 0 -> VK_SUCCESS
  ok   G: a swapchain created after everything above: command buffer 1 -> VK_SUCCESS
  ok   G: a swapchain created after everything above: semaphore 1 -> VK_SUCCESS
  ok   G: a swapchain created after everything above: fence 1 -> VK_SUCCESS
  ok   G: a swapchain created after everything above: command buffer 2 -> VK_SUCCESS
  ok   G: a swapchain created after everything above: semaphore 2 -> VK_SUCCESS
  ok   G: a swapchain created after everything above: fence 2 -> VK_SUCCESS
  note G: a swapchain created after everything above: IMMEDIATE, 3 image(s) for a request of 3, zero-copy, swap interval 0
  ok   G: a swapchain created after everything above: still gets the zero-copy path — no slot and no registration was retained by any of them
  ok   G: a swapchain created after everything above: still registers interval 0
  ok   G: a swapchain created after everything above: 60 of 60 frames presented
  note G: a swapchain created after everything above [IMMEDIATE, 3 images]: mean 7976 us (min 571, max 16477), 31 of 59 intervals under half a refresh (29 of 57 once the queue is full), 59 under a refresh, 28 within 10% of one; acquire mean 7185 us (max 15470), present mean 220 us (min 119, max 478); 0 SUBOPTIMAL
  ok   G: a swapchain created after everything above: every one of the 3 images was acquired at least once (mask 0x7, longest run of one index 1)
  ok   G: a swapchain created after everything above: IMMEDIATE is not paced at the refresh — mean 7976 us, must be at most 12499 us (3/4 of a refresh)
  ok   G: a swapchain created after everything above: IMMEDIATE presents the same frames faster than FIFO did in this run — 7976 us against 16577 us, must be at most 3/4 of it
  ok   G: a swapchain created after everything above: frames keep arriving faster than a vertical blank can carry them, with the queue full — 29 of 57 intervals under half a refresh (>= 1/4 needed)
  ok   G: a swapchain created after everything above: idle before teardown -> VK_SUCCESS
  ok   G: the driver never said "stays ACQUIRED"
  ok   G: the driver never said "destroy refused"
  ok   G: the driver never said "nwindowReleaseBuffers"
  ok   G: the driver never said "the compositor refused"
  ok   G: the driver never said "cancelling slot"
RESULT: PASS (442/442)
  note the run is finished; press + to exit (there is no console to show this)

