== t_vk_depth ==
  ok   GetInstanceProcAddr(vkCreateInstance)
  ok   vkCreateInstance -> VK_SUCCESS
  ok   VK_EXT_debug_utils entry points resolved
  ok   vkCreateDebugUtilsMessengerEXT -> VK_SUCCESS
  ok   every entry point resolved
[horizon_gpu:I] device up: gm20b arch=0x120 impl=0xb rev=0xa1 gpc=1 tpc/gpc=2 big_page=0x20000 as_big_page=0x20000 va_bits=40
WARNING: NVK is not a conformant Vulkan implementation, testing use only.
  ok   vkEnumeratePhysicalDevices -> VK_SUCCESS, 1 device(s)
  ok   vkEnumeratePhysicalDevices(list) -> VK_SUCCESS
  note device: NVIDIA gm20b (NVK gm20b) (api 1.3.354), 2 memory type(s)
  ok   queue family count is 1
  ok   a queue family with graphics and compute
[horizon_gpu:I] channel 0x25d6b2f6e0: created, syncpt id=26 (live channels now 1)
[horizon_gpu:I] channel 0x25d6b2f6e0: up, syncpt=26 initial=49320 zcull=off
[horizon_gpu:I] channel 0x25d6b80010: created, syncpt id=27 (live channels now 2)
[horizon_gpu:I] channel 0x25d6b80010: up, syncpt=27 initial=542 zcull=off
  ok   vkCreateDevice -> VK_SUCCESS
  ok   vkGetDeviceQueue
  ok   vkCreateCommandPool -> VK_SUCCESS
  ok   D32_SFLOAT depth attachment: image format query -> VK_SUCCESS
  ok   vkCreateImage(37, 64x64x1, 1 mip, 1 layer, optimal) -> VK_SUCCESS
  ok   a device-local memory type the image accepts
  ok   vkAllocateMemory(image, 0x4000 align 0x20000) -> VK_SUCCESS
  ok   vkBindImageMemory -> VK_SUCCESS
  ok   vkCreateImage(126, 64x64x1, 1 mip, 1 layer, optimal) -> VK_SUCCESS
  ok   a device-local memory type the image accepts
  ok   vkAllocateMemory(image, 0x4000 align 0x20000) -> VK_SUCCESS
  ok   vkBindImageMemory -> VK_SUCCESS
  ok   vkCreateImageView(colour) -> VK_SUCCESS
  ok   vkCreateImageView(depth) -> VK_SUCCESS
  ok   vkCreateBuffer(0x4400) -> VK_SUCCESS
  ok   a memory type with 0x2 that the buffer accepts
  ok   vkAllocateMemory(0x4400, type 0) -> VK_SUCCESS
  ok   vkBindBufferMemory -> VK_SUCCESS
  ok   vkMapMemory -> VK_SUCCESS
  ok   vkCreateBuffer(0x4400) -> VK_SUCCESS
  ok   a memory type with 0x2 that the buffer accepts
  ok   vkAllocateMemory(0x4400, type 0) -> VK_SUCCESS
  ok   vkBindBufferMemory -> VK_SUCCESS
  ok   vkMapMemory -> VK_SUCCESS
  ok   depth write on: vkCreateShaderModule(vertex) -> VK_SUCCESS
  ok   depth write on: vkCreateShaderModule(fragment) -> VK_SUCCESS
  ok   depth write on: vkCreatePipelineLayout -> VK_SUCCESS
  ok   depth write on: vkCreateGraphicsPipelines -> VK_SUCCESS
  ok   depth write off: vkCreateShaderModule(vertex) -> VK_SUCCESS
  ok   depth write off: vkCreateShaderModule(fragment) -> VK_SUCCESS
  ok   depth write off: vkCreatePipelineLayout -> VK_SUCCESS
  ok   depth write off: vkCreateGraphicsPipelines -> VK_SUCCESS
  ok   poison target is mapped
  ok   vkFlushMappedMemoryRanges -> VK_SUCCESS
  ok   vkInvalidateMappedMemoryRanges -> VK_SUCCESS
  ok   the poison reached memory (4352/4352 words)
  ok   poison target is mapped
  ok   vkFlushMappedMemoryRanges -> VK_SUCCESS
  ok   vkInvalidateMappedMemoryRanges -> VK_SUCCESS
  ok   the poison reached memory (4352/4352 words)
  ok   vkAllocateCommandBuffers -> VK_SUCCESS
  ok   vkBeginCommandBuffer -> VK_SUCCESS
  ok   vkCreateFence(four depth-tested draws) -> VK_SUCCESS
  ok   vkEndCommandBuffer -> VK_SUCCESS
  ok   vkQueueSubmit -> VK_SUCCESS
  ok   vkWaitForFences(four depth-tested draws) -> VK_SUCCESS
  ok   vkInvalidateMappedMemoryRanges -> VK_SUCCESS
  ok   vkInvalidateMappedMemoryRanges -> VK_SUCCESS
  ok   colour: 4096/4096 pixels hold what the depth test left there
  ok   depth: 4096/4096 pixels hold the value the surviving fragment wrote
  ok   the draw behind everything was rejected at every pixel (0 blue)
  ok   nothing is left of the far draw (0 red)
  ok   every pixel was drawn to (0 still the clear colour)
  ok   the draw with depth writes off left the depth buffer alone (0 pixels hold 0.5)
  ok   every pixel's depth was written by some draw (0 still 1.0)
  ok   nothing was written past the colour image: 256/256 words are 0xdeadbeef (all of them)
  ok   nothing was written past the depth image: 256/256 words are 0xdeadbeef (all of them)
RESULT: PASS (66/66)
