== t_vk_swapchain ==
  note horizon-build-id 2026-08-05T18:11:16Z 503d008
  note this test owns the display: no console was started, and this file is the whole record
  ok   GetInstanceProcAddr(vkCreateInstance)
  ok   instance extension list fits (3 asked for)
  ok   instance extension list fits (3 asked for)
  ok   vkCreateInstance -> VK_SUCCESS
  ok   VK_EXT_debug_utils entry points resolved
  ok   vkCreateDebugUtilsMessengerEXT -> VK_SUCCESS
  ok   every entry point resolved
[horizon_gpu:I] device up: gm20b arch=0x120 impl=0xb rev=0xa1 gpc=1 tpc/gpc=2 big_page=0x20000 as_big_page=0x20000 va_bits=40
WARNING: NVK is not a conformant Vulkan implementation, testing use only.
  ok   vkEnumeratePhysicalDevices -> VK_SUCCESS, 1 device(s)
  ok   vkEnumeratePhysicalDevices(list) -> VK_SUCCESS
  note device: NVIDIA gm20b (NVK gm20b) (api 1.3.354), 2 memory type(s)
  ok   queue family count is 1
  ok   a queue family with graphics and compute
[horizon_gpu:I] channel 0x6f81b62a0: created, syncpt id=26 (live channels now 1)
[horizon_gpu:I] channel 0x6f81b62a0: up, syncpt=26 initial=5664 zcull=off
[horizon_gpu:I] channel 0x6f8207010: created, syncpt id=27 (live channels now 2)
[horizon_gpu:I] channel 0x6f8207010: up, syncpt=27 initial=616 zcull=off
  ok   vkCreateDevice -> VK_SUCCESS
  ok   vkGetDeviceQueue
  ok   vkCreateCommandPool -> VK_SUCCESS
  ok   every window-system entry point resolved
  ok   nwindowGetDefault() returned a valid window
  ok   vkCreateViSurfaceNN over the default window -> VK_SUCCESS
  ok   queue family 0 can present to this surface -> VK_SUCCESS
  ok   surface capabilities -> VK_SUCCESS
  note surface: 1280x720, 2 to 4 images, usage 0x0008009f
  ok   minImageCount is 2, so double buffering exists (2)
  ok   maxImageCount is 4 (4)
  ok   the surface reports a real current extent
  ok   swapchain images can be rendered to and copied into
  ok   the surface has no transform of its own
  ok   the surface offers 4 format(s), including R8G8B8A8_UNORM -> VK_SUCCESS
  ok   VK_PRESENT_MODE_FIFO_KHR is offered (2 mode(s)) -> VK_SUCCESS
  note VK_PRESENT_MODE_IMMEDIATE_KHR is offered
MESA: warning: vk_log*() called with client-invisible object 0x6f820b0e0 of type VK_OBJECT_TYPE_SWAPCHAIN_KHR
  note vk info [../../mesa/src/vulkan/wsi/wsi_horizon.c:1825]: wsi_horizon: zero-copy: the swapchain images are the scanout buffers (3 images, 1280x720, swap interval 1)
  ok   3 images, FIFO: vkCreateSwapchainKHR(3 images) -> VK_SUCCESS
  ok   3 images, FIFO: the swapchain has 3 image(s) -> VK_SUCCESS
  ok   3 images, FIFO: vkGetSwapchainImagesKHR(list) -> VK_SUCCESS
  ok   3 images, FIFO: the acquire fence -> VK_SUCCESS
  ok   3 images, FIFO: command buffer 0 -> VK_SUCCESS
  ok   3 images, FIFO: semaphore 0 -> VK_SUCCESS
  ok   3 images, FIFO: fence 0 -> VK_SUCCESS
  ok   3 images, FIFO: command buffer 1 -> VK_SUCCESS
  ok   3 images, FIFO: semaphore 1 -> VK_SUCCESS
  ok   3 images, FIFO: fence 1 -> VK_SUCCESS
  ok   3 images, FIFO: command buffer 2 -> VK_SUCCESS
  ok   3 images, FIFO: semaphore 2 -> VK_SUCCESS
  ok   3 images, FIFO: fence 2 -> VK_SUCCESS
  ok   asking for 3 images produced 3 (3)
  ok   the swapchain reported which present path it got
  note the driver said: wsi_horizon: zero-copy: the swapchain images are the scanout buffers (3 images, 1280x720, swap interval 1)
  ok   vkCreateBuffer(0x384000) -> VK_SUCCESS
  ok   a memory type with 0x2 that the buffer accepts
  ok   vkAllocateMemory(0x384000, type 0) -> VK_SUCCESS
  ok   vkBindBufferMemory -> VK_SUCCESS
  ok   vkMapMemory -> VK_SUCCESS
  ok   vkFlushMappedMemoryRanges -> VK_SUCCESS
  note SHOWING THE PATTERN FOR TWO SECONDS. What should be on screen, and what a wrong memory layout would destroy: four full-height vertical bars, red then green then blue then white, left to right; a white border 16 pixels wide all the way round; a black diagonal from the top-left corner to the bottom-right; and a yellow square just inside the top-left corner. Anything scrambled, striped or blocky means the compositor and the driver disagree about the block-linear layout
  ok   the pattern was presented 120 times -> VK_SUCCESS
  note OPERATOR: say in the report whether the four bars, the border, the diagonal and the yellow corner were all there and in that order. That answer is the whole of the layout evidence for this phase
  ok   3 images, FIFO: 90 of 90 frames presented
  note 3 images, FIFO: 89 intervals, mean 16666 us, min 16022 us, max 17288 us; 89 within 10% of 16666 us; 0 longer than 1.5 refreshes
  note 3 images, FIFO: acquire mean 15792 us / max 16121 us; record+submit mean 547 us; 0 SUBOPTIMAL
  ok   3 images, FIFO: 89 of 89 intervals are within 10% of 16666 us (>= 90% needed)
  ok   90 frames were presented through 3 images, so the compositor released at least 87 of them
  note a frame's own CPU cost measured 547 us; the bursty load adds 23904 us to every odd frame, for a mean of 12499 us against a 16666 us refresh
  ok   3 images, FIFO, bursty load: 90 of 90 frames presented
  note 3 images, FIFO, bursty load: 89 intervals, mean 16820 us, min 479 us, max 33206 us; 0 within 10% of 16666 us; 45 longer than 1.5 refreshes
  note 3 images, FIFO, bursty load: acquire mean 4036 us / max 8274 us; record+submit mean 12437 us; 0 SUBOPTIMAL
MESA: warning: vk_log*() called with client-invisible object 0x6f89f1220 of type VK_OBJECT_TYPE_SWAPCHAIN_KHR
  note vk info [../../mesa/src/vulkan/wsi/wsi_horizon.c:1825]: wsi_horizon: zero-copy: the swapchain images are the scanout buffers (2 images, 1280x720, swap interval 1)
  ok   2 images, FIFO: vkCreateSwapchainKHR(2 images) -> VK_SUCCESS
  ok   2 images, FIFO: the swapchain has 2 image(s) -> VK_SUCCESS
  ok   2 images, FIFO: vkGetSwapchainImagesKHR(list) -> VK_SUCCESS
  ok   2 images, FIFO: the acquire fence -> VK_SUCCESS
  ok   2 images, FIFO: command buffer 0 -> VK_SUCCESS
  ok   2 images, FIFO: semaphore 0 -> VK_SUCCESS
  ok   2 images, FIFO: fence 0 -> VK_SUCCESS
  ok   2 images, FIFO: command buffer 1 -> VK_SUCCESS
  ok   2 images, FIFO: semaphore 1 -> VK_SUCCESS
  ok   2 images, FIFO: fence 1 -> VK_SUCCESS
  ok   asking for 2 images produced 2 (2)
  FAIL 2 images, FIFO: 2 of 90 frames presented (see the note below)
  note 2 images, FIFO: vkAcquireNextImageKHR at frame 2 -> VK_TIMEOUT
  note 2 images, FIFO: 1 intervals, mean 1190 us, min 1190 us, max 1190 us; 0 within 10% of 16666 us; 0 longer than 1.5 refreshes
  note 2 images, FIFO: acquire mean 186 us / max 198 us; record+submit mean 543 us; 0 SUBOPTIMAL
  FAIL 2 images, FIFO, bursty load: 1 of 90 frames presented (see the note below)
  note 2 images, FIFO, bursty load: vkAcquireNextImageKHR at frame 1 -> VK_TIMEOUT
  note 2 images, FIFO, bursty load: no intervals recorded
MESA: warning: vk_log*() called with client-invisible object 0x6f820b1c0 of type VK_OBJECT_TYPE_SWAPCHAIN_KHR
  note vk info [../../mesa/src/vulkan/wsi/wsi_horizon.c:1825]: wsi_horizon: zero-copy: the swapchain images are the scanout buffers (3 images, 1280x720, swap interval 1)
  ok   the second swapchain: vkCreateSwapchainKHR(3 images) -> VK_SUCCESS
  ok   the second swapchain: the swapchain has 3 image(s) -> VK_SUCCESS
  ok   the second swapchain: vkGetSwapchainImagesKHR(list) -> VK_SUCCESS
  ok   the second swapchain: the acquire fence -> VK_SUCCESS
  ok   the second swapchain: command buffer 0 -> VK_SUCCESS
  ok   the second swapchain: semaphore 0 -> VK_SUCCESS
  ok   the second swapchain: fence 0 -> VK_SUCCESS
  ok   the second swapchain: command buffer 1 -> VK_SUCCESS
  ok   the second swapchain: semaphore 1 -> VK_SUCCESS
  ok   the second swapchain: fence 1 -> VK_SUCCESS
  ok   the second swapchain: command buffer 2 -> VK_SUCCESS
  ok   the second swapchain: semaphore 2 -> VK_SUCCESS
  ok   the second swapchain: fence 2 -> VK_SUCCESS
  ok   two swapchains exist over one window at the same time
  ok   the superseded swapchain reports VK_ERROR_OUT_OF_DATE_KHR rather than presenting into buffers it no longer owns -> VkResult -1000001004
  ok   the second swapchain, while the first still exists: 20 of 20 frames presented
  note the second swapchain, while the first still exists: 19 intervals, mean 15532 us, min 743 us, max 26956 us; 16 within 10% of 16666 us; 1 longer than 1.5 refreshes
  note the second swapchain, while the first still exists: acquire mean 13927 us / max 25225 us; record+submit mean 627 us; 0 SUBOPTIMAL
  ok   the device is idle before destroying the superseded swapchain -> VK_SUCCESS
  ok   the second swapchain, after the first is destroyed: 20 of 20 frames presented
  note the second swapchain, after the first is destroyed: 19 intervals, mean 16436 us, min 12315 us, max 17163 us; 18 within 10% of 16666 us; 0 longer than 1.5 refreshes
  note the second swapchain, after the first is destroyed: acquire mean 14855 us / max 16064 us; record+submit mean 541 us; 0 SUBOPTIMAL
  ok   destroying the superseded swapchain left the live one presenting
  ok   the device is idle before teardown -> VK_SUCCESS
MESA: warning: vk_log*() called with client-invisible object 0x6f820b0e0 of type VK_OBJECT_TYPE_SWAPCHAIN_KHR
  note vk info [../../mesa/src/vulkan/wsi/wsi_horizon.c:1825]: wsi_horizon: zero-copy: the swapchain images are the scanout buffers (3 images, 1280x720, swap interval 1)
  ok   the default path: vkCreateSwapchainKHR(3 images) -> VK_SUCCESS
  ok   the default path: the swapchain has 3 image(s) -> VK_SUCCESS
  ok   the default path: vkGetSwapchainImagesKHR(list) -> VK_SUCCESS
  ok   the default path: the acquire fence -> VK_SUCCESS
  ok   the default path: command buffer 0 -> VK_SUCCESS
  ok   the default path: semaphore 0 -> VK_SUCCESS
  ok   the default path: fence 0 -> VK_SUCCESS
  ok   the default path: command buffer 1 -> VK_SUCCESS
  ok   the default path: semaphore 1 -> VK_SUCCESS
  ok   the default path: fence 1 -> VK_SUCCESS
  ok   the default path: command buffer 2 -> VK_SUCCESS
  ok   the default path: semaphore 2 -> VK_SUCCESS
  ok   the default path: fence 2 -> VK_SUCCESS
  note with nothing forced, the driver chose: wsi_horizon: zero-copy: the swapchain images are the scanout buffers (3 images, 1280x720, swap interval 1)
  ok   the default path (zero-copy): 90 of 90 frames presented
  note the default path (zero-copy): 89 intervals, mean 16434 us, min 412 us, max 28120 us; 86 within 10% of 16666 us; 1 longer than 1.5 refreshes
  note the default path (zero-copy): acquire mean 15470 us / max 26803 us; record+submit mean 534 us; 0 SUBOPTIMAL
MESA: warning: vk_log*() called with client-invisible object 0x6f81f6020 of type VK_OBJECT_TYPE_SWAPCHAIN_KHR
  note vk info [../../mesa/src/vulkan/wsi/wsi_horizon.c:1825]: wsi_horizon: copy fallback: the rendered image is copied into a framebuffer the compositor owns (3 images, 1280x720, swap interval 1)
MESA: warning: vk_log*() called with client-invisible object 0x6f81f6020 of type VK_OBJECT_TYPE_SWAPCHAIN_KHR
  note vk info [../../mesa/src/vulkan/wsi/wsi_horizon.c:1830]: wsi_horizon: zero-copy was declined because MESA_VK_WSI_HORIZON_FORCE_COPY asked for it
  ok   the forced copy path: vkCreateSwapchainKHR(3 images) -> VK_SUCCESS
  ok   the forced copy path: the swapchain has 3 image(s) -> VK_SUCCESS
  ok   the forced copy path: vkGetSwapchainImagesKHR(list) -> VK_SUCCESS
  ok   the forced copy path: the acquire fence -> VK_SUCCESS
  ok   the forced copy path: command buffer 0 -> VK_SUCCESS
  ok   the forced copy path: semaphore 0 -> VK_SUCCESS
  ok   the forced copy path: fence 0 -> VK_SUCCESS
  ok   the forced copy path: command buffer 1 -> VK_SUCCESS
  ok   the forced copy path: semaphore 1 -> VK_SUCCESS
  ok   the forced copy path: fence 1 -> VK_SUCCESS
  ok   the forced copy path: command buffer 2 -> VK_SUCCESS
  ok   the forced copy path: semaphore 2 -> VK_SUCCESS
  ok   the forced copy path: fence 2 -> VK_SUCCESS
  ok   MESA_VK_WSI_HORIZON_FORCE_COPY produced the copy path, and the driver said so
  note the driver said: wsi_horizon: copy fallback: the rendered image is copied into a framebuffer the compositor owns (3 images, 1280x720, swap interval 1)
  ok   the forced copy path: 90 of 90 frames presented
  note the forced copy path: 89 intervals, mean 16741 us, min 14182 us, max 25695 us; 87 within 10% of 16666 us; 1 longer than 1.5 refreshes
  note the forced copy path: acquire mean 4 us / max 5 us; record+submit mean 468 us; 0 SUBOPTIMAL
  ok   the same application got a different present path when it asked for one: zero-copy by default, the copy fallback when forced
  note record+submit cost per frame: 534 us on the default path, 468 us on the forced copy path
  ok   the driver tore down every object it created: nothing in this log says it could not
RESULT: FAIL (114/116)
