== t_vk_wsi_mt ==
  note horizon-build-id 2026-08-09T15:20:15.777Z 6f833f5-dirty mesa:85638f8
  note this test owns the display: no console was started, and this file is the whole record
  ok   GetInstanceProcAddr(vkCreateInstance)
  ok   instance extension list fits (3 asked for)
  ok   instance extension list fits (3 asked for)
  ok   vkCreateInstance -> VK_SUCCESS
  ok   VK_EXT_debug_utils entry points resolved
  ok   vkCreateDebugUtilsMessengerEXT -> VK_SUCCESS
  ok   every entry point resolved
[horizon_gpu:I] device up: gm20b arch=0x120 impl=0xb rev=0xa1 gpc=1 tpc/gpc=2 big_page=0x20000 as_big_page=0x20000 va_bits=40
WARNING: NVK is not a conformant Vulkan implementation, testing use only.
  ok   vkEnumeratePhysicalDevices -> VK_SUCCESS, 1 device(s)
  ok   vkEnumeratePhysicalDevices(list) -> VK_SUCCESS
  note device: NVIDIA gm20b (NVK gm20b) (api 1.3.354), 2 memory type(s)
  ok   queue family count is 1
  ok   a queue family with graphics and compute
[horizon_gpu:I] channel 0x641adb62a0: created, syncpt id=26 (live channels now 1)
[horizon_gpu:I] channel 0x641adb62a0: up, syncpt=26 initial=18238 zcull=off
[horizon_gpu:I] channel 0x641ae07010: created, syncpt id=27 (live channels now 2)
[horizon_gpu:I] channel 0x641ae07010: up, syncpt=27 initial=0 zcull=off
  ok   vkCreateDevice -> VK_SUCCESS
  ok   vkGetDeviceQueue
  ok   vkCreateCommandPool -> VK_SUCCESS
  ok   every window-system entry point resolved
  note the process may run on core mask 0x7 (3 core(s))
  ok   nwindowGetDefault() returned a valid window
  ok   vkCreateViSurfaceNN over the default window -> VK_SUCCESS
  ok   surface capabilities -> VK_SUCCESS
  note surface: 1280x720, 2 to 4 images
MESA: warning: vk_log*() called with client-invisible object 0x641ae0b0e0 of type VK_OBJECT_TYPE_SWAPCHAIN_KHR
  note vk info [../../mesa/src/vulkan/wsi/wsi_horizon.c:2175]: wsi_horizon: zero-copy: the swapchain images are the scanout buffers (3 images, 1280x720, swap interval 1)
  ok   A/zero-copy: the first swapchain was created -> VK_SUCCESS
  ok   A/zero-copy: it took the zero-copy path, which is the one this case is about
  ok   A/zero-copy: the first swapchain presented 30 of 30 frames -> VK_SUCCESS
MESA: warning: vk_log*() called with client-invisible object 0x641b5f1300 of type VK_OBJECT_TYPE_SWAPCHAIN_KHR
  note vk info [../../mesa/src/vulkan/wsi/wsi_horizon.c:2175]: wsi_horizon: zero-copy: the swapchain images are the scanout buffers (3 images, 1280x720, swap interval 1)
  ok   A/zero-copy: the second swapchain was created with the first as oldSwapchain -> VK_SUCCESS
  ok   A/zero-copy: an acquire on the retired swapchain -> OUT_OF_DATE_KHR (expected VK_ERROR_OUT_OF_DATE_KHR)
  ok   A/zero-copy: after the retired swapchain was destroyed the survivor presented 30 of 30 frames -> VK_SUCCESS
MESA: warning: vk_log*() called with client-invisible object 0x641ae0b0e0 of type VK_OBJECT_TYPE_SWAPCHAIN_KHR
  note vk info [../../mesa/src/vulkan/wsi/wsi_horizon.c:2175]: wsi_horizon: copy fallback: the rendered image is copied into a framebuffer the compositor owns (3 images, 1280x720, swap interval 1)
MESA: warning: vk_log*() called with client-invisible object 0x641ae0b0e0 of type VK_OBJECT_TYPE_SWAPCHAIN_KHR
  note vk info [../../mesa/src/vulkan/wsi/wsi_horizon.c:2180]: wsi_horizon: zero-copy was declined because MESA_VK_WSI_HORIZON_FORCE_COPY asked for it
  ok   A/copy: the first swapchain was created -> VK_SUCCESS
  ok   A/copy: it took the copy path, which is the one this case is about
  ok   A/copy: the first swapchain presented 30 of 30 frames -> VK_SUCCESS
MESA: warning: vk_log*() called with client-invisible object 0x641c131300 of type VK_OBJECT_TYPE_SWAPCHAIN_KHR
  note vk info [../../mesa/src/vulkan/wsi/wsi_horizon.c:2175]: wsi_horizon: copy fallback: the rendered image is copied into a framebuffer the compositor owns (3 images, 1280x720, swap interval 1)
MESA: warning: vk_log*() called with client-invisible object 0x641c131300 of type VK_OBJECT_TYPE_SWAPCHAIN_KHR
  note vk info [../../mesa/src/vulkan/wsi/wsi_horizon.c:2180]: wsi_horizon: zero-copy was declined because MESA_VK_WSI_HORIZON_FORCE_COPY asked for it
  ok   A/copy: the second swapchain was created with the first as oldSwapchain -> VK_SUCCESS
  ok   A/copy: an acquire on the retired swapchain -> OUT_OF_DATE_KHR (expected VK_ERROR_OUT_OF_DATE_KHR)
  ok   A/copy: after the retired swapchain was destroyed the survivor presented 30 of 30 frames -> VK_SUCCESS
  ok   B/zero-copy: allocation
MESA: warning: vk_log*() called with client-invisible object 0x641ae0b0e0 of type VK_OBJECT_TYPE_SWAPCHAIN_KHR
  note vk info [../../mesa/src/vulkan/wsi/wsi_horizon.c:2175]: wsi_horizon: zero-copy: the swapchain images are the scanout buffers (3 images, 1280x720, swap interval 1)
  ok   B/zero-copy: the first swapchain -> VK_SUCCESS
MESA: warning: vk_log*() called with client-invisible object 0x641ae2ae20 of type VK_OBJECT_TYPE_SWAPCHAIN_KHR
  note vk info [../../mesa/src/vulkan/wsi/wsi_horizon.c:2175]: wsi_horizon: zero-copy: the swapchain images are the scanout buffers (3 images, 1280x720, swap interval 1)
MESA: warning: vk_log*() called with client-invisible object 0x641b9d13a0 of type VK_OBJECT_TYPE_SWAPCHAIN_KHR
  note vk info [../../mesa/src/vulkan/wsi/wsi_horizon.c:2175]: wsi_horizon: zero-copy: the swapchain images are the scanout buffers (3 images, 1280x720, swap interval 1)
MESA: warning: vk_log*() called with client-invisible object 0x641aeab3a0 of type VK_OBJECT_TYPE_SWAPCHAIN_KHR
  note vk info [../../mesa/src/vulkan/wsi/wsi_horizon.c:2175]: wsi_horizon: zero-copy: the swapchain images are the scanout buffers (3 images, 1280x720, swap interval 1)
MESA: warning: vk_log*() called with client-invisible object 0x641bdfe4a0 of type VK_OBJECT_TYPE_SWAPCHAIN_KHR
  note vk info [../../mesa/src/vulkan/wsi/wsi_horizon.c:2175]: wsi_horizon: zero-copy: the swapchain images are the scanout buffers (3 images, 1280x720, swap interval 1)
MESA: warning: vk_log*() called with client-invisible object 0x641ae953a0 of type VK_OBJECT_TYPE_SWAPCHAIN_KHR
  note vk info [../../mesa/src/vulkan/wsi/wsi_horizon.c:2175]: wsi_horizon: zero-copy: the swapchain images are the scanout buffers (3 images, 1280x720, swap interval 1)
MESA: warning: vk_log*() called with client-invisible object 0x641ba9e400 of type VK_OBJECT_TYPE_SWAPCHAIN_KHR
  note vk info [../../mesa/src/vulkan/wsi/wsi_horizon.c:2175]: wsi_horizon: zero-copy: the swapchain images are the scanout buffers (3 images, 1280x720, swap interval 1)
MESA: warning: vk_log*() called with client-invisible object 0x641b29c3a0 of type VK_OBJECT_TYPE_SWAPCHAIN_KHR
  note vk info [../../mesa/src/vulkan/wsi/wsi_horizon.c:2175]: wsi_horizon: zero-copy: the swapchain images are the scanout buffers (3 images, 1280x720, swap interval 1)
MESA: warning: vk_log*() called with client-invisible object 0x641b6723a0 of type VK_OBJECT_TYPE_SWAPCHAIN_KHR
  note vk info [../../mesa/src/vulkan/wsi/wsi_horizon.c:2175]: wsi_horizon: zero-copy: the swapchain images are the scanout buffers (3 images, 1280x720, swap interval 1)
MESA: warning: vk_log*() called with client-invisible object 0x641ba943a0 of type VK_OBJECT_TYPE_SWAPCHAIN_KHR
  note vk info [../../mesa/src/vulkan/wsi/wsi_horizon.c:2175]: wsi_horizon: zero-copy: the swapchain images are the scanout buffers (3 images, 1280x720, swap interval 1)
MESA: warning: vk_log*() called with client-invisible object 0x641c2513a0 of type VK_OBJECT_TYPE_SWAPCHAIN_KHR
  note vk info [../../mesa/src/vulkan/wsi/wsi_horizon.c:2175]: wsi_horizon: zero-copy: the swapchain images are the scanout buffers (3 images, 1280x720, swap interval 1)
MESA: warning: vk_log*() called with client-invisible object 0x641c632340 of type VK_OBJECT_TYPE_SWAPCHAIN_KHR
  note vk info [../../mesa/src/vulkan/wsi/wsi_horizon.c:2175]: wsi_horizon: zero-copy: the swapchain images are the scanout buffers (3 images, 1280x720, swap interval 1)
MESA: warning: vk_log*() called with client-invisible object 0x641bb093a0 of type VK_OBJECT_TYPE_SWAPCHAIN_KHR
  note vk info [../../mesa/src/vulkan/wsi/wsi_horizon.c:2175]: wsi_horizon: zero-copy: the swapchain images are the scanout buffers (3 images, 1280x720, swap interval 1)
MESA: warning: vk_log*() called with client-invisible object 0x641bb1b3a0 of type VK_OBJECT_TYPE_SWAPCHAIN_KHR
  note vk info [../../mesa/src/vulkan/wsi/wsi_horizon.c:2175]: wsi_horizon: zero-copy: the swapchain images are the scanout buffers (3 images, 1280x720, swap interval 1)
MESA: warning: vk_log*() called with client-invisible object 0x641ba963a0 of type VK_OBJECT_TYPE_SWAPCHAIN_KHR
  note vk info [../../mesa/src/vulkan/wsi/wsi_horizon.c:2175]: wsi_horizon: zero-copy: the swapchain images are the scanout buffers (3 images, 1280x720, swap interval 1)
MESA: warning: vk_log*() called with client-invisible object 0x641b2544a0 of type VK_OBJECT_TYPE_SWAPCHAIN_KHR
  note vk info [../../mesa/src/vulkan/wsi/wsi_horizon.c:2175]: wsi_horizon: zero-copy: the swapchain images are the scanout buffers (3 images, 1280x720, swap interval 1)
MESA: warning: vk_log*() called with client-invisible object 0x641b27d3a0 of type VK_OBJECT_TYPE_SWAPCHAIN_KHR
  note vk info [../../mesa/src/vulkan/wsi/wsi_horizon.c:2175]: wsi_horizon: zero-copy: the swapchain images are the scanout buffers (3 images, 1280x720, swap interval 1)
MESA: warning: vk_log*() called with client-invisible object 0x641c29e4a0 of type VK_OBJECT_TYPE_SWAPCHAIN_KHR
  note vk info [../../mesa/src/vulkan/wsi/wsi_horizon.c:2175]: wsi_horizon: zero-copy: the swapchain images are the scanout buffers (3 images, 1280x720, swap interval 1)
MESA: warning: vk_log*() called with client-invisible object 0x641b2763a0 of type VK_OBJECT_TYPE_SWAPCHAIN_KHR
  note vk info [../../mesa/src/vulkan/wsi/wsi_horizon.c:2175]: wsi_horizon: zero-copy: the swapchain images are the scanout buffers (3 images, 1280x720, swap interval 1)
MESA: warning: vk_log*() called with client-invisible object 0x641be7c320 of type VK_OBJECT_TYPE_SWAPCHAIN_KHR
  note vk info [../../mesa/src/vulkan/wsi/wsi_horizon.c:2175]: wsi_horizon: zero-copy: the swapchain images are the scanout buffers (3 images, 1280x720, swap interval 1)
MESA: warning: vk_log*() called with client-invisible object 0x641ae313a0 of type VK_OBJECT_TYPE_SWAPCHAIN_KHR
  note vk info [../../mesa/src/vulkan/wsi/wsi_horizon.c:2175]: wsi_horizon: zero-copy: the swapchain images are the scanout buffers (3 images, 1280x720, swap interval 1)
  ok   B/zero-copy: 20 of 20 generations presented 400 of 400 frames each while the retired swapchain was destroyed on another thread -> VK_SUCCESS
  note B/zero-copy: the destroying thread ran on core 2
  ok   B/copy: allocation
MESA: warning: vk_log*() called with client-invisible object 0x641ae0b0e0 of type VK_OBJECT_TYPE_SWAPCHAIN_KHR
  note vk info [../../mesa/src/vulkan/wsi/wsi_horizon.c:2175]: wsi_horizon: copy fallback: the rendered image is copied into a framebuffer the compositor owns (3 images, 1280x720, swap interval 1)
MESA: warning: vk_log*() called with client-invisible object 0x641ae0b0e0 of type VK_OBJECT_TYPE_SWAPCHAIN_KHR
  note vk info [../../mesa/src/vulkan/wsi/wsi_horizon.c:2180]: wsi_horizon: zero-copy was declined because MESA_VK_WSI_HORIZON_FORCE_COPY asked for it
  ok   B/copy: the first swapchain -> VK_SUCCESS
MESA: warning: vk_log*() called with client-invisible object 0x641b1f9420 of type VK_OBJECT_TYPE_SWAPCHAIN_KHR
  note vk info [../../mesa/src/vulkan/wsi/wsi_horizon.c:2175]: wsi_horizon: copy fallback: the rendered image is copied into a framebuffer the compositor owns (3 images, 1280x720, swap interval 1)
MESA: warning: vk_log*() called with client-invisible object 0x641b1f9420 of type VK_OBJECT_TYPE_SWAPCHAIN_KHR
  note vk info [../../mesa/src/vulkan/wsi/wsi_horizon.c:2180]: wsi_horizon: zero-copy was declined because MESA_VK_WSI_HORIZON_FORCE_COPY asked for it
MESA: warning: vk_log*() called with client-invisible object 0x641ae31300 of type VK_OBJECT_TYPE_SWAPCHAIN_KHR
  note vk info [../../mesa/src/vulkan/wsi/wsi_horizon.c:2175]: wsi_horizon: copy fallback: the rendered image is copied into a framebuffer the compositor owns (3 images, 1280x720, swap interval 1)
MESA: warning: vk_log*() called with client-invisible object 0x641ae31300 of type VK_OBJECT_TYPE_SWAPCHAIN_KHR
  note vk info [../../mesa/src/vulkan/wsi/wsi_horizon.c:2180]: wsi_horizon: zero-copy was declined because MESA_VK_WSI_HORIZON_FORCE_COPY asked for it
MESA: warning: vk_log*() called with client-invisible object 0x641b64a3a0 of type VK_OBJECT_TYPE_SWAPCHAIN_KHR
  note vk info [../../mesa/src/vulkan/wsi/wsi_horizon.c:2175]: wsi_horizon: copy fallback: the rendered image is copied into a framebuffer the compositor owns (3 images, 1280x720, swap interval 1)
MESA: warning: vk_log*() called with client-invisible object 0x641b64a3a0 of type VK_OBJECT_TYPE_SWAPCHAIN_KHR
  note vk info [../../mesa/src/vulkan/wsi/wsi_horizon.c:2180]: wsi_horizon: zero-copy was declined because MESA_VK_WSI_HORIZON_FORCE_COPY asked for it
MESA: warning: vk_log*() called with client-invisible object 0x641b6c0300 of type VK_OBJECT_TYPE_SWAPCHAIN_KHR
  note vk info [../../mesa/src/vulkan/wsi/wsi_horizon.c:2175]: wsi_horizon: copy fallback: the rendered image is copied into a framebuffer the compositor owns (3 images, 1280x720, swap interval 1)
MESA: warning: vk_log*() called with client-invisible object 0x641b6c0300 of type VK_OBJECT_TYPE_SWAPCHAIN_KHR
  note vk info [../../mesa/src/vulkan/wsi/wsi_horizon.c:2180]: wsi_horizon: zero-copy was declined because MESA_VK_WSI_HORIZON_FORCE_COPY asked for it
MESA: warning: vk_log*() called with client-invisible object 0x641dbf4320 of type VK_OBJECT_TYPE_SWAPCHAIN_KHR
  note vk info [../../mesa/src/vulkan/wsi/wsi_horizon.c:2175]: wsi_horizon: copy fallback: the rendered image is copied into a framebuffer the compositor owns (3 images, 1280x720, swap interval 1)
MESA: warning: vk_log*() called with client-invisible object 0x641dbf4320 of type VK_OBJECT_TYPE_SWAPCHAIN_KHR
  note vk info [../../mesa/src/vulkan/wsi/wsi_horizon.c:2180]: wsi_horizon: zero-copy was declined because MESA_VK_WSI_HORIZON_FORCE_COPY asked for it
MESA: warning: vk_log*() called with client-invisible object 0x641ae0b0e0 of type VK_OBJECT_TYPE_SWAPCHAIN_KHR
  note vk info [../../mesa/src/vulkan/wsi/wsi_horizon.c:2175]: wsi_horizon: copy fallback: the rendered image is copied into a framebuffer the compositor owns (3 images, 1280x720, swap interval 1)
MESA: warning: vk_log*() called with client-invisible object 0x641ae0b0e0 of type VK_OBJECT_TYPE_SWAPCHAIN_KHR
  note vk info [../../mesa/src/vulkan/wsi/wsi_horizon.c:2180]: wsi_horizon: zero-copy was declined because MESA_VK_WSI_HORIZON_FORCE_COPY asked for it
MESA: warning: vk_log*() called with client-invisible object 0x641bdea320 of type VK_OBJECT_TYPE_SWAPCHAIN_KHR
  note vk info [../../mesa/src/vulkan/wsi/wsi_horizon.c:2175]: wsi_horizon: copy fallback: the rendered image is copied into a framebuffer the compositor owns (3 images, 1280x720, swap interval 1)
MESA: warning: vk_log*() called with client-invisible object 0x641bdea320 of type VK_OBJECT_TYPE_SWAPCHAIN_KHR
  note vk info [../../mesa/src/vulkan/wsi/wsi_horizon.c:2180]: wsi_horizon: zero-copy was declined because MESA_VK_WSI_HORIZON_FORCE_COPY asked for it
MESA: warning: vk_log*() called with client-invisible object 0x641dc02220 of type VK_OBJECT_TYPE_SWAPCHAIN_KHR
  note vk info [../../mesa/src/vulkan/wsi/wsi_horizon.c:2175]: wsi_horizon: copy fallback: the rendered image is copied into a framebuffer the compositor owns (3 images, 1280x720, swap interval 1)
MESA: warning: vk_log*() called with client-invisible object 0x641dc02220 of type VK_OBJECT_TYPE_SWAPCHAIN_KHR
  note vk info [../../mesa/src/vulkan/wsi/wsi_horizon.c:2180]: wsi_horizon: zero-copy was declined because MESA_VK_WSI_HORIZON_FORCE_COPY asked for it
MESA: warning: vk_log*() called with client-invisible object 0x641d4353a0 of type VK_OBJECT_TYPE_SWAPCHAIN_KHR
  note vk info [../../mesa/src/vulkan/wsi/wsi_horizon.c:2175]: wsi_horizon: copy fallback: the rendered image is copied into a framebuffer the compositor owns (3 images, 1280x720, swap interval 1)
MESA: warning: vk_log*() called with client-invisible object 0x641d4353a0 of type VK_OBJECT_TYPE_SWAPCHAIN_KHR
  note vk info [../../mesa/src/vulkan/wsi/wsi_horizon.c:2180]: wsi_horizon: zero-copy was declined because MESA_VK_WSI_HORIZON_FORCE_COPY asked for it
MESA: warning: vk_log*() called with client-invisible object 0x641c5f5300 of type VK_OBJECT_TYPE_SWAPCHAIN_KHR
  note vk info [../../mesa/src/vulkan/wsi/wsi_horizon.c:2175]: wsi_horizon: copy fallback: the rendered image is copied into a framebuffer the compositor owns (3 images, 1280x720, swap interval 1)
MESA: warning: vk_log*() called with client-invisible object 0x641c5f5300 of type VK_OBJECT_TYPE_SWAPCHAIN_KHR
  note vk info [../../mesa/src/vulkan/wsi/wsi_horizon.c:2180]: wsi_horizon: zero-copy was declined because MESA_VK_WSI_HORIZON_FORCE_COPY asked for it
MESA: warning: vk_log*() called with client-invisible object 0x641c195320 of type VK_OBJECT_TYPE_SWAPCHAIN_KHR
  note vk info [../../mesa/src/vulkan/wsi/wsi_horizon.c:2175]: wsi_horizon: copy fallback: the rendered image is copied into a framebuffer the compositor owns (3 images, 1280x720, swap interval 1)
MESA: warning: vk_log*() called with client-invisible object 0x641c195320 of type VK_OBJECT_TYPE_SWAPCHAIN_KHR
  note vk info [../../mesa/src/vulkan/wsi/wsi_horizon.c:2180]: wsi_horizon: zero-copy was declined because MESA_VK_WSI_HORIZON_FORCE_COPY asked for it
MESA: warning: vk_log*() called with client-invisible object 0x641b973300 of type VK_OBJECT_TYPE_SWAPCHAIN_KHR
  note vk info [../../mesa/src/vulkan/wsi/wsi_horizon.c:2175]: wsi_horizon: copy fallback: the rendered image is copied into a framebuffer the compositor owns (3 images, 1280x720, swap interval 1)
MESA: warning: vk_log*() called with client-invisible object 0x641b973300 of type VK_OBJECT_TYPE_SWAPCHAIN_KHR
  note vk info [../../mesa/src/vulkan/wsi/wsi_horizon.c:2180]: wsi_horizon: zero-copy was declined because MESA_VK_WSI_HORIZON_FORCE_COPY asked for it
MESA: warning: vk_log*() called with client-invisible object 0x641dbd43a0 of type VK_OBJECT_TYPE_SWAPCHAIN_KHR
  note vk info [../../mesa/src/vulkan/wsi/wsi_horizon.c:2175]: wsi_horizon: copy fallback: the rendered image is copied into a framebuffer the compositor owns (3 images, 1280x720, swap interval 1)
MESA: warning: vk_log*() called with client-invisible object 0x641dbd43a0 of type VK_OBJECT_TYPE_SWAPCHAIN_KHR
  note vk info [../../mesa/src/vulkan/wsi/wsi_horizon.c:2180]: wsi_horizon: zero-copy was declined because MESA_VK_WSI_HORIZON_FORCE_COPY asked for it
MESA: warning: vk_log*() called with client-invisible object 0x641c154300 of type VK_OBJECT_TYPE_SWAPCHAIN_KHR
  note vk info [../../mesa/src/vulkan/wsi/wsi_horizon.c:2175]: wsi_horizon: copy fallback: the rendered image is copied into a framebuffer the compositor owns (3 images, 1280x720, swap interval 1)
MESA: warning: vk_log*() called with client-invisible object 0x641c154300 of type VK_OBJECT_TYPE_SWAPCHAIN_KHR
  note vk info [../../mesa/src/vulkan/wsi/wsi_horizon.c:2180]: wsi_horizon: zero-copy was declined because MESA_VK_WSI_HORIZON_FORCE_COPY asked for it
MESA: warning: vk_log*() called with client-invisible object 0x641c9553a0 of type VK_OBJECT_TYPE_SWAPCHAIN_KHR
  note vk info [../../mesa/src/vulkan/wsi/wsi_horizon.c:2175]: wsi_horizon: copy fallback: the rendered image is copied into a framebuffer the compositor owns (3 images, 1280x720, swap interval 1)
MESA: warning: vk_log*() called with client-invisible object 0x641c9553a0 of type VK_OBJECT_TYPE_SWAPCHAIN_KHR
  note vk info [../../mesa/src/vulkan/wsi/wsi_horizon.c:2180]: wsi_horizon: zero-copy was declined because MESA_VK_WSI_HORIZON_FORCE_COPY asked for it
MESA: warning: vk_log*() called with client-invisible object 0x641cd75220 of type VK_OBJECT_TYPE_SWAPCHAIN_KHR
  note vk info [../../mesa/src/vulkan/wsi/wsi_horizon.c:2175]: wsi_horizon: copy fallback: the rendered image is copied into a framebuffer the compositor owns (3 images, 1280x720, swap interval 1)
MESA: warning: vk_log*() called with client-invisible object 0x641cd75220 of type VK_OBJECT_TYPE_SWAPCHAIN_KHR
  note vk info [../../mesa/src/vulkan/wsi/wsi_horizon.c:2180]: wsi_horizon: zero-copy was declined because MESA_VK_WSI_HORIZON_FORCE_COPY asked for it
MESA: warning: vk_log*() called with client-invisible object 0x641e1383a0 of type VK_OBJECT_TYPE_SWAPCHAIN_KHR
  note vk info [../../mesa/src/vulkan/wsi/wsi_horizon.c:2175]: wsi_horizon: copy fallback: the rendered image is copied into a framebuffer the compositor owns (3 images, 1280x720, swap interval 1)
MESA: warning: vk_log*() called with client-invisible object 0x641e1383a0 of type VK_OBJECT_TYPE_SWAPCHAIN_KHR
  note vk info [../../mesa/src/vulkan/wsi/wsi_horizon.c:2180]: wsi_horizon: zero-copy was declined because MESA_VK_WSI_HORIZON_FORCE_COPY asked for it
MESA: warning: vk_log*() called with client-invisible object 0x641d956300 of type VK_OBJECT_TYPE_SWAPCHAIN_KHR
  note vk info [../../mesa/src/vulkan/wsi/wsi_horizon.c:2175]: wsi_horizon: copy fallback: the rendered image is copied into a framebuffer the compositor owns (3 images, 1280x720, swap interval 1)
MESA: warning: vk_log*() called with client-invisible object 0x641d956300 of type VK_OBJECT_TYPE_SWAPCHAIN_KHR
  note vk info [../../mesa/src/vulkan/wsi/wsi_horizon.c:2180]: wsi_horizon: zero-copy was declined because MESA_VK_WSI_HORIZON_FORCE_COPY asked for it
MESA: warning: vk_log*() called with client-invisible object 0x641d0c43a0 of type VK_OBJECT_TYPE_SWAPCHAIN_KHR
  note vk info [../../mesa/src/vulkan/wsi/wsi_horizon.c:2175]: wsi_horizon: copy fallback: the rendered image is copied into a framebuffer the compositor owns (3 images, 1280x720, swap interval 1)
MESA: warning: vk_log*() called with client-invisible object 0x641d0c43a0 of type VK_OBJECT_TYPE_SWAPCHAIN_KHR
  note vk info [../../mesa/src/vulkan/wsi/wsi_horizon.c:2180]: wsi_horizon: zero-copy was declined because MESA_VK_WSI_HORIZON_FORCE_COPY asked for it
MESA: warning: vk_log*() called with client-invisible object 0x641dd45220 of type VK_OBJECT_TYPE_SWAPCHAIN_KHR
  note vk info [../../mesa/src/vulkan/wsi/wsi_horizon.c:2175]: wsi_horizon: copy fallback: the rendered image is copied into a framebuffer the compositor owns (3 images, 1280x720, swap interval 1)
MESA: warning: vk_log*() called with client-invisible object 0x641dd45220 of type VK_OBJECT_TYPE_SWAPCHAIN_KHR
  note vk info [../../mesa/src/vulkan/wsi/wsi_horizon.c:2180]: wsi_horizon: zero-copy was declined because MESA_VK_WSI_HORIZON_FORCE_COPY asked for it
  ok   B/copy: 20 of 20 generations presented 400 of 400 frames each while the retired swapchain was destroyed on another thread -> VK_SUCCESS
  note B/copy: the destroying thread ran on core 2
MESA: warning: vk_log*() called with client-invisible object 0x641ae0b0e0 of type VK_OBJECT_TYPE_SWAPCHAIN_KHR
  note vk info [../../mesa/src/vulkan/wsi/wsi_horizon.c:2175]: wsi_horizon: zero-copy: the swapchain images are the scanout buffers (3 images, 1280x720, swap interval 1)
  ok   C: the swapchain -> VK_SUCCESS
  ok   C: a render thread and a present thread were started
  ok   C: the render thread acquired and submitted 600 of 600 frames -> VK_SUCCESS
  ok   C: the present thread presented 600 of 600 frames -> VK_SUCCESS
  note C: 600 frames in 9968169 us, mean 16613 us per frame (a refresh is 16666 us)
  ok   C: the split-thread pipeline keeps up with the display (mean 16613 us against a 16666 us refresh)
  note C: render thread on core 1, present thread on core 2 (-1 means it could not be pinned and shares main's)
MESA: warning: vk_log*() called with client-invisible object 0x641ae0b0e0 of type VK_OBJECT_TYPE_SWAPCHAIN_KHR
  note vk info [../../mesa/src/vulkan/wsi/wsi_horizon.c:2175]: wsi_horizon: zero-copy: the swapchain images are the scanout buffers (2 images, 1280x720, swap interval 1)
  ok   D: the first generation -> VK_SUCCESS
MESA: warning: vk_log*() called with client-invisible object 0x641ae27460 of type VK_OBJECT_TYPE_SWAPCHAIN_KHR
  note vk info [../../mesa/src/vulkan/wsi/wsi_horizon.c:2175]: wsi_horizon: zero-copy: the swapchain images are the scanout buffers (2 images, 1280x720, swap interval 1)
MESA: warning: vk_log*() called with client-invisible object 0x641b5f12e0 of type VK_OBJECT_TYPE_SWAPCHAIN_KHR
  note vk info [../../mesa/src/vulkan/wsi/wsi_horizon.c:2175]: wsi_horizon: zero-copy: the swapchain images are the scanout buffers (3 images, 1280x720, swap interval 1)
MESA: warning: vk_log*() called with client-invisible object 0x641b2863a0 of type VK_OBJECT_TYPE_SWAPCHAIN_KHR
  note vk info [../../mesa/src/vulkan/wsi/wsi_horizon.c:2175]: wsi_horizon: copy fallback: the rendered image is copied into a framebuffer the compositor owns (2 images, 1280x720, swap interval 1)
MESA: warning: vk_log*() called with client-invisible object 0x641b2863a0 of type VK_OBJECT_TYPE_SWAPCHAIN_KHR
  note vk info [../../mesa/src/vulkan/wsi/wsi_horizon.c:2180]: wsi_horizon: zero-copy was declined because MESA_VK_WSI_HORIZON_FORCE_COPY asked for it
MESA: warning: vk_log*() called with client-invisible object 0x641b244380 of type VK_OBJECT_TYPE_SWAPCHAIN_KHR
  note vk info [../../mesa/src/vulkan/wsi/wsi_horizon.c:2175]: wsi_horizon: copy fallback: the rendered image is copied into a framebuffer the compositor owns (3 images, 1280x720, swap interval 1)
MESA: warning: vk_log*() called with client-invisible object 0x641b244380 of type VK_OBJECT_TYPE_SWAPCHAIN_KHR
  note vk info [../../mesa/src/vulkan/wsi/wsi_horizon.c:2180]: wsi_horizon: zero-copy was declined because MESA_VK_WSI_HORIZON_FORCE_COPY asked for it
MESA: warning: vk_log*() called with client-invisible object 0x641c9553a0 of type VK_OBJECT_TYPE_SWAPCHAIN_KHR
  note vk info [../../mesa/src/vulkan/wsi/wsi_horizon.c:2175]: wsi_horizon: zero-copy: the swapchain images are the scanout buffers (2 images, 1280x720, swap interval 1)
MESA: warning: vk_log*() called with client-invisible object 0x641ba403a0 of type VK_OBJECT_TYPE_SWAPCHAIN_KHR
  note vk info [../../mesa/src/vulkan/wsi/wsi_horizon.c:2175]: wsi_horizon: zero-copy: the swapchain images are the scanout buffers (3 images, 1280x720, swap interval 1)
MESA: warning: vk_log*() called with client-invisible object 0x641c660320 of type VK_OBJECT_TYPE_SWAPCHAIN_KHR
  note vk info [../../mesa/src/vulkan/wsi/wsi_horizon.c:2175]: wsi_horizon: copy fallback: the rendered image is copied into a framebuffer the compositor owns (2 images, 1280x720, swap interval 1)
MESA: warning: vk_log*() called with client-invisible object 0x641c660320 of type VK_OBJECT_TYPE_SWAPCHAIN_KHR
  note vk info [../../mesa/src/vulkan/wsi/wsi_horizon.c:2180]: wsi_horizon: zero-copy was declined because MESA_VK_WSI_HORIZON_FORCE_COPY asked for it
MESA: warning: vk_log*() called with client-invisible object 0x641ba183a0 of type VK_OBJECT_TYPE_SWAPCHAIN_KHR
  note vk info [../../mesa/src/vulkan/wsi/wsi_horizon.c:2175]: wsi_horizon: copy fallback: the rendered image is copied into a framebuffer the compositor owns (3 images, 1280x720, swap interval 1)
MESA: warning: vk_log*() called with client-invisible object 0x641ba183a0 of type VK_OBJECT_TYPE_SWAPCHAIN_KHR
  note vk info [../../mesa/src/vulkan/wsi/wsi_horizon.c:2180]: wsi_horizon: zero-copy was declined because MESA_VK_WSI_HORIZON_FORCE_COPY asked for it
MESA: warning: vk_log*() called with client-invisible object 0x641c6153a0 of type VK_OBJECT_TYPE_SWAPCHAIN_KHR
  note vk info [../../mesa/src/vulkan/wsi/wsi_horizon.c:2175]: wsi_horizon: zero-copy: the swapchain images are the scanout buffers (2 images, 1280x720, swap interval 1)
MESA: warning: vk_log*() called with client-invisible object 0x641b26b3a0 of type VK_OBJECT_TYPE_SWAPCHAIN_KHR
  note vk info [../../mesa/src/vulkan/wsi/wsi_horizon.c:2175]: wsi_horizon: zero-copy: the swapchain images are the scanout buffers (3 images, 1280x720, swap interval 1)
MESA: warning: vk_log*() called with client-invisible object 0x641be803a0 of type VK_OBJECT_TYPE_SWAPCHAIN_KHR
  note vk info [../../mesa/src/vulkan/wsi/wsi_horizon.c:2175]: wsi_horizon: copy fallback: the rendered image is copied into a framebuffer the compositor owns (2 images, 1280x720, swap interval 1)
MESA: warning: vk_log*() called with client-invisible object 0x641be803a0 of type VK_OBJECT_TYPE_SWAPCHAIN_KHR
  note vk info [../../mesa/src/vulkan/wsi/wsi_horizon.c:2180]: wsi_horizon: zero-copy was declined because MESA_VK_WSI_HORIZON_FORCE_COPY asked for it
MESA: warning: vk_log*() called with client-invisible object 0x641be6f1e0 of type VK_OBJECT_TYPE_SWAPCHAIN_KHR
  note vk info [../../mesa/src/vulkan/wsi/wsi_horizon.c:2175]: wsi_horizon: copy fallback: the rendered image is copied into a framebuffer the compositor owns (3 images, 1280x720, swap interval 1)
MESA: warning: vk_log*() called with client-invisible object 0x641be6f1e0 of type VK_OBJECT_TYPE_SWAPCHAIN_KHR
  note vk info [../../mesa/src/vulkan/wsi/wsi_horizon.c:2180]: wsi_horizon: zero-copy was declined because MESA_VK_WSI_HORIZON_FORCE_COPY asked for it
MESA: warning: vk_log*() called with client-invisible object 0x641be353a0 of type VK_OBJECT_TYPE_SWAPCHAIN_KHR
  note vk info [../../mesa/src/vulkan/wsi/wsi_horizon.c:2175]: wsi_horizon: zero-copy: the swapchain images are the scanout buffers (2 images, 1280x720, swap interval 1)
MESA: warning: vk_log*() called with client-invisible object 0x641c267a00 of type VK_OBJECT_TYPE_SWAPCHAIN_KHR
  note vk info [../../mesa/src/vulkan/wsi/wsi_horizon.c:2175]: wsi_horizon: zero-copy: the swapchain images are the scanout buffers (3 images, 1280x720, swap interval 1)
MESA: warning: vk_log*() called with client-invisible object 0x641be203a0 of type VK_OBJECT_TYPE_SWAPCHAIN_KHR
  note vk info [../../mesa/src/vulkan/wsi/wsi_horizon.c:2175]: wsi_horizon: copy fallback: the rendered image is copied into a framebuffer the compositor owns (2 images, 1280x720, swap interval 1)
MESA: warning: vk_log*() called with client-invisible object 0x641be203a0 of type VK_OBJECT_TYPE_SWAPCHAIN_KHR
  note vk info [../../mesa/src/vulkan/wsi/wsi_horizon.c:2180]: wsi_horizon: zero-copy was declined because MESA_VK_WSI_HORIZON_FORCE_COPY asked for it
MESA: warning: vk_log*() called with client-invisible object 0x641c2443a0 of type VK_OBJECT_TYPE_SWAPCHAIN_KHR
  note vk info [../../mesa/src/vulkan/wsi/wsi_horizon.c:2175]: wsi_horizon: copy fallback: the rendered image is copied into a framebuffer the compositor owns (3 images, 1280x720, swap interval 1)
MESA: warning: vk_log*() called with client-invisible object 0x641c2443a0 of type VK_OBJECT_TYPE_SWAPCHAIN_KHR
  note vk info [../../mesa/src/vulkan/wsi/wsi_horizon.c:2180]: wsi_horizon: zero-copy was declined because MESA_VK_WSI_HORIZON_FORCE_COPY asked for it
MESA: warning: vk_log*() called with client-invisible object 0x641bdd53a0 of type VK_OBJECT_TYPE_SWAPCHAIN_KHR
  note vk info [../../mesa/src/vulkan/wsi/wsi_horizon.c:2175]: wsi_horizon: zero-copy: the swapchain images are the scanout buffers (2 images, 1280x720, swap interval 1)
MESA: warning: vk_log*() called with client-invisible object 0x641bdd67a0 of type VK_OBJECT_TYPE_SWAPCHAIN_KHR
  note vk info [../../mesa/src/vulkan/wsi/wsi_horizon.c:2175]: wsi_horizon: zero-copy: the swapchain images are the scanout buffers (3 images, 1280x720, swap interval 1)
MESA: warning: vk_log*() called with client-invisible object 0x641c25a4e0 of type VK_OBJECT_TYPE_SWAPCHAIN_KHR
  note vk info [../../mesa/src/vulkan/wsi/wsi_horizon.c:2175]: wsi_horizon: copy fallback: the rendered image is copied into a framebuffer the compositor owns (2 images, 1280x720, swap interval 1)
MESA: warning: vk_log*() called with client-invisible object 0x641c25a4e0 of type VK_OBJECT_TYPE_SWAPCHAIN_KHR
  note vk info [../../mesa/src/vulkan/wsi/wsi_horizon.c:2180]: wsi_horizon: zero-copy was declined because MESA_VK_WSI_HORIZON_FORCE_COPY asked for it
MESA: warning: vk_log*() called with client-invisible object 0x641b9e33a0 of type VK_OBJECT_TYPE_SWAPCHAIN_KHR
  note vk info [../../mesa/src/vulkan/wsi/wsi_horizon.c:2175]: wsi_horizon: copy fallback: the rendered image is copied into a framebuffer the compositor owns (3 images, 1280x720, swap interval 1)
MESA: warning: vk_log*() called with client-invisible object 0x641b9e33a0 of type VK_OBJECT_TYPE_SWAPCHAIN_KHR
  note vk info [../../mesa/src/vulkan/wsi/wsi_horizon.c:2180]: wsi_horizon: zero-copy was declined because MESA_VK_WSI_HORIZON_FORCE_COPY asked for it
MESA: warning: vk_log*() called with client-invisible object 0x641c22a300 of type VK_OBJECT_TYPE_SWAPCHAIN_KHR
  note vk info [../../mesa/src/vulkan/wsi/wsi_horizon.c:2175]: wsi_horizon: zero-copy: the swapchain images are the scanout buffers (2 images, 1280x720, swap interval 1)
MESA: warning: vk_log*() called with client-invisible object 0x641c647a00 of type VK_OBJECT_TYPE_SWAPCHAIN_KHR
  note vk info [../../mesa/src/vulkan/wsi/wsi_horizon.c:2175]: wsi_horizon: zero-copy: the swapchain images are the scanout buffers (3 images, 1280x720, swap interval 1)
MESA: warning: vk_log*() called with client-invisible object 0x641ba40300 of type VK_OBJECT_TYPE_SWAPCHAIN_KHR
  note vk info [../../mesa/src/vulkan/wsi/wsi_horizon.c:2175]: wsi_horizon: copy fallback: the rendered image is copied into a framebuffer the compositor owns (2 images, 1280x720, swap interval 1)
MESA: warning: vk_log*() called with client-invisible object 0x641ba40300 of type VK_OBJECT_TYPE_SWAPCHAIN_KHR
  note vk info [../../mesa/src/vulkan/wsi/wsi_horizon.c:2180]: wsi_horizon: zero-copy was declined because MESA_VK_WSI_HORIZON_FORCE_COPY asked for it
MESA: warning: vk_log*() called with client-invisible object 0x641c5d9380 of type VK_OBJECT_TYPE_SWAPCHAIN_KHR
  note vk info [../../mesa/src/vulkan/wsi/wsi_horizon.c:2175]: wsi_horizon: copy fallback: the rendered image is copied into a framebuffer the compositor owns (3 images, 1280x720, swap interval 1)
MESA: warning: vk_log*() called with client-invisible object 0x641c5d9380 of type VK_OBJECT_TYPE_SWAPCHAIN_KHR
  note vk info [../../mesa/src/vulkan/wsi/wsi_horizon.c:2180]: wsi_horizon: zero-copy was declined because MESA_VK_WSI_HORIZON_FORCE_COPY asked for it
MESA: warning: vk_log*() called with client-invisible object 0x641b1f1300 of type VK_OBJECT_TYPE_SWAPCHAIN_KHR
  note vk info [../../mesa/src/vulkan/wsi/wsi_horizon.c:2175]: wsi_horizon: zero-copy: the swapchain images are the scanout buffers (2 images, 1280x720, swap interval 1)
MESA: warning: vk_log*() called with client-invisible object 0x641be8b380 of type VK_OBJECT_TYPE_SWAPCHAIN_KHR
  note vk info [../../mesa/src/vulkan/wsi/wsi_horizon.c:2175]: wsi_horizon: zero-copy: the swapchain images are the scanout buffers (3 images, 1280x720, swap interval 1)
MESA: warning: vk_log*() called with client-invisible object 0x641ba16280 of type VK_OBJECT_TYPE_SWAPCHAIN_KHR
  note vk info [../../mesa/src/vulkan/wsi/wsi_horizon.c:2175]: wsi_horizon: copy fallback: the rendered image is copied into a framebuffer the compositor owns (2 images, 1280x720, swap interval 1)
MESA: warning: vk_log*() called with client-invisible object 0x641ba16280 of type VK_OBJECT_TYPE_SWAPCHAIN_KHR
  note vk info [../../mesa/src/vulkan/wsi/wsi_horizon.c:2180]: wsi_horizon: zero-copy was declined because MESA_VK_WSI_HORIZON_FORCE_COPY asked for it
MESA: warning: vk_log*() called with client-invisible object 0x641be9c380 of type VK_OBJECT_TYPE_SWAPCHAIN_KHR
  note vk info [../../mesa/src/vulkan/wsi/wsi_horizon.c:2175]: wsi_horizon: copy fallback: the rendered image is copied into a framebuffer the compositor owns (3 images, 1280x720, swap interval 1)
MESA: warning: vk_log*() called with client-invisible object 0x641be9c380 of type VK_OBJECT_TYPE_SWAPCHAIN_KHR
  note vk info [../../mesa/src/vulkan/wsi/wsi_horizon.c:2180]: wsi_horizon: zero-copy was declined because MESA_VK_WSI_HORIZON_FORCE_COPY asked for it
MESA: warning: vk_log*() called with client-invisible object 0x641b1f1300 of type VK_OBJECT_TYPE_SWAPCHAIN_KHR
  note vk info [../../mesa/src/vulkan/wsi/wsi_horizon.c:2175]: wsi_horizon: zero-copy: the swapchain images are the scanout buffers (2 images, 1280x720, swap interval 1)
MESA: warning: vk_log*() called with client-invisible object 0x641be4b380 of type VK_OBJECT_TYPE_SWAPCHAIN_KHR
  note vk info [../../mesa/src/vulkan/wsi/wsi_horizon.c:2175]: wsi_horizon: zero-copy: the swapchain images are the scanout buffers (3 images, 1280x720, swap interval 1)
  ok   D: 30 of 30 swapchain generations, 900 frames, each generation's predecessor destroyed on another thread while it presented -> VK_SUCCESS
MESA: warning: vk_log*() called with client-invisible object 0x641ae0b0e0 of type VK_OBJECT_TYPE_SWAPCHAIN_KHR
  note vk info [../../mesa/src/vulkan/wsi/wsi_horizon.c:2175]: wsi_horizon: zero-copy: the swapchain images are the scanout buffers (3 images, 1280x720, swap interval 1)
  ok   E: the swapchain -> VK_SUCCESS
  ok   E: the device-work thread was started
  ok   E: 300 of 300 frames presented while another thread allocated, created and queried -> VK_SUCCESS
  ok   E: the device-work thread did 1043 buffers, 1043 images and 1043 surface queries -> VK_SUCCESS
MESA: warning: vk_log*() called with client-invisible object 0x641ae0b160 of type VK_OBJECT_TYPE_SWAPCHAIN_KHR
  note vk info [../../mesa/src/vulkan/wsi/wsi_horizon.c:2175]: wsi_horizon: zero-copy: the swapchain images are the scanout buffers (3 images, 1280x720, swap interval 1)
  ok   F: the first swapchain -> VK_SUCCESS
MESA: warning: vk_log*() called with client-invisible object 0x641ae6d120 of type VK_OBJECT_TYPE_SWAPCHAIN_KHR
  note vk info [../../mesa/src/vulkan/wsi/wsi_horizon.c:2175]: wsi_horizon: copy fallback: the rendered image is copied into a framebuffer the compositor owns (3 images, 1280x720, swap interval 1)
MESA: warning: vk_log*() called with client-invisible object 0x641ae6d120 of type VK_OBJECT_TYPE_SWAPCHAIN_KHR
  note vk info [../../mesa/src/vulkan/wsi/wsi_horizon.c:2180]: wsi_horizon: zero-copy was declined because MESA_VK_WSI_HORIZON_FORCE_COPY asked for it
MESA: warning: vk_log*() called with client-invisible object 0x641b694380 of type VK_OBJECT_TYPE_SWAPCHAIN_KHR
  note vk info [../../mesa/src/vulkan/wsi/wsi_horizon.c:2175]: wsi_horizon: zero-copy: the swapchain images are the scanout buffers (3 images, 1280x720, swap interval 1)
MESA: warning: vk_log*() called with client-invisible object 0x641b3623a0 of type VK_OBJECT_TYPE_SWAPCHAIN_KHR
  note vk info [../../mesa/src/vulkan/wsi/wsi_horizon.c:2175]: wsi_horizon: copy fallback: the rendered image is copied into a framebuffer the compositor owns (3 images, 1280x720, swap interval 1)
MESA: warning: vk_log*() called with client-invisible object 0x641b3623a0 of type VK_OBJECT_TYPE_SWAPCHAIN_KHR
  note vk info [../../mesa/src/vulkan/wsi/wsi_horizon.c:2180]: wsi_horizon: zero-copy was declined because MESA_VK_WSI_HORIZON_FORCE_COPY asked for it
MESA: warning: vk_log*() called with client-invisible object 0x641b4401c0 of type VK_OBJECT_TYPE_SWAPCHAIN_KHR
  note vk info [../../mesa/src/vulkan/wsi/wsi_horizon.c:2175]: wsi_horizon: zero-copy: the swapchain images are the scanout buffers (3 images, 1280x720, swap interval 1)
MESA: warning: vk_log*() called with client-invisible object 0x641b38f3a0 of type VK_OBJECT_TYPE_SWAPCHAIN_KHR
  note vk info [../../mesa/src/vulkan/wsi/wsi_horizon.c:2175]: wsi_horizon: copy fallback: the rendered image is copied into a framebuffer the compositor owns (3 images, 1280x720, swap interval 1)
MESA: warning: vk_log*() called with client-invisible object 0x641b38f3a0 of type VK_OBJECT_TYPE_SWAPCHAIN_KHR
  note vk info [../../mesa/src/vulkan/wsi/wsi_horizon.c:2180]: wsi_horizon: zero-copy was declined because MESA_VK_WSI_HORIZON_FORCE_COPY asked for it
MESA: warning: vk_log*() called with client-invisible object 0x641aed13a0 of type VK_OBJECT_TYPE_SWAPCHAIN_KHR
  note vk info [../../mesa/src/vulkan/wsi/wsi_horizon.c:2175]: wsi_horizon: zero-copy: the swapchain images are the scanout buffers (3 images, 1280x720, swap interval 1)
MESA: warning: vk_log*() called with client-invisible object 0x641c6733a0 of type VK_OBJECT_TYPE_SWAPCHAIN_KHR
  note vk info [../../mesa/src/vulkan/wsi/wsi_horizon.c:2175]: wsi_horizon: copy fallback: the rendered image is copied into a framebuffer the compositor owns (3 images, 1280x720, swap interval 1)
MESA: warning: vk_log*() called with client-invisible object 0x641c6733a0 of type VK_OBJECT_TYPE_SWAPCHAIN_KHR
  note vk info [../../mesa/src/vulkan/wsi/wsi_horizon.c:2180]: wsi_horizon: zero-copy was declined because MESA_VK_WSI_HORIZON_FORCE_COPY asked for it
MESA: warning: vk_log*() called with client-invisible object 0x641b3353a0 of type VK_OBJECT_TYPE_SWAPCHAIN_KHR
  note vk info [../../mesa/src/vulkan/wsi/wsi_horizon.c:2175]: wsi_horizon: zero-copy: the swapchain images are the scanout buffers (3 images, 1280x720, swap interval 1)
MESA: warning: vk_log*() called with client-invisible object 0x641ae843a0 of type VK_OBJECT_TYPE_SWAPCHAIN_KHR
  note vk info [../../mesa/src/vulkan/wsi/wsi_horizon.c:2175]: wsi_horizon: copy fallback: the rendered image is copied into a framebuffer the compositor owns (3 images, 1280x720, swap interval 1)
MESA: warning: vk_log*() called with client-invisible object 0x641ae843a0 of type VK_OBJECT_TYPE_SWAPCHAIN_KHR
  note vk info [../../mesa/src/vulkan/wsi/wsi_horizon.c:2180]: wsi_horizon: zero-copy was declined because MESA_VK_WSI_HORIZON_FORCE_COPY asked for it
MESA: warning: vk_log*() called with client-invisible object 0x641ae963a0 of type VK_OBJECT_TYPE_SWAPCHAIN_KHR
  note vk info [../../mesa/src/vulkan/wsi/wsi_horizon.c:2175]: wsi_horizon: zero-copy: the swapchain images are the scanout buffers (3 images, 1280x720, swap interval 1)
MESA: warning: vk_log*() called with client-invisible object 0x641b2ac100 of type VK_OBJECT_TYPE_SWAPCHAIN_KHR
  note vk info [../../mesa/src/vulkan/wsi/wsi_horizon.c:2175]: wsi_horizon: copy fallback: the rendered image is copied into a framebuffer the compositor owns (3 images, 1280x720, swap interval 1)
MESA: warning: vk_log*() called with client-invisible object 0x641b2ac100 of type VK_OBJECT_TYPE_SWAPCHAIN_KHR
  note vk info [../../mesa/src/vulkan/wsi/wsi_horizon.c:2180]: wsi_horizon: zero-copy was declined because MESA_VK_WSI_HORIZON_FORCE_COPY asked for it
MESA: warning: vk_log*() called with client-invisible object 0x641aec03a0 of type VK_OBJECT_TYPE_SWAPCHAIN_KHR
  note vk info [../../mesa/src/vulkan/wsi/wsi_horizon.c:2175]: wsi_horizon: zero-copy: the swapchain images are the scanout buffers (3 images, 1280x720, swap interval 1)
MESA: warning: vk_log*() called with client-invisible object 0x641cec23a0 of type VK_OBJECT_TYPE_SWAPCHAIN_KHR
  note vk info [../../mesa/src/vulkan/wsi/wsi_horizon.c:2175]: wsi_horizon: copy fallback: the rendered image is copied into a framebuffer the compositor owns (3 images, 1280x720, swap interval 1)
MESA: warning: vk_log*() called with client-invisible object 0x641cec23a0 of type VK_OBJECT_TYPE_SWAPCHAIN_KHR
  note vk info [../../mesa/src/vulkan/wsi/wsi_horizon.c:2180]: wsi_horizon: zero-copy was declined because MESA_VK_WSI_HORIZON_FORCE_COPY asked for it
MESA: warning: vk_log*() called with client-invisible object 0x641cae0560 of type VK_OBJECT_TYPE_SWAPCHAIN_KHR
  note vk info [../../mesa/src/vulkan/wsi/wsi_horizon.c:2175]: wsi_horizon: zero-copy: the swapchain images are the scanout buffers (3 images, 1280x720, swap interval 1)
  ok   F: 3000 of 3000 frames over 14 swapchain generations, with a device-work thread running throughout -> VK_SUCCESS (frame 0)
  note F: 50195550 us total, mean 16731 us per frame, shortest interval 648 us, longest 26429 us
  ok   F: the device-work thread survived the soak (10364 buffers, 10364 images, 10364 queries) -> VK_SUCCESS
RESULT: PASS (50/50)
  note the run is finished; press + to exit (there is no console to show this)
