== t_vk_triangle ==
  ok   GetInstanceProcAddr(vkCreateInstance)
  ok   vkCreateInstance -> VK_SUCCESS
  ok   VK_EXT_debug_utils entry points resolved
  ok   vkCreateDebugUtilsMessengerEXT -> VK_SUCCESS
  ok   every entry point resolved
[horizon_gpu:I] device up: gm20b arch=0x120 impl=0xb rev=0xa1 gpc=1 tpc/gpc=2 big_page=0x20000 as_big_page=0x20000 va_bits=40
WARNING: NVK is not a conformant Vulkan implementation, testing use only.
  ok   vkEnumeratePhysicalDevices -> VK_SUCCESS, 1 device(s)
  ok   vkEnumeratePhysicalDevices(list) -> VK_SUCCESS
  note device: NVIDIA gm20b (NVK gm20b) (api 1.3.354), 2 memory type(s)
  ok   queue family count is 1
  ok   a queue family with graphics and compute
[horizon_gpu:I] channel 0x25d6b2f6e0: created, syncpt id=26 (live channels now 1)
[horizon_gpu:I] channel 0x25d6b2f6e0: up, syncpt=26 initial=47412 zcull=off
[horizon_gpu:I] channel 0x25d6b80010: created, syncpt id=27 (live channels now 2)
[horizon_gpu:I] channel 0x25d6b80010: up, syncpt=27 initial=418 zcull=off
  ok   vkCreateDevice -> VK_SUCCESS
  ok   vkGetDeviceQueue
  ok   vkCreateCommandPool -> VK_SUCCESS
  ok   vkCreateBuffer(0x4400) -> VK_SUCCESS
  ok   a memory type with 0x2 that the buffer accepts
  ok   vkAllocateMemory(0x4400, type 0) -> VK_SUCCESS
  ok   vkBindBufferMemory -> VK_SUCCESS
  ok   vkMapMemory -> VK_SUCCESS
  ok   target: image format query -> VK_SUCCESS
  ok   vkCreateImage(37, 64x64x1, 1 mip, 1 layer, optimal) -> VK_SUCCESS
  ok   a device-local memory type the image accepts
  ok   vkAllocateMemory(image, 0x4000 align 0x20000) -> VK_SUCCESS
  ok   vkBindImageMemory -> VK_SUCCESS
  ok   vkCreateImageView -> VK_SUCCESS
  ok   the coverage model counts 1540 pixels, expected 1540
  ok   A: vkCreateShaderModule(vertex) -> VK_SUCCESS
  ok   A: vkCreateShaderModule(fragment) -> VK_SUCCESS
  ok   A: vkCreatePipelineLayout -> VK_SUCCESS
  ok   A: vkCreateGraphicsPipelines -> VK_SUCCESS
  ok   poison target is mapped
  ok   vkFlushMappedMemoryRanges -> VK_SUCCESS
  ok   vkInvalidateMappedMemoryRanges -> VK_SUCCESS
  ok   the poison reached memory (4352/4352 words)
  ok   vkAllocateCommandBuffers -> VK_SUCCESS
  ok   vkBeginCommandBuffer -> VK_SUCCESS
  ok   vkCreateFence(A: gl_VertexIndex, constant colour) -> VK_SUCCESS
  ok   vkEndCommandBuffer -> VK_SUCCESS
  ok   vkQueueSubmit -> VK_SUCCESS
  ok   vkWaitForFences(A: gl_VertexIndex, constant colour) -> VK_SUCCESS
  ok   vkInvalidateMappedMemoryRanges -> VK_SUCCESS
  ok   A: every pixel is either the triangle or the clear colour (0 are neither; first at (0,0) = 0x00000000)
  ok   A: 1540 pixels hold the triangle colour, expected 1540
  ok   A: 2556 pixels hold the clear colour, expected 2556
  ok   A: every pixel is where the geometry puts it (0 differ; first at (0,0): got 0x00000000)
  ok   A: just inside the hypotenuse (31,31) is covered (0xff996633)
  ok   A: just outside the hypotenuse (32,31) is background (0x40302010)
  ok   A: the corner pixel at the two axis edges (4,4) is covered (0xff996633)
  ok   A: one pixel left of the left edge (3,4) is background (0x40302010)
  ok   A: one pixel above the top edge (4,3) is background (0x40302010)
  ok   A: well inside (10,10) is covered (0xff996633)
  ok   A: well outside, past the hypotenuse (60,60) is background (0x40302010)
  ok   A: nothing was written past the image: 256/256 words are 0xdeadbeef (all of them)
  ok   vkCreateBuffer(0x48) -> VK_SUCCESS
  ok   a memory type with 0x2 that the buffer accepts
  ok   vkAllocateMemory(0x50, type 0) -> VK_SUCCESS
  ok   vkBindBufferMemory -> VK_SUCCESS
  ok   vkMapMemory -> VK_SUCCESS
  ok   the vertex buffer is mapped
  ok   vkFlushMappedMemoryRanges -> VK_SUCCESS
  ok   B: vkCreateShaderModule(vertex) -> VK_SUCCESS
  ok   B: vkCreateShaderModule(fragment) -> VK_SUCCESS
  ok   B: vkCreatePipelineLayout -> VK_SUCCESS
  ok   B: vkCreateGraphicsPipelines -> VK_SUCCESS
  ok   poison target is mapped
  ok   vkFlushMappedMemoryRanges -> VK_SUCCESS
  ok   vkInvalidateMappedMemoryRanges -> VK_SUCCESS
  ok   the poison reached memory (4352/4352 words)
  ok   vkAllocateCommandBuffers -> VK_SUCCESS
  ok   vkBeginCommandBuffer -> VK_SUCCESS
  ok   vkCreateFence(B: vertex buffer, interpolated colour) -> VK_SUCCESS
  ok   vkEndCommandBuffer -> VK_SUCCESS
  ok   vkQueueSubmit -> VK_SUCCESS
  ok   vkWaitForFences(B: vertex buffer, interpolated colour) -> VK_SUCCESS
  ok   vkInvalidateMappedMemoryRanges -> VK_SUCCESS
  ok   B: 1540 pixels came back opaque, expected 1540
  ok   B: every pixel outside the triangle is exactly the clear colour (0 differ; first at (0,0) = 0x00000000)
  ok   B: every covered pixel holds its interpolated colour within 2 (0 differ; first at (0,0) = 0x00000000)
  note B: largest deviation from the computed colour: 0 of 255
  ok   B: just inside the hypotenuse (31,31) interpolates to R=2 G=126 B=126 A=255 (expected 2 126 126 255)
  ok   B: just outside the hypotenuse (32,31) is background (0x40302010)
  ok   B: the corner pixel at the two axis edges (4,4) interpolates to R=250 G=2 B=2 A=255 (expected 250 2 2 255)
  ok   B: one pixel left of the left edge (3,4) is background (0x40302010)
  ok   B: one pixel above the top edge (4,3) is background (0x40302010)
  ok   B: well inside (10,10) interpolates to R=195 G=30 B=30 A=255 (expected 195 30 30 255)
  ok   B: well outside, past the hypotenuse (60,60) is background (0x40302010)
  ok   B: nothing was written past the image: 256/256 words are 0xdeadbeef (all of them)
RESULT: PASS (84/84)
