== t_vk_swapchain ==
  note horizon-build-id 2026-08-08T20:23:02.777Z c2c17b9 mesa:4d90ca5
  note nxlink: no host, so nothing is streamed (this run was not launched by nxlink)
  note this test owns the display: no console was started, and this file is the whole record
  ok   GetInstanceProcAddr(vkCreateInstance)
  ok   instance extension list fits (3 asked for)
  ok   instance extension list fits (3 asked for)
  ok   vkCreateInstance -> VK_SUCCESS
  ok   VK_EXT_debug_utils entry points resolved
  ok   vkCreateDebugUtilsMessengerEXT -> VK_SUCCESS
  ok   every entry point resolved
[horizon_gpu:I] device up: gm20b arch=0x120 impl=0xb rev=0xa1 gpc=1 tpc/gpc=2 big_page=0x20000 as_big_page=0x20000 va_bits=40
WARNING: NVK is not a conformant Vulkan implementation, testing use only.
  ok   vkEnumeratePhysicalDevices -> VK_SUCCESS, 1 device(s)
  ok   vkEnumeratePhysicalDevices(list) -> VK_SUCCESS
  note device: NVIDIA gm20b (NVK gm20b) (api 1.3.354), 2 memory type(s)
  ok   queue family count is 1
  ok   a queue family with graphics and compute
[horizon_gpu:I] channel 0x44ba1bb2a0: created, syncpt id=26 (live channels now 1)
[horizon_gpu:I] channel 0x44ba1bb2a0: up, syncpt=26 initial=336362 zcull=off
[horizon_gpu:I] channel 0x44ba20c010: created, syncpt id=27 (live channels now 2)
[horizon_gpu:I] channel 0x44ba20c010: up, syncpt=27 initial=6629 zcull=off
  ok   vkCreateDevice -> VK_SUCCESS
  ok   vkGetDeviceQueue
  ok   vkCreateCommandPool -> VK_SUCCESS
  ok   every window-system entry point resolved
  ok   nwindowGetDefault() returned a valid window
  ok   vkCreateViSurfaceNN over the default window -> VK_SUCCESS
  ok   queue family 0 can present to this surface -> VK_SUCCESS
  ok   surface capabilities -> VK_SUCCESS
  note surface: 1280x720, 2 to 4 images, usage 0x0008009f
  ok   minImageCount is 2, so double buffering exists (2)
  ok   maxImageCount is 4 (4)
  ok   the surface reports a real current extent
  ok   swapchain images can be rendered to and copied into
  ok   the surface has no transform of its own
  ok   the surface offers 4 format(s), including R8G8B8A8_UNORM -> VK_SUCCESS
  ok   VK_PRESENT_MODE_FIFO_KHR is offered (2 mode(s)) -> VK_SUCCESS
  note VK_PRESENT_MODE_IMMEDIATE_KHR is offered
MESA: warning: vk_log*() called with client-invisible object 0x44ba2100e0 of type VK_OBJECT_TYPE_SWAPCHAIN_KHR
  note vk info [../../mesa/src/vulkan/wsi/wsi_horizon.c:2092]: wsi_horizon: zero-copy: the swapchain images are the scanout buffers (3 images, 1280x720, swap interval 1)
  ok   3 images, FIFO: vkCreateSwapchainKHR(3 images) -> VK_SUCCESS
  ok   3 images, FIFO: the swapchain has 3 image(s) -> VK_SUCCESS
  ok   3 images, FIFO: vkGetSwapchainImagesKHR(list) -> VK_SUCCESS
  ok   3 images, FIFO: the acquire fence -> VK_SUCCESS
  ok   3 images, FIFO: command buffer 0 -> VK_SUCCESS
  ok   3 images, FIFO: semaphore 0 -> VK_SUCCESS
  ok   3 images, FIFO: fence 0 -> VK_SUCCESS
  ok   3 images, FIFO: command buffer 1 -> VK_SUCCESS
  ok   3 images, FIFO: semaphore 1 -> VK_SUCCESS
  ok   3 images, FIFO: fence 1 -> VK_SUCCESS
  ok   3 images, FIFO: command buffer 2 -> VK_SUCCESS
  ok   3 images, FIFO: semaphore 2 -> VK_SUCCESS
  ok   3 images, FIFO: fence 2 -> VK_SUCCESS
  ok   asking for 3 images produced 3 (3)
  ok   the swapchain reported which present path it got
  note the driver said: wsi_horizon: zero-copy: the swapchain images are the scanout buffers (3 images, 1280x720, swap interval 1)
  ok   vkCreateBuffer(0x384000) -> VK_SUCCESS
  ok   a memory type with 0x2 that the buffer accepts
  ok   vkAllocateMemory(0x384000, type 0) -> VK_SUCCESS
  ok   vkBindBufferMemory -> VK_SUCCESS
  ok   vkMapMemory -> VK_SUCCESS
  ok   vkFlushMappedMemoryRanges -> VK_SUCCESS
  note SHOWING THE PATTERN FOR TWO SECONDS, ON THE PATH THE DRIVER CHOSE BY ITSELF. What should be on screen, and what a wrong memory layout would destroy: four full-height vertical bars, red then green then blue then white, left to right; a white border 16 pixels wide all the way round; a black diagonal from the top-left corner to the bottom-right; and a yellow square just inside the top-left corner. Anything scrambled, striped or blocky means the compositor and the driver disagree about the block-linear layout
  ok   the pattern was presented 120 times -> VK_SUCCESS
  note OPERATOR: this was SHOWING 1 OF 2, and the two are not the same evidence. Say in the report whether the four bars, the border, the diagonal and the yellow corner were all there and in that order. Showing 2 comes later in the run, on the forced copy path, and needs its own separate answer
  ok   3 images, FIFO: 90 of 90 frames presented
  note 3 images, FIFO: 89 intervals, mean 16666 us, min 16154 us, max 17094 us; 89 within 10% of 16666 us; 0 longer than 1.5 refreshes
  note 3 images, FIFO: acquire mean 15956 us / max 16202 us; record+submit mean 369 us; 0 SUBOPTIMAL
  ok   3 images, FIFO: 89 of 89 intervals are within 10% of 16666 us (>= 90% needed)
  ok   90 frames were presented through 3 images, so the compositor released at least 87 of them
  note a frame's own CPU cost measured 369 us; the bursty load adds 24260 us to every odd frame, for a mean of 12499 us against a 16666 us refresh
  ok   3 images, FIFO, bursty load: 90 of 90 frames presented
  note 3 images, FIFO, bursty load: 89 intervals, mean 16815 us, min 480 us, max 33079 us; 0 within 10% of 16666 us; 45 longer than 1.5 refreshes
  note 3 images, FIFO, bursty load: acquire mean 4054 us / max 8271 us; record+submit mean 12418 us; 0 SUBOPTIMAL
MESA: warning: vk_log*() called with client-invisible object 0x44badd1220 of type VK_OBJECT_TYPE_SWAPCHAIN_KHR
  note vk info [../../mesa/src/vulkan/wsi/wsi_horizon.c:2092]: wsi_horizon: zero-copy: the swapchain images are the scanout buffers (2 images, 1280x720, swap interval 1)
  ok   2 images, FIFO: vkCreateSwapchainKHR(2 images) -> VK_SUCCESS
  ok   2 images, FIFO: the swapchain has 2 image(s) -> VK_SUCCESS
  ok   2 images, FIFO: vkGetSwapchainImagesKHR(list) -> VK_SUCCESS
  ok   2 images, FIFO: the acquire fence -> VK_SUCCESS
  ok   2 images, FIFO: command buffer 0 -> VK_SUCCESS
  ok   2 images, FIFO: semaphore 0 -> VK_SUCCESS
  ok   2 images, FIFO: fence 0 -> VK_SUCCESS
  ok   2 images, FIFO: command buffer 1 -> VK_SUCCESS
  ok   2 images, FIFO: semaphore 1 -> VK_SUCCESS
  ok   2 images, FIFO: fence 1 -> VK_SUCCESS
  ok   asking for 2 images produced 2 (2)
  ok   2 images, FIFO: 90 of 90 frames presented
  note 2 images, FIFO: 89 intervals, mean 16553 us, min 1428 us, max 21807 us; 87 within 10% of 16666 us; 0 longer than 1.5 refreshes
  note 2 images, FIFO: acquire mean 15972 us / max 21411 us; record+submit mean 254 us; 0 SUBOPTIMAL
  ok   2 images, FIFO, bursty load: 90 of 90 frames presented
  note 2 images, FIFO, bursty load: 89 intervals, mean 25162 us, min 8522 us, max 41505 us; 0 within 10% of 16666 us; 45 longer than 1.5 refreshes
  note 2 images, FIFO, bursty load: acquire mean 12360 us / max 16365 us; record+submit mean 12379 us; 0 SUBOPTIMAL
  note the two images could not both be held (VK_SUCCESS, VK_TIMEOUT), so the acquire's failure results were not exercised and the VK_TIMEOUT check below has no control behind it
  note acquiring with timeout = UINT64_MAX for 20 frames. If the driver's dequeue policy cannot get a buffer, this hangs instead of failing, and the driver says so in the log after three seconds
MESA: warning: wsi_horizon: no buffer in 3000 ms and this swapchain still owns the window; last dequeue said 0x0000115d
