== t_vk_suboptimal ==
  note horizon-build-id 2026-08-10T13:44:43.834Z 13336c0-dirty mesa:c5e9e66
  note this test owns the display: no console was started, and this file is the whole record
  ok   GetInstanceProcAddr(vkCreateInstance)
  ok   instance extension list fits (3 asked for)
  ok   instance extension list fits (3 asked for)
  ok   vkCreateInstance -> VK_SUCCESS
  ok   VK_EXT_debug_utils entry points resolved
  ok   vkCreateDebugUtilsMessengerEXT -> VK_SUCCESS
  ok   every entry point resolved
[horizon_gpu:I] device up: gm20b arch=0x120 impl=0xb rev=0xa1 gpc=1 tpc/gpc=2 big_page=0x20000 as_big_page=0x20000 va_bits=40
WARNING: NVK is not a conformant Vulkan implementation, testing use only.
  ok   vkEnumeratePhysicalDevices -> VK_SUCCESS, 1 device(s)
  ok   vkEnumeratePhysicalDevices(list) -> VK_SUCCESS
  note device: NVIDIA gm20b (NVK gm20b) (api 1.3.354), 2 memory type(s)
  ok   queue family count is 1
  ok   a queue family with graphics and compute
[horizon_gpu:I] channel 0x2ed37b82a0: created, syncpt id=26 (live channels now 1)
[horizon_gpu:I] channel 0x2ed37b82a0: up, syncpt=26 initial=96913 zcull=off
[horizon_gpu:I] channel 0x2ed3809010: created, syncpt id=27 (live channels now 2)
[horizon_gpu:I] channel 0x2ed3809010: up, syncpt=27 initial=20156 zcull=off
  ok   vkCreateDevice -> VK_SUCCESS
  ok   vkGetDeviceQueue
  ok   vkCreateCommandPool -> VK_SUCCESS
  ok   every window-system entry point resolved
  ok   nwindowGetDefault() returned a valid window
  ok   vkCreateViSurfaceNN over the default window -> VK_SUCCESS
  ok   the surface reports a current extent -> VK_SUCCESS
  ok   the surface's currentExtent is a real size (1280x720)
  note the window's consumer reports 1280x720; appletGetOperationMode() is 0 (0 handheld, 1 docked)
  note vk info [../../mesa/src/vulkan/wsi/wsi_horizon.c:2395]: wsi_horizon: zero-copy: the swapchain images are the scanout buffers (3 images, 1280x720, swap interval 1)
  note vk info [../../mesa/src/vulkan/wsi/wsi_horizon.c:2422]: wsi_horizon: layout: stride 5120 B (1280 px), block height 32 GOBs (log2 5, 256 rows), kind 0xfe, block-linear, display GOB order yes, offset 0 B, allocation 3932160 B, scanout 3932160 B
  ok   A: the default path: vkCreateSwapchainKHR(3 images, 1280x720) -> VK_SUCCESS
  ok   A: the default path: the swapchain has 3 image(s) -> VK_SUCCESS
  ok   A: the default path: vkGetSwapchainImagesKHR(list) -> VK_SUCCESS
  ok   A: the default path: the acquire fence -> VK_SUCCESS
  ok   A: the default path: command buffer 0 -> VK_SUCCESS
  ok   A: the default path: semaphore 0 -> VK_SUCCESS
  ok   A: the default path: fence 0 -> VK_SUCCESS
  ok   A: the default path: command buffer 1 -> VK_SUCCESS
  ok   A: the default path: semaphore 1 -> VK_SUCCESS
  ok   A: the default path: fence 1 -> VK_SUCCESS
  ok   A: the default path: command buffer 2 -> VK_SUCCESS
  ok   A: the default path: semaphore 2 -> VK_SUCCESS
  ok   A: the default path: fence 2 -> VK_SUCCESS
  note A: the driver chose the zero-copy path
  ok   A: normal operation (zero-copy): 120 of 120 frames presented
  note A: normal operation (zero-copy): surface 1280x720 -> 1280x720 (0 change(s)); swapchain 1280x720; SUBOPTIMAL: 0 acquire, 0 present
  ok   A: normal operation (zero-copy): every acquire and present agreed with the surface: SUBOPTIMAL exactly when currentExtent differs from the swapchain's extent (0 disagreement(s) in 120 frames)
  ok   A: normal operation (zero-copy): nothing changed under this run and nothing reported SUBOPTIMAL
  ok   A: the device is idle before teardown -> VK_SUCCESS
  note vk info [../../mesa/src/vulkan/wsi/wsi_horizon.c:2395]: wsi_horizon: copy fallback: the rendered image is copied into a framebuffer the compositor owns (3 images, 1280x720, swap interval 1)
  note vk info [../../mesa/src/vulkan/wsi/wsi_horizon.c:2400]: wsi_horizon: zero-copy was declined because MESA_VK_WSI_HORIZON_FORCE_COPY asked for it
  ok   B: the forced copy path: vkCreateSwapchainKHR(3 images, 1280x720) -> VK_SUCCESS
  ok   B: the forced copy path: the swapchain has 3 image(s) -> VK_SUCCESS
  ok   B: the forced copy path: vkGetSwapchainImagesKHR(list) -> VK_SUCCESS
  ok   B: the forced copy path: the acquire fence -> VK_SUCCESS
  ok   B: the forced copy path: command buffer 0 -> VK_SUCCESS
  ok   B: the forced copy path: semaphore 0 -> VK_SUCCESS
  ok   B: the forced copy path: fence 0 -> VK_SUCCESS
  ok   B: the forced copy path: command buffer 1 -> VK_SUCCESS
  ok   B: the forced copy path: semaphore 1 -> VK_SUCCESS
  ok   B: the forced copy path: fence 1 -> VK_SUCCESS
  ok   B: the forced copy path: command buffer 2 -> VK_SUCCESS
  ok   B: the forced copy path: semaphore 2 -> VK_SUCCESS
  ok   B: the forced copy path: fence 2 -> VK_SUCCESS
  ok   B: MESA_VK_WSI_HORIZON_FORCE_COPY produced the copy path
  ok   B: normal operation (copy fallback, forced): 120 of 120 frames presented
  note B: normal operation (copy fallback, forced): surface 1280x720 -> 1280x720 (0 change(s)); swapchain 1280x720; SUBOPTIMAL: 0 acquire, 0 present
  ok   B: normal operation (copy fallback, forced): every acquire and present agreed with the surface: SUBOPTIMAL exactly when currentExtent differs from the swapchain's extent (0 disagreement(s) in 120 frames)
  ok   B: normal operation (copy fallback, forced): nothing changed under this run and nothing reported SUBOPTIMAL
  ok   B: the device is idle before teardown -> VK_SUCCESS
  note vk info [../../mesa/src/vulkan/wsi/wsi_horizon.c:2395]: wsi_horizon: zero-copy: the swapchain images are the scanout buffers (3 images, 1280x720, swap interval 1)
  note vk info [../../mesa/src/vulkan/wsi/wsi_horizon.c:2422]: wsi_horizon: layout: stride 5120 B (1280 px), block height 32 GOBs (log2 5, 256 rows), kind 0xfe, block-linear, display GOB order yes, offset 0 B, allocation 3932160 B, scanout 3932160 B
  ok   C: the first swapchain: vkCreateSwapchainKHR(3 images, 1280x720) -> VK_SUCCESS
  ok   C: the first swapchain: the swapchain has 3 image(s) -> VK_SUCCESS
  ok   C: the first swapchain: vkGetSwapchainImagesKHR(list) -> VK_SUCCESS
  ok   C: the first swapchain: the acquire fence -> VK_SUCCESS
  ok   C: the first swapchain: command buffer 0 -> VK_SUCCESS
  ok   C: the first swapchain: semaphore 0 -> VK_SUCCESS
  ok   C: the first swapchain: fence 0 -> VK_SUCCESS
  ok   C: the first swapchain: command buffer 1 -> VK_SUCCESS
  ok   C: the first swapchain: semaphore 1 -> VK_SUCCESS
  ok   C: the first swapchain: fence 1 -> VK_SUCCESS
  ok   C: the first swapchain: command buffer 2 -> VK_SUCCESS
  ok   C: the first swapchain: semaphore 2 -> VK_SUCCESS
  ok   C: the first swapchain: fence 2 -> VK_SUCCESS
  ok   C/zero-copy: an image acquired on the swapchain that is about to be superseded -> VK_SUCCESS
  ok   C/zero-copy: the held image was rendered into -> VK_SUCCESS
  note vk info [../../mesa/src/vulkan/wsi/wsi_horizon.c:2395]: wsi_horizon: zero-copy: the swapchain images are the scanout buffers (3 images, 1280x720, swap interval 1)
  note vk info [../../mesa/src/vulkan/wsi/wsi_horizon.c:2422]: wsi_horizon: layout: stride 5120 B (1280 px), block height 32 GOBs (log2 5, 256 rows), kind 0xfe, block-linear, display GOB order yes, offset 0 B, allocation 3932160 B, scanout 3932160 B
  ok   C: the second swapchain: vkCreateSwapchainKHR(3 images, 1280x720) -> VK_SUCCESS
  ok   C: the second swapchain: the swapchain has 3 image(s) -> VK_SUCCESS
  ok   C: the second swapchain: vkGetSwapchainImagesKHR(list) -> VK_SUCCESS
  ok   C: the second swapchain: the acquire fence -> VK_SUCCESS
  ok   C: the second swapchain: command buffer 0 -> VK_SUCCESS
  ok   C: the second swapchain: semaphore 0 -> VK_SUCCESS
  ok   C: the second swapchain: fence 0 -> VK_SUCCESS
  ok   C: the second swapchain: command buffer 1 -> VK_SUCCESS
  ok   C: the second swapchain: semaphore 1 -> VK_SUCCESS
  ok   C: the second swapchain: fence 1 -> VK_SUCCESS
  ok   C: the second swapchain: command buffer 2 -> VK_SUCCESS
  ok   C: the second swapchain: semaphore 2 -> VK_SUCCESS
  ok   C: the second swapchain: fence 2 -> VK_SUCCESS
  ok   C/zero-copy: the surface's extent is unchanged (1280x720), so what follows is not a resize
  ok   C/zero-copy: presenting on the superseded swapchain is VK_ERROR_OUT_OF_DATE_KHR and not a success code -> OUT_OF_DATE_KHR
  ok   C/zero-copy: acquiring on the superseded swapchain is VK_ERROR_OUT_OF_DATE_KHR -> OUT_OF_DATE_KHR
  ok   C/zero-copy: an acquire that cannot be satisfied is VK_TIMEOUT, not a success code, after 3 image(s) were held -> VK_TIMEOUT
  ok   C/zero-copy: every image the refusal test held was presented back (3 of 3)
  ok   C: the survivor after eviction (zero-copy): 20 of 20 frames presented
  note C: the survivor after eviction (zero-copy): surface 1280x720 -> 1280x720 (0 change(s)); swapchain 1280x720; SUBOPTIMAL: 0 acquire, 0 present
  ok   C: the survivor after eviction (zero-copy): every acquire and present agreed with the surface: SUBOPTIMAL exactly when currentExtent differs from the swapchain's extent (0 disagreement(s) in 20 frames)
  ok   C: the survivor after eviction (zero-copy): nothing changed under this run and nothing reported SUBOPTIMAL
  ok   C/zero-copy: the device is idle before the superseded swapchain is destroyed -> VK_SUCCESS
  ok   C: the survivor after the old one is destroyed (zero-copy): 20 of 20 frames presented
  note C: the survivor after the old one is destroyed (zero-copy): surface 1280x720 -> 1280x720 (0 change(s)); swapchain 1280x720; SUBOPTIMAL: 0 acquire, 0 present
  ok   C: the survivor after the old one is destroyed (zero-copy): every acquire and present agreed with the surface: SUBOPTIMAL exactly when currentExtent differs from the swapchain's extent (0 disagreement(s) in 20 frames)
  ok   C: the survivor after the old one is destroyed (zero-copy): nothing changed under this run and nothing reported SUBOPTIMAL
  ok   C/zero-copy: the device is idle before teardown -> VK_SUCCESS
  note vk info [../../mesa/src/vulkan/wsi/wsi_horizon.c:2395]: wsi_horizon: copy fallback: the rendered image is copied into a framebuffer the compositor owns (3 images, 1280x720, swap interval 1)
  note vk info [../../mesa/src/vulkan/wsi/wsi_horizon.c:2400]: wsi_horizon: zero-copy was declined because MESA_VK_WSI_HORIZON_FORCE_COPY asked for it
  ok   C: the first swapchain: vkCreateSwapchainKHR(3 images, 1280x720) -> VK_SUCCESS
  ok   C: the first swapchain: the swapchain has 3 image(s) -> VK_SUCCESS
  ok   C: the first swapchain: vkGetSwapchainImagesKHR(list) -> VK_SUCCESS
  ok   C: the first swapchain: the acquire fence -> VK_SUCCESS
  ok   C: the first swapchain: command buffer 0 -> VK_SUCCESS
  ok   C: the first swapchain: semaphore 0 -> VK_SUCCESS
  ok   C: the first swapchain: fence 0 -> VK_SUCCESS
  ok   C: the first swapchain: command buffer 1 -> VK_SUCCESS
  ok   C: the first swapchain: semaphore 1 -> VK_SUCCESS
  ok   C: the first swapchain: fence 1 -> VK_SUCCESS
  ok   C: the first swapchain: command buffer 2 -> VK_SUCCESS
  ok   C: the first swapchain: semaphore 2 -> VK_SUCCESS
  ok   C: the first swapchain: fence 2 -> VK_SUCCESS
  ok   C/copy: an image acquired on the swapchain that is about to be superseded -> VK_SUCCESS
  ok   C/copy: the held image was rendered into -> VK_SUCCESS
  note vk info [../../mesa/src/vulkan/wsi/wsi_horizon.c:2395]: wsi_horizon: copy fallback: the rendered image is copied into a framebuffer the compositor owns (3 images, 1280x720, swap interval 1)
  note vk info [../../mesa/src/vulkan/wsi/wsi_horizon.c:2400]: wsi_horizon: zero-copy was declined because MESA_VK_WSI_HORIZON_FORCE_COPY asked for it
  ok   C: the second swapchain: vkCreateSwapchainKHR(3 images, 1280x720) -> VK_SUCCESS
  ok   C: the second swapchain: the swapchain has 3 image(s) -> VK_SUCCESS
  ok   C: the second swapchain: vkGetSwapchainImagesKHR(list) -> VK_SUCCESS
  ok   C: the second swapchain: the acquire fence -> VK_SUCCESS
  ok   C: the second swapchain: command buffer 0 -> VK_SUCCESS
  ok   C: the second swapchain: semaphore 0 -> VK_SUCCESS
  ok   C: the second swapchain: fence 0 -> VK_SUCCESS
  ok   C: the second swapchain: command buffer 1 -> VK_SUCCESS
  ok   C: the second swapchain: semaphore 1 -> VK_SUCCESS
  ok   C: the second swapchain: fence 1 -> VK_SUCCESS
  ok   C: the second swapchain: command buffer 2 -> VK_SUCCESS
  ok   C: the second swapchain: semaphore 2 -> VK_SUCCESS
  ok   C: the second swapchain: fence 2 -> VK_SUCCESS
  ok   C/copy: the surface's extent is unchanged (1280x720), so what follows is not a resize
  ok   C/copy: presenting on the superseded swapchain is VK_ERROR_OUT_OF_DATE_KHR and not a success code -> OUT_OF_DATE_KHR
  ok   C/copy: acquiring on the superseded swapchain is VK_ERROR_OUT_OF_DATE_KHR -> OUT_OF_DATE_KHR
  ok   C/copy: an acquire that cannot be satisfied is VK_TIMEOUT, not a success code, after 3 image(s) were held -> VK_TIMEOUT
  ok   C/copy: every image the refusal test held was presented back (3 of 3)
  ok   C: the survivor after eviction (copy fallback): 20 of 20 frames presented
  note C: the survivor after eviction (copy fallback): surface 1280x720 -> 1280x720 (0 change(s)); swapchain 1280x720; SUBOPTIMAL: 0 acquire, 0 present
  ok   C: the survivor after eviction (copy fallback): every acquire and present agreed with the surface: SUBOPTIMAL exactly when currentExtent differs from the swapchain's extent (0 disagreement(s) in 20 frames)
  ok   C: the survivor after eviction (copy fallback): nothing changed under this run and nothing reported SUBOPTIMAL
  ok   C/copy: the device is idle before the superseded swapchain is destroyed -> VK_SUCCESS
  ok   C: the survivor after the old one is destroyed (copy): 20 of 20 frames presented
  note C: the survivor after the old one is destroyed (copy): surface 1280x720 -> 1280x720 (0 change(s)); swapchain 1280x720; SUBOPTIMAL: 0 acquire, 0 present
  ok   C: the survivor after the old one is destroyed (copy): every acquire and present agreed with the surface: SUBOPTIMAL exactly when currentExtent differs from the swapchain's extent (0 disagreement(s) in 20 frames)
  ok   C: the survivor after the old one is destroyed (copy): nothing changed under this run and nothing reported SUBOPTIMAL
  ok   C/copy: the device is idle before teardown -> VK_SUCCESS
  note D: DOCK OR UNDOCK THE CONSOLE NOW to exercise VK_SUBOPTIMAL_KHR. This waits up to 30 s while presenting; press B to skip it.
  note vk info [../../mesa/src/vulkan/wsi/wsi_horizon.c:2395]: wsi_horizon: zero-copy: the swapchain images are the scanout buffers (3 images, 1280x720, swap interval 1)
  note vk info [../../mesa/src/vulkan/wsi/wsi_horizon.c:2422]: wsi_horizon: layout: stride 5120 B (1280 px), block height 32 GOBs (log2 5, 256 rows), kind 0xfe, block-linear, display GOB order yes, offset 0 B, allocation 3932160 B, scanout 3932160 B
  ok   D: the swapchain the mode change happens under: vkCreateSwapchainKHR(3 images, 1280x720) -> VK_SUCCESS
  ok   D: the swapchain the mode change happens under: the swapchain has 3 image(s) -> VK_SUCCESS
  ok   D: the swapchain the mode change happens under: vkGetSwapchainImagesKHR(list) -> VK_SUCCESS
  ok   D: the swapchain the mode change happens under: the acquire fence -> VK_SUCCESS
  ok   D: the swapchain the mode change happens under: command buffer 0 -> VK_SUCCESS
  ok   D: the swapchain the mode change happens under: semaphore 0 -> VK_SUCCESS
  ok   D: the swapchain the mode change happens under: fence 0 -> VK_SUCCESS
  ok   D: the swapchain the mode change happens under: command buffer 1 -> VK_SUCCESS
  ok   D: the swapchain the mode change happens under: semaphore 1 -> VK_SUCCESS
  ok   D: the swapchain the mode change happens under: fence 1 -> VK_SUCCESS
  ok   D: the swapchain the mode change happens under: command buffer 2 -> VK_SUCCESS
  ok   D: the swapchain the mode change happens under: semaphore 2 -> VK_SUCCESS
  ok   D: the swapchain the mode change happens under: fence 2 -> VK_SUCCESS
  note D: no mode change happened (the wait expired after 1803 frames), so SUBOPTIMAL was never provoked and THIS COVERAGE DID NOT RUN. Nothing in this process can resize a VI layer; only docking the console can.
  ok   D: 1803 frames presented while waiting, with no unexplained SUBOPTIMAL and no failure
  ok   D: the device is idle before teardown -> VK_SUCCESS
  note vk info [../../mesa/src/vulkan/wsi/wsi_horizon.c:2395]: wsi_horizon: zero-copy: the swapchain images are the scanout buffers (3 images, 1280x720, swap interval 1)
  note vk info [../../mesa/src/vulkan/wsi/wsi_horizon.c:2422]: wsi_horizon: layout: stride 5120 B (1280 px), block height 32 GOBs (log2 5, 256 rows), kind 0xfe, block-linear, display GOB order yes, offset 0 B, allocation 3932160 B, scanout 3932160 B
  ok   E: generation 0 (zero-copy): vkCreateSwapchainKHR(3 images, 1280x720) -> VK_SUCCESS
  ok   E: generation 0 (zero-copy): the swapchain has 3 image(s) -> VK_SUCCESS
  ok   E: generation 0 (zero-copy): vkGetSwapchainImagesKHR(list) -> VK_SUCCESS
  ok   E: generation 0 (zero-copy): the acquire fence -> VK_SUCCESS
  ok   E: generation 0 (zero-copy): command buffer 0 -> VK_SUCCESS
  ok   E: generation 0 (zero-copy): semaphore 0 -> VK_SUCCESS
  ok   E: generation 0 (zero-copy): fence 0 -> VK_SUCCESS
  ok   E: generation 0 (zero-copy): command buffer 1 -> VK_SUCCESS
  ok   E: generation 0 (zero-copy): semaphore 1 -> VK_SUCCESS
  ok   E: generation 0 (zero-copy): fence 1 -> VK_SUCCESS
  ok   E: generation 0 (zero-copy): command buffer 2 -> VK_SUCCESS
  ok   E: generation 0 (zero-copy): semaphore 2 -> VK_SUCCESS
  ok   E: generation 0 (zero-copy): fence 2 -> VK_SUCCESS
  note vk info [../../mesa/src/vulkan/wsi/wsi_horizon.c:2395]: wsi_horizon: copy fallback: the rendered image is copied into a framebuffer the compositor owns (3 images, 1280x720, swap interval 1)
  note vk info [../../mesa/src/vulkan/wsi/wsi_horizon.c:2400]: wsi_horizon: zero-copy was declined because MESA_VK_WSI_HORIZON_FORCE_COPY asked for it
  ok   E: generation 1 (copy): vkCreateSwapchainKHR(3 images, 1280x720) -> VK_SUCCESS
  ok   E: generation 1 (copy): the swapchain has 3 image(s) -> VK_SUCCESS
  ok   E: generation 1 (copy): vkGetSwapchainImagesKHR(list) -> VK_SUCCESS
  ok   E: generation 1 (copy): the acquire fence -> VK_SUCCESS
  ok   E: generation 1 (copy): command buffer 0 -> VK_SUCCESS
  ok   E: generation 1 (copy): semaphore 0 -> VK_SUCCESS
  ok   E: generation 1 (copy): fence 0 -> VK_SUCCESS
  ok   E: generation 1 (copy): command buffer 1 -> VK_SUCCESS
  ok   E: generation 1 (copy): semaphore 1 -> VK_SUCCESS
  ok   E: generation 1 (copy): fence 1 -> VK_SUCCESS
  ok   E: generation 1 (copy): command buffer 2 -> VK_SUCCESS
  ok   E: generation 1 (copy): semaphore 2 -> VK_SUCCESS
  ok   E: generation 1 (copy): fence 2 -> VK_SUCCESS
  note vk info [../../mesa/src/vulkan/wsi/wsi_horizon.c:2395]: wsi_horizon: zero-copy: the swapchain images are the scanout buffers (3 images, 1280x720, swap interval 1)
  note vk info [../../mesa/src/vulkan/wsi/wsi_horizon.c:2422]: wsi_horizon: layout: stride 5120 B (1280 px), block height 32 GOBs (log2 5, 256 rows), kind 0xfe, block-linear, display GOB order yes, offset 0 B, allocation 3932160 B, scanout 3932160 B
  ok   E: generation 2 (zero-copy): vkCreateSwapchainKHR(3 images, 1280x720) -> VK_SUCCESS
  ok   E: generation 2 (zero-copy): the swapchain has 3 image(s) -> VK_SUCCESS
  ok   E: generation 2 (zero-copy): vkGetSwapchainImagesKHR(list) -> VK_SUCCESS
  ok   E: generation 2 (zero-copy): the acquire fence -> VK_SUCCESS
  ok   E: generation 2 (zero-copy): command buffer 0 -> VK_SUCCESS
  ok   E: generation 2 (zero-copy): semaphore 0 -> VK_SUCCESS
  ok   E: generation 2 (zero-copy): fence 0 -> VK_SUCCESS
  ok   E: generation 2 (zero-copy): command buffer 1 -> VK_SUCCESS
  ok   E: generation 2 (zero-copy): semaphore 1 -> VK_SUCCESS
  ok   E: generation 2 (zero-copy): fence 1 -> VK_SUCCESS
  ok   E: generation 2 (zero-copy): command buffer 2 -> VK_SUCCESS
  ok   E: generation 2 (zero-copy): semaphore 2 -> VK_SUCCESS
  ok   E: generation 2 (zero-copy): fence 2 -> VK_SUCCESS
  note vk info [../../mesa/src/vulkan/wsi/wsi_horizon.c:2395]: wsi_horizon: copy fallback: the rendered image is copied into a framebuffer the compositor owns (3 images, 1280x720, swap interval 1)
  note vk info [../../mesa/src/vulkan/wsi/wsi_horizon.c:2400]: wsi_horizon: zero-copy was declined because MESA_VK_WSI_HORIZON_FORCE_COPY asked for it
  ok   E: generation 3 (copy): vkCreateSwapchainKHR(3 images, 1280x720) -> VK_SUCCESS
  ok   E: generation 3 (copy): the swapchain has 3 image(s) -> VK_SUCCESS
  ok   E: generation 3 (copy): vkGetSwapchainImagesKHR(list) -> VK_SUCCESS
  ok   E: generation 3 (copy): the acquire fence -> VK_SUCCESS
  ok   E: generation 3 (copy): command buffer 0 -> VK_SUCCESS
  ok   E: generation 3 (copy): semaphore 0 -> VK_SUCCESS
  ok   E: generation 3 (copy): fence 0 -> VK_SUCCESS
  ok   E: generation 3 (copy): command buffer 1 -> VK_SUCCESS
  ok   E: generation 3 (copy): semaphore 1 -> VK_SUCCESS
  ok   E: generation 3 (copy): fence 1 -> VK_SUCCESS
  ok   E: generation 3 (copy): command buffer 2 -> VK_SUCCESS
  ok   E: generation 3 (copy): semaphore 2 -> VK_SUCCESS
  ok   E: generation 3 (copy): fence 2 -> VK_SUCCESS
  note vk info [../../mesa/src/vulkan/wsi/wsi_horizon.c:2395]: wsi_horizon: zero-copy: the swapchain images are the scanout buffers (3 images, 1280x720, swap interval 1)
  note vk info [../../mesa/src/vulkan/wsi/wsi_horizon.c:2422]: wsi_horizon: layout: stride 5120 B (1280 px), block height 32 GOBs (log2 5, 256 rows), kind 0xfe, block-linear, display GOB order yes, offset 0 B, allocation 3932160 B, scanout 3932160 B
  ok   E: generation 4 (zero-copy): vkCreateSwapchainKHR(3 images, 1280x720) -> VK_SUCCESS
  ok   E: generation 4 (zero-copy): the swapchain has 3 image(s) -> VK_SUCCESS
  ok   E: generation 4 (zero-copy): vkGetSwapchainImagesKHR(list) -> VK_SUCCESS
  ok   E: generation 4 (zero-copy): the acquire fence -> VK_SUCCESS
  ok   E: generation 4 (zero-copy): command buffer 0 -> VK_SUCCESS
  ok   E: generation 4 (zero-copy): semaphore 0 -> VK_SUCCESS
  ok   E: generation 4 (zero-copy): fence 0 -> VK_SUCCESS
  ok   E: generation 4 (zero-copy): command buffer 1 -> VK_SUCCESS
  ok   E: generation 4 (zero-copy): semaphore 1 -> VK_SUCCESS
  ok   E: generation 4 (zero-copy): fence 1 -> VK_SUCCESS
  ok   E: generation 4 (zero-copy): command buffer 2 -> VK_SUCCESS
  ok   E: generation 4 (zero-copy): semaphore 2 -> VK_SUCCESS
  ok   E: generation 4 (zero-copy): fence 2 -> VK_SUCCESS
  note vk info [../../mesa/src/vulkan/wsi/wsi_horizon.c:2395]: wsi_horizon: copy fallback: the rendered image is copied into a framebuffer the compositor owns (3 images, 1280x720, swap interval 1)
  note vk info [../../mesa/src/vulkan/wsi/wsi_horizon.c:2400]: wsi_horizon: zero-copy was declined because MESA_VK_WSI_HORIZON_FORCE_COPY asked for it
  ok   E: generation 5 (copy): vkCreateSwapchainKHR(3 images, 1280x720) -> VK_SUCCESS
  ok   E: generation 5 (copy): the swapchain has 3 image(s) -> VK_SUCCESS
  ok   E: generation 5 (copy): vkGetSwapchainImagesKHR(list) -> VK_SUCCESS
  ok   E: generation 5 (copy): the acquire fence -> VK_SUCCESS
  ok   E: generation 5 (copy): command buffer 0 -> VK_SUCCESS
  ok   E: generation 5 (copy): semaphore 0 -> VK_SUCCESS
  ok   E: generation 5 (copy): fence 0 -> VK_SUCCESS
  ok   E: generation 5 (copy): command buffer 1 -> VK_SUCCESS
  ok   E: generation 5 (copy): semaphore 1 -> VK_SUCCESS
  ok   E: generation 5 (copy): fence 1 -> VK_SUCCESS
  ok   E: generation 5 (copy): command buffer 2 -> VK_SUCCESS
  ok   E: generation 5 (copy): semaphore 2 -> VK_SUCCESS
  ok   E: generation 5 (copy): fence 2 -> VK_SUCCESS
  note vk info [../../mesa/src/vulkan/wsi/wsi_horizon.c:2395]: wsi_horizon: zero-copy: the swapchain images are the scanout buffers (3 images, 1280x720, swap interval 1)
  note vk info [../../mesa/src/vulkan/wsi/wsi_horizon.c:2422]: wsi_horizon: layout: stride 5120 B (1280 px), block height 32 GOBs (log2 5, 256 rows), kind 0xfe, block-linear, display GOB order yes, offset 0 B, allocation 3932160 B, scanout 3932160 B
  ok   E: generation 6 (zero-copy): vkCreateSwapchainKHR(3 images, 1280x720) -> VK_SUCCESS
  ok   E: generation 6 (zero-copy): the swapchain has 3 image(s) -> VK_SUCCESS
  ok   E: generation 6 (zero-copy): vkGetSwapchainImagesKHR(list) -> VK_SUCCESS
  ok   E: generation 6 (zero-copy): the acquire fence -> VK_SUCCESS
  ok   E: generation 6 (zero-copy): command buffer 0 -> VK_SUCCESS
  ok   E: generation 6 (zero-copy): semaphore 0 -> VK_SUCCESS
  ok   E: generation 6 (zero-copy): fence 0 -> VK_SUCCESS
  ok   E: generation 6 (zero-copy): command buffer 1 -> VK_SUCCESS
  ok   E: generation 6 (zero-copy): semaphore 1 -> VK_SUCCESS
  ok   E: generation 6 (zero-copy): fence 1 -> VK_SUCCESS
  ok   E: generation 6 (zero-copy): command buffer 2 -> VK_SUCCESS
  ok   E: generation 6 (zero-copy): semaphore 2 -> VK_SUCCESS
  ok   E: generation 6 (zero-copy): fence 2 -> VK_SUCCESS
  note vk info [../../mesa/src/vulkan/wsi/wsi_horizon.c:2395]: wsi_horizon: copy fallback: the rendered image is copied into a framebuffer the compositor owns (3 images, 1280x720, swap interval 1)
  note vk info [../../mesa/src/vulkan/wsi/wsi_horizon.c:2400]: wsi_horizon: zero-copy was declined because MESA_VK_WSI_HORIZON_FORCE_COPY asked for it
  ok   E: generation 7 (copy): vkCreateSwapchainKHR(3 images, 1280x720) -> VK_SUCCESS
  ok   E: generation 7 (copy): the swapchain has 3 image(s) -> VK_SUCCESS
  ok   E: generation 7 (copy): vkGetSwapchainImagesKHR(list) -> VK_SUCCESS
  ok   E: generation 7 (copy): the acquire fence -> VK_SUCCESS
  ok   E: generation 7 (copy): command buffer 0 -> VK_SUCCESS
  ok   E: generation 7 (copy): semaphore 0 -> VK_SUCCESS
  ok   E: generation 7 (copy): fence 0 -> VK_SUCCESS
  ok   E: generation 7 (copy): command buffer 1 -> VK_SUCCESS
  ok   E: generation 7 (copy): semaphore 1 -> VK_SUCCESS
  ok   E: generation 7 (copy): fence 1 -> VK_SUCCESS
  ok   E: generation 7 (copy): command buffer 2 -> VK_SUCCESS
  ok   E: generation 7 (copy): semaphore 2 -> VK_SUCCESS
  ok   E: generation 7 (copy): fence 2 -> VK_SUCCESS
  ok   E: 8 of 8 recreation generations each presented 20 frames with no retained slot and no rule disagreement
  ok   E: the device is idle before teardown -> VK_SUCCESS
  note vk info [../../mesa/src/vulkan/wsi/wsi_horizon.c:2395]: wsi_horizon: zero-copy: the swapchain images are the scanout buffers (2 images, 1280x720, swap interval 1)
  note vk info [../../mesa/src/vulkan/wsi/wsi_horizon.c:2422]: wsi_horizon: layout: stride 5120 B (1280 px), block height 32 GOBs (log2 5, 256 rows), kind 0xfe, block-linear, display GOB order yes, offset 0 B, allocation 3932160 B, scanout 3932160 B
  ok   E: a swapchain after every generation was destroyed: vkCreateSwapchainKHR(2 images, 1280x720) -> VK_SUCCESS
  ok   E: a swapchain after every generation was destroyed: the swapchain has 2 image(s) -> VK_SUCCESS
  ok   E: a swapchain after every generation was destroyed: vkGetSwapchainImagesKHR(list) -> VK_SUCCESS
  ok   E: a swapchain after every generation was destroyed: the acquire fence -> VK_SUCCESS
  ok   E: a swapchain after every generation was destroyed: command buffer 0 -> VK_SUCCESS
  ok   E: a swapchain after every generation was destroyed: semaphore 0 -> VK_SUCCESS
  ok   E: a swapchain after every generation was destroyed: fence 0 -> VK_SUCCESS
  ok   E: a swapchain after every generation was destroyed: command buffer 1 -> VK_SUCCESS
  ok   E: a swapchain after every generation was destroyed: semaphore 1 -> VK_SUCCESS
  ok   E: a swapchain after every generation was destroyed: fence 1 -> VK_SUCCESS
  ok   E: after every swapchain was destroyed: 20 of 20 frames presented
  note E: after every swapchain was destroyed: surface 1280x720 -> 1280x720 (0 change(s)); swapchain 1280x720; SUBOPTIMAL: 0 acquire, 0 present
  ok   E: after every swapchain was destroyed: every acquire and present agreed with the surface: SUBOPTIMAL exactly when currentExtent differs from the swapchain's extent (0 disagreement(s) in 20 frames)
  ok   E: after every swapchain was destroyed: nothing changed under this run and nothing reported SUBOPTIMAL
  ok   E: the device is idle before the last teardown -> VK_SUCCESS
  ok   no slot was left with the compositor: nothing in this log says a cancel failed
  ok   the driver tore down every object it created: nothing in this log says it could not
RESULT: PASS (273/273)
  note the run is finished; press + to exit (there is no console to show this)
