== t_vk_format ==
  ok   GetInstanceProcAddr(vkCreateInstance)
  ok   vkCreateInstance -> VK_SUCCESS
  ok   VK_EXT_debug_utils entry points resolved
  ok   vkCreateDebugUtilsMessengerEXT -> VK_SUCCESS
  ok   every entry point resolved
[horizon_gpu:I] device up: gm20b arch=0x120 impl=0xb rev=0xa1 gpc=1 tpc/gpc=2 big_page=0x20000 as_big_page=0x20000 va_bits=40
WARNING: NVK is not a conformant Vulkan implementation, testing use only.
  ok   vkEnumeratePhysicalDevices -> VK_SUCCESS, 1 device(s)
  ok   vkEnumeratePhysicalDevices(list) -> VK_SUCCESS
  note device: NVIDIA gm20b (NVK gm20b) (api 1.3.354), 2 memory type(s)
  ok   queue family count is 1
  ok   a queue family with graphics and compute
[horizon_gpu:I] channel 0x6b57f2e6e0: created, syncpt id=26 (live channels now 1)
[horizon_gpu:I] channel 0x6b57f2e6e0: up, syncpt=26 initial=25396 zcull=off
[horizon_gpu:I] channel 0x6b57f7f010: created, syncpt id=27 (live channels now 2)
[horizon_gpu:I] channel 0x6b57f7f010: up, syncpt=27 initial=160 zcull=off
  ok   vkCreateDevice -> VK_SUCCESS
  ok   vkGetDeviceQueue
  ok   vkCreateCommandPool -> VK_SUCCESS
  ok   vkCreateBuffer(0x1400) -> VK_SUCCESS
  ok   a memory type with 0x2 that the buffer accepts
  ok   vkAllocateMemory(0x1400, type 0) -> VK_SUCCESS
  ok   vkBindBufferMemory -> VK_SUCCESS
  ok   vkMapMemory -> VK_SUCCESS
  ok   vkCreateImage(37, 16x16x1, 1 mip, 1 layer, optimal) -> VK_SUCCESS
  ok   a device-local memory type the image accepts
  ok   vkAllocateMemory(image, 0x1000 align 0x20000) -> VK_SUCCESS
  ok   vkBindImageMemory -> VK_SUCCESS
  ok   R8G8B8A8_UNORM: vkCreateImageView -> VK_SUCCESS
  ok   R8G8B8A8_UNORM: vkCreateShaderModule(vertex) -> VK_SUCCESS
  ok   R8G8B8A8_UNORM: vkCreateShaderModule(fragment) -> VK_SUCCESS
  ok   R8G8B8A8_UNORM: vkCreatePipelineLayout -> VK_SUCCESS
  ok   R8G8B8A8_UNORM: vkCreateGraphicsPipelines -> VK_SUCCESS
  ok   poison target is mapped
  ok   vkFlushMappedMemoryRanges -> VK_SUCCESS
  ok   vkInvalidateMappedMemoryRanges -> VK_SUCCESS
  ok   the poison reached memory (1280/1280 words)
  ok   vkAllocateCommandBuffers -> VK_SUCCESS
  ok   vkBeginCommandBuffer -> VK_SUCCESS
  ok   vkCreateFence(R8G8B8A8_UNORM) -> VK_SUCCESS
  ok   vkEndCommandBuffer -> VK_SUCCESS
  ok   vkQueueSubmit -> VK_SUCCESS
  ok   vkWaitForFences(R8G8B8A8_UNORM) -> VK_SUCCESS
  ok   vkInvalidateMappedMemoryRanges -> VK_SUCCESS
  ok   R8G8B8A8_UNORM: 256/256 texels hold the encoded value
  ok   nothing was written past the image: 1024/1024 words are 0xdeadbeef (all of them)
  ok   vkCreateImage(44, 16x16x1, 1 mip, 1 layer, optimal) -> VK_SUCCESS
  ok   a device-local memory type the image accepts
  ok   vkAllocateMemory(image, 0x1000 align 0x20000) -> VK_SUCCESS
  ok   vkBindImageMemory -> VK_SUCCESS
  ok   B8G8R8A8_UNORM: vkCreateImageView -> VK_SUCCESS
  ok   B8G8R8A8_UNORM: vkCreateShaderModule(vertex) -> VK_SUCCESS
  ok   B8G8R8A8_UNORM: vkCreateShaderModule(fragment) -> VK_SUCCESS
  ok   B8G8R8A8_UNORM: vkCreatePipelineLayout -> VK_SUCCESS
  ok   B8G8R8A8_UNORM: vkCreateGraphicsPipelines -> VK_SUCCESS
  ok   poison target is mapped
  ok   vkFlushMappedMemoryRanges -> VK_SUCCESS
  ok   vkInvalidateMappedMemoryRanges -> VK_SUCCESS
  ok   the poison reached memory (1280/1280 words)
  ok   vkAllocateCommandBuffers -> VK_SUCCESS
  ok   vkBeginCommandBuffer -> VK_SUCCESS
  ok   vkCreateFence(B8G8R8A8_UNORM) -> VK_SUCCESS
  ok   vkEndCommandBuffer -> VK_SUCCESS
  ok   vkQueueSubmit -> VK_SUCCESS
  ok   vkWaitForFences(B8G8R8A8_UNORM) -> VK_SUCCESS
  ok   vkInvalidateMappedMemoryRanges -> VK_SUCCESS
  ok   B8G8R8A8_UNORM: 256/256 texels hold the encoded value
  ok   nothing was written past the image: 1024/1024 words are 0xdeadbeef (all of them)
  ok   vkCreateImage(9, 16x16x1, 1 mip, 1 layer, optimal) -> VK_SUCCESS
  ok   a device-local memory type the image accepts
  ok   vkAllocateMemory(image, 0x1000 align 0x20000) -> VK_SUCCESS
  ok   vkBindImageMemory -> VK_SUCCESS
  ok   R8_UNORM: vkCreateImageView -> VK_SUCCESS
  ok   R8_UNORM: vkCreateShaderModule(vertex) -> VK_SUCCESS
  ok   R8_UNORM: vkCreateShaderModule(fragment) -> VK_SUCCESS
  ok   R8_UNORM: vkCreatePipelineLayout -> VK_SUCCESS
  ok   R8_UNORM: vkCreateGraphicsPipelines -> VK_SUCCESS
  ok   poison target is mapped
  ok   vkFlushMappedMemoryRanges -> VK_SUCCESS
  ok   vkInvalidateMappedMemoryRanges -> VK_SUCCESS
  ok   the poison reached memory (1280/1280 words)
  ok   vkAllocateCommandBuffers -> VK_SUCCESS
  ok   vkBeginCommandBuffer -> VK_SUCCESS
  ok   vkCreateFence(R8_UNORM) -> VK_SUCCESS
  ok   vkEndCommandBuffer -> VK_SUCCESS
  ok   vkQueueSubmit -> VK_SUCCESS
  ok   vkWaitForFences(R8_UNORM) -> VK_SUCCESS
  ok   vkInvalidateMappedMemoryRanges -> VK_SUCCESS
  ok   R8_UNORM: 256/256 texels hold the encoded value
  ok   nothing was written past the image: 1216/1216 words are 0xdeadbeef (all of them)
  ok   vkCreateImage(16, 16x16x1, 1 mip, 1 layer, optimal) -> VK_SUCCESS
  ok   a device-local memory type the image accepts
  ok   vkAllocateMemory(image, 0x1000 align 0x20000) -> VK_SUCCESS
  ok   vkBindImageMemory -> VK_SUCCESS
  ok   R8G8_UNORM: vkCreateImageView -> VK_SUCCESS
  ok   R8G8_UNORM: vkCreateShaderModule(vertex) -> VK_SUCCESS
  ok   R8G8_UNORM: vkCreateShaderModule(fragment) -> VK_SUCCESS
  ok   R8G8_UNORM: vkCreatePipelineLayout -> VK_SUCCESS
  ok   R8G8_UNORM: vkCreateGraphicsPipelines -> VK_SUCCESS
  ok   poison target is mapped
  ok   vkFlushMappedMemoryRanges -> VK_SUCCESS
  ok   vkInvalidateMappedMemoryRanges -> VK_SUCCESS
  ok   the poison reached memory (1280/1280 words)
  ok   vkAllocateCommandBuffers -> VK_SUCCESS
  ok   vkBeginCommandBuffer -> VK_SUCCESS
  ok   vkCreateFence(R8G8_UNORM) -> VK_SUCCESS
  ok   vkEndCommandBuffer -> VK_SUCCESS
  ok   vkQueueSubmit -> VK_SUCCESS
  ok   vkWaitForFences(R8G8_UNORM) -> VK_SUCCESS
  ok   vkInvalidateMappedMemoryRanges -> VK_SUCCESS
  ok   R8G8_UNORM: 256/256 texels hold the encoded value
  ok   nothing was written past the image: 1152/1152 words are 0xdeadbeef (all of them)
  ok   vkCreateImage(97, 16x16x1, 1 mip, 1 layer, optimal) -> VK_SUCCESS
  ok   a device-local memory type the image accepts
  ok   vkAllocateMemory(image, 0x1000 align 0x20000) -> VK_SUCCESS
  ok   vkBindImageMemory -> VK_SUCCESS
  ok   R16G16B16A16_SFLOAT: vkCreateImageView -> VK_SUCCESS
  ok   R16G16B16A16_SFLOAT: vkCreateShaderModule(vertex) -> VK_SUCCESS
  ok   R16G16B16A16_SFLOAT: vkCreateShaderModule(fragment) -> VK_SUCCESS
  ok   R16G16B16A16_SFLOAT: vkCreatePipelineLayout -> VK_SUCCESS
  ok   R16G16B16A16_SFLOAT: vkCreateGraphicsPipelines -> VK_SUCCESS
  ok   poison target is mapped
  ok   vkFlushMappedMemoryRanges -> VK_SUCCESS
  ok   vkInvalidateMappedMemoryRanges -> VK_SUCCESS
  ok   the poison reached memory (1280/1280 words)
  ok   vkAllocateCommandBuffers -> VK_SUCCESS
  ok   vkBeginCommandBuffer -> VK_SUCCESS
  ok   vkCreateFence(R16G16B16A16_SFLOAT) -> VK_SUCCESS
  ok   vkEndCommandBuffer -> VK_SUCCESS
  ok   vkQueueSubmit -> VK_SUCCESS
  ok   vkWaitForFences(R16G16B16A16_SFLOAT) -> VK_SUCCESS
  ok   vkInvalidateMappedMemoryRanges -> VK_SUCCESS
  ok   R16G16B16A16_SFLOAT: 256/256 texels hold the encoded value
  ok   nothing was written past the image: 768/768 words are 0xdeadbeef (all of them)
  ok   vkCreateImage(109, 16x16x1, 1 mip, 1 layer, optimal) -> VK_SUCCESS
  ok   a device-local memory type the image accepts
  ok   vkAllocateMemory(image, 0x1000 align 0x20000) -> VK_SUCCESS
  ok   vkBindImageMemory -> VK_SUCCESS
  ok   R32G32B32A32_SFLOAT: vkCreateImageView -> VK_SUCCESS
  ok   R32G32B32A32_SFLOAT: vkCreateShaderModule(vertex) -> VK_SUCCESS
  ok   R32G32B32A32_SFLOAT: vkCreateShaderModule(fragment) -> VK_SUCCESS
  ok   R32G32B32A32_SFLOAT: vkCreatePipelineLayout -> VK_SUCCESS
  ok   R32G32B32A32_SFLOAT: vkCreateGraphicsPipelines -> VK_SUCCESS
  ok   poison target is mapped
  ok   vkFlushMappedMemoryRanges -> VK_SUCCESS
  ok   vkInvalidateMappedMemoryRanges -> VK_SUCCESS
  ok   the poison reached memory (1280/1280 words)
  ok   vkAllocateCommandBuffers -> VK_SUCCESS
  ok   vkBeginCommandBuffer -> VK_SUCCESS
  ok   vkCreateFence(R32G32B32A32_SFLOAT) -> VK_SUCCESS
  ok   vkEndCommandBuffer -> VK_SUCCESS
  ok   vkQueueSubmit -> VK_SUCCESS
  ok   vkWaitForFences(R32G32B32A32_SFLOAT) -> VK_SUCCESS
  ok   vkInvalidateMappedMemoryRanges -> VK_SUCCESS
  ok   R32G32B32A32_SFLOAT: 256/256 texels hold the encoded value
  ok   nothing was written past the image: 256/256 words are 0xdeadbeef (all of them)
  ok   vkCreateImage(64, 16x16x1, 1 mip, 1 layer, optimal) -> VK_SUCCESS
  ok   a device-local memory type the image accepts
  ok   vkAllocateMemory(image, 0x1000 align 0x20000) -> VK_SUCCESS
  ok   vkBindImageMemory -> VK_SUCCESS
  ok   A2B10G10R10_UNORM_PACK32: vkCreateImageView -> VK_SUCCESS
  ok   A2B10G10R10_UNORM_PACK32: vkCreateShaderModule(vertex) -> VK_SUCCESS
  ok   A2B10G10R10_UNORM_PACK32: vkCreateShaderModule(fragment) -> VK_SUCCESS
  ok   A2B10G10R10_UNORM_PACK32: vkCreatePipelineLayout -> VK_SUCCESS
  ok   A2B10G10R10_UNORM_PACK32: vkCreateGraphicsPipelines -> VK_SUCCESS
  ok   poison target is mapped
  ok   vkFlushMappedMemoryRanges -> VK_SUCCESS
  ok   vkInvalidateMappedMemoryRanges -> VK_SUCCESS
  ok   the poison reached memory (1280/1280 words)
  ok   vkAllocateCommandBuffers -> VK_SUCCESS
  ok   vkBeginCommandBuffer -> VK_SUCCESS
  ok   vkCreateFence(A2B10G10R10_UNORM_PACK32) -> VK_SUCCESS
  ok   vkEndCommandBuffer -> VK_SUCCESS
  ok   vkQueueSubmit -> VK_SUCCESS
  ok   vkWaitForFences(A2B10G10R10_UNORM_PACK32) -> VK_SUCCESS
  ok   vkInvalidateMappedMemoryRanges -> VK_SUCCESS
  ok   A2B10G10R10_UNORM_PACK32: 256/256 texels hold the encoded value
  ok   nothing was written past the image: 1024/1024 words are 0xdeadbeef (all of them)
  ok   vkCreateImage(4, 16x16x1, 1 mip, 1 layer, optimal) -> VK_SUCCESS
  ok   a device-local memory type the image accepts
  ok   vkAllocateMemory(image, 0x1000 align 0x20000) -> VK_SUCCESS
  ok   vkBindImageMemory -> VK_SUCCESS
  ok   R5G6B5_UNORM_PACK16: vkCreateImageView -> VK_SUCCESS
  ok   R5G6B5_UNORM_PACK16: vkCreateShaderModule(vertex) -> VK_SUCCESS
  ok   R5G6B5_UNORM_PACK16: vkCreateShaderModule(fragment) -> VK_SUCCESS
  ok   R5G6B5_UNORM_PACK16: vkCreatePipelineLayout -> VK_SUCCESS
  ok   R5G6B5_UNORM_PACK16: vkCreateGraphicsPipelines -> VK_SUCCESS
  ok   poison target is mapped
  ok   vkFlushMappedMemoryRanges -> VK_SUCCESS
  ok   vkInvalidateMappedMemoryRanges -> VK_SUCCESS
  ok   the poison reached memory (1280/1280 words)
  ok   vkAllocateCommandBuffers -> VK_SUCCESS
  ok   vkBeginCommandBuffer -> VK_SUCCESS
  ok   vkCreateFence(R5G6B5_UNORM_PACK16) -> VK_SUCCESS
  ok   vkEndCommandBuffer -> VK_SUCCESS
  ok   vkQueueSubmit -> VK_SUCCESS
  ok   vkWaitForFences(R5G6B5_UNORM_PACK16) -> VK_SUCCESS
  ok   vkInvalidateMappedMemoryRanges -> VK_SUCCESS
  ok   R5G6B5_UNORM_PACK16: 256/256 texels hold the encoded value
  ok   nothing was written past the image: 1152/1152 words are 0xdeadbeef (all of them)
  ok   vkCreateImage(43, 16x16x1, 1 mip, 1 layer, optimal) -> VK_SUCCESS
  ok   a device-local memory type the image accepts
  ok   vkAllocateMemory(image, 0x1000 align 0x20000) -> VK_SUCCESS
  ok   vkBindImageMemory -> VK_SUCCESS
  ok   R8G8B8A8_SRGB: vkCreateImageView -> VK_SUCCESS
  ok   R8G8B8A8_SRGB: vkCreateShaderModule(vertex) -> VK_SUCCESS
  ok   R8G8B8A8_SRGB: vkCreateShaderModule(fragment) -> VK_SUCCESS
  ok   R8G8B8A8_SRGB: vkCreatePipelineLayout -> VK_SUCCESS
  ok   R8G8B8A8_SRGB: vkCreateGraphicsPipelines -> VK_SUCCESS
  ok   poison target is mapped
  ok   vkFlushMappedMemoryRanges -> VK_SUCCESS
  ok   vkInvalidateMappedMemoryRanges -> VK_SUCCESS
  ok   the poison reached memory (1280/1280 words)
  ok   vkAllocateCommandBuffers -> VK_SUCCESS
  ok   vkBeginCommandBuffer -> VK_SUCCESS
  ok   vkCreateFence(R8G8B8A8_SRGB) -> VK_SUCCESS
  ok   vkEndCommandBuffer -> VK_SUCCESS
  ok   vkQueueSubmit -> VK_SUCCESS
  ok   vkWaitForFences(R8G8B8A8_SRGB) -> VK_SUCCESS
  ok   vkInvalidateMappedMemoryRanges -> VK_SUCCESS
  ok   R8G8B8A8_SRGB: 256/256 texels hold the encoded value (within one count)
  ok   nothing was written past the image: 1024/1024 words are 0xdeadbeef (all of them)
  ok   vkCreateImage(41, 16x16x1, 1 mip, 1 layer, optimal) -> VK_SUCCESS
  ok   a device-local memory type the image accepts
  ok   vkAllocateMemory(image, 0x1000 align 0x20000) -> VK_SUCCESS
  ok   vkBindImageMemory -> VK_SUCCESS
  ok   R8G8B8A8_UINT: vkCreateImageView -> VK_SUCCESS
  ok   R8G8B8A8_UINT: vkCreateShaderModule(vertex) -> VK_SUCCESS
  ok   R8G8B8A8_UINT: vkCreateShaderModule(fragment) -> VK_SUCCESS
  ok   R8G8B8A8_UINT: vkCreatePipelineLayout -> VK_SUCCESS
  ok   R8G8B8A8_UINT: vkCreateGraphicsPipelines -> VK_SUCCESS
  ok   poison target is mapped
  ok   vkFlushMappedMemoryRanges -> VK_SUCCESS
  ok   vkInvalidateMappedMemoryRanges -> VK_SUCCESS
  ok   the poison reached memory (1280/1280 words)
  ok   vkAllocateCommandBuffers -> VK_SUCCESS
  ok   vkBeginCommandBuffer -> VK_SUCCESS
  ok   vkCreateFence(R8G8B8A8_UINT) -> VK_SUCCESS
  ok   vkEndCommandBuffer -> VK_SUCCESS
  ok   vkQueueSubmit -> VK_SUCCESS
  ok   vkWaitForFences(R8G8B8A8_UINT) -> VK_SUCCESS
  ok   vkInvalidateMappedMemoryRanges -> VK_SUCCESS
  ok   R8G8B8A8_UINT: 256/256 texels hold the encoded value
  ok   nothing was written past the image: 1024/1024 words are 0xdeadbeef (all of them)
  ok   vkCreateImage(107, 16x16x1, 1 mip, 1 layer, optimal) -> VK_SUCCESS
  ok   a device-local memory type the image accepts
  ok   vkAllocateMemory(image, 0x1000 align 0x20000) -> VK_SUCCESS
  ok   vkBindImageMemory -> VK_SUCCESS
  ok   R32G32B32A32_UINT: vkCreateImageView -> VK_SUCCESS
  ok   R32G32B32A32_UINT: vkCreateShaderModule(vertex) -> VK_SUCCESS
  ok   R32G32B32A32_UINT: vkCreateShaderModule(fragment) -> VK_SUCCESS
  ok   R32G32B32A32_UINT: vkCreatePipelineLayout -> VK_SUCCESS
  ok   R32G32B32A32_UINT: vkCreateGraphicsPipelines -> VK_SUCCESS
  ok   poison target is mapped
  ok   vkFlushMappedMemoryRanges -> VK_SUCCESS
  ok   vkInvalidateMappedMemoryRanges -> VK_SUCCESS
  ok   the poison reached memory (1280/1280 words)
  ok   vkAllocateCommandBuffers -> VK_SUCCESS
  ok   vkBeginCommandBuffer -> VK_SUCCESS
  ok   vkCreateFence(R32G32B32A32_UINT) -> VK_SUCCESS
  ok   vkEndCommandBuffer -> VK_SUCCESS
  ok   vkQueueSubmit -> VK_SUCCESS
  ok   vkWaitForFences(R32G32B32A32_UINT) -> VK_SUCCESS
  ok   vkInvalidateMappedMemoryRanges -> VK_SUCCESS
  ok   R32G32B32A32_UINT: 256/256 texels hold the encoded value
  ok   nothing was written past the image: 256/256 words are 0xdeadbeef (all of them)
  ok   vkCreateImage(96, 16x16x1, 1 mip, 1 layer, optimal) -> VK_SUCCESS
  ok   a device-local memory type the image accepts
  ok   vkAllocateMemory(image, 0x1000 align 0x20000) -> VK_SUCCESS
  ok   vkBindImageMemory -> VK_SUCCESS
  ok   R16G16B16A16_SINT: vkCreateImageView -> VK_SUCCESS
  ok   R16G16B16A16_SINT: vkCreateShaderModule(vertex) -> VK_SUCCESS
  ok   R16G16B16A16_SINT: vkCreateShaderModule(fragment) -> VK_SUCCESS
  ok   R16G16B16A16_SINT: vkCreatePipelineLayout -> VK_SUCCESS
  ok   R16G16B16A16_SINT: vkCreateGraphicsPipelines -> VK_SUCCESS
  ok   poison target is mapped
  ok   vkFlushMappedMemoryRanges -> VK_SUCCESS
  ok   vkInvalidateMappedMemoryRanges -> VK_SUCCESS
  ok   the poison reached memory (1280/1280 words)
  ok   vkAllocateCommandBuffers -> VK_SUCCESS
  ok   vkBeginCommandBuffer -> VK_SUCCESS
  ok   vkCreateFence(R16G16B16A16_SINT) -> VK_SUCCESS
  ok   vkEndCommandBuffer -> VK_SUCCESS
  ok   vkQueueSubmit -> VK_SUCCESS
  ok   vkWaitForFences(R16G16B16A16_SINT) -> VK_SUCCESS
  ok   vkInvalidateMappedMemoryRanges -> VK_SUCCESS
  ok   R16G16B16A16_SINT: 256/256 texels hold the encoded value
  ok   nothing was written past the image: 768/768 words are 0xdeadbeef (all of them)
  note 12 of 12 formats were claimed by the driver and tested
  ok   at least one format was testable
RESULT: PASS (282/282)
