== t_vk_texture ==
  ok   GetInstanceProcAddr(vkCreateInstance)
  ok   vkCreateInstance -> VK_SUCCESS
  ok   VK_EXT_debug_utils entry points resolved
  ok   vkCreateDebugUtilsMessengerEXT -> VK_SUCCESS
  ok   every entry point resolved
[horizon_gpu:I] device up: gm20b arch=0x120 impl=0xb rev=0xa1 gpc=1 tpc/gpc=2 big_page=0x20000 as_big_page=0x20000 va_bits=40
WARNING: NVK is not a conformant Vulkan implementation, testing use only.
  ok   vkEnumeratePhysicalDevices -> VK_SUCCESS, 1 device(s)
  ok   vkEnumeratePhysicalDevices(list) -> VK_SUCCESS
  note device: NVIDIA gm20b (NVK gm20b) (api 1.3.354), 2 memory type(s)
  ok   queue family count is 1
  ok   a queue family with graphics and compute
[horizon_gpu:I] channel 0x6b57f306e0: created, syncpt id=26 (live channels now 1)
[horizon_gpu:I] channel 0x6b57f306e0: up, syncpt=26 initial=26732 zcull=off
[horizon_gpu:I] channel 0x6b57f81010: created, syncpt id=27 (live channels now 2)
[horizon_gpu:I] channel 0x6b57f81010: up, syncpt=27 initial=219 zcull=off
  ok   vkCreateDevice -> VK_SUCCESS
  ok   vkGetDeviceQueue
  ok   vkCreateCommandPool -> VK_SUCCESS
  ok   a source texel names its own position (0 collisions)
  ok   no texel of level 1 equals one of level 0 (0 do)
  ok   vkCreateImage(37, 64x64x1, 1 mip, 1 layer, optimal) -> VK_SUCCESS
  ok   a device-local memory type the image accepts
  ok   vkAllocateMemory(image, 0x4000 align 0x20000) -> VK_SUCCESS
  ok   vkBindImageMemory -> VK_SUCCESS
  ok   vkCreateImageView(target) -> VK_SUCCESS
  ok   vkCreateBuffer(0x4400) -> VK_SUCCESS
  ok   a memory type with 0x2 that the buffer accepts
  ok   vkAllocateMemory(0x4400, type 0) -> VK_SUCCESS
  ok   vkBindBufferMemory -> VK_SUCCESS
  ok   vkMapMemory -> VK_SUCCESS
  ok   vkCreateBuffer(0x5400) -> VK_SUCCESS
  ok   a memory type with 0x2 that the buffer accepts
  ok   vkAllocateMemory(0x5400, type 0) -> VK_SUCCESS
  ok   vkBindBufferMemory -> VK_SUCCESS
  ok   vkMapMemory -> VK_SUCCESS
  ok   the staging buffer is mapped
  ok   vkCreateBuffer(0x5400) -> VK_SUCCESS
  ok   a memory type with 0x2 that the buffer accepts
  ok   vkAllocateMemory(0x5400, type 0) -> VK_SUCCESS
  ok   vkBindBufferMemory -> VK_SUCCESS
  ok   vkMapMemory -> VK_SUCCESS
  ok   vkCreateSampler(nearest) -> VK_SUCCESS
  ok   vkCreateSampler(linear) -> VK_SUCCESS
  ok   vkCreateDescriptorSetLayout -> VK_SUCCESS
  ok   vkCreateDescriptorPool -> VK_SUCCESS
  ok   implicit LOD: vkCreateShaderModule(vertex) -> VK_SUCCESS
  ok   implicit LOD: vkCreateShaderModule(fragment) -> VK_SUCCESS
  ok   implicit LOD: vkCreatePipelineLayout -> VK_SUCCESS
  ok   implicit LOD: vkCreateGraphicsPipelines -> VK_SUCCESS
  ok   explicit LOD 1: vkCreateShaderModule(vertex) -> VK_SUCCESS
  ok   explicit LOD 1: vkCreateShaderModule(fragment) -> VK_SUCCESS
  ok   explicit LOD 1: vkCreatePipelineLayout -> VK_SUCCESS
  ok   explicit LOD 1: vkCreateGraphicsPipelines -> VK_SUCCESS
  ok   8x8 optimal: image format query -> VK_SUCCESS
  ok   vkCreateImage(37, 8x8x1, 2 mip, 1 layer, optimal) -> VK_SUCCESS
  ok   a device-local memory type the image accepts
  ok   vkAllocateMemory(image, 0x1000 align 0x20000) -> VK_SUCCESS
  ok   vkBindImageMemory -> VK_SUCCESS
  ok   vkFlushMappedMemoryRanges -> VK_SUCCESS
  ok   poison target is mapped
  ok   vkFlushMappedMemoryRanges -> VK_SUCCESS
  ok   vkInvalidateMappedMemoryRanges -> VK_SUCCESS
  ok   the poison reached memory (5376/5376 words)
  ok   vkAllocateCommandBuffers -> VK_SUCCESS
  ok   vkBeginCommandBuffer -> VK_SUCCESS
  ok   vkCreateFence(upload and read back the source) -> VK_SUCCESS
  ok   vkEndCommandBuffer -> VK_SUCCESS
  ok   vkQueueSubmit -> VK_SUCCESS
  ok   vkWaitForFences(upload and read back the source) -> VK_SUCCESS
  ok   vkInvalidateMappedMemoryRanges -> VK_SUCCESS
  ok   8x8 optimal: level 0 came back as it went in (64/64 texels)
  ok   8x8 optimal: level 1 came back as it went in (16/16 texels)
  ok   8x8 optimal: vkCreateImageView(2 level(s)) -> VK_SUCCESS
  ok   8x8 optimal: vkAllocateDescriptorSets(2) -> VK_SUCCESS
  ok   poison target is mapped
  ok   vkFlushMappedMemoryRanges -> VK_SUCCESS
  ok   vkInvalidateMappedMemoryRanges -> VK_SUCCESS
  ok   the poison reached memory (4352/4352 words)
  ok   vkAllocateCommandBuffers -> VK_SUCCESS
  ok   vkBeginCommandBuffer -> VK_SUCCESS
  ok   vkCreateFence(8x8 optimal A: nearest, implicit LOD) -> VK_SUCCESS
  ok   vkEndCommandBuffer -> VK_SUCCESS
  ok   vkQueueSubmit -> VK_SUCCESS
  ok   vkWaitForFences(8x8 optimal A: nearest, implicit LOD) -> VK_SUCCESS
  ok   vkInvalidateMappedMemoryRanges -> VK_SUCCESS
  ok   8x8 optimal A: nearest, implicit LOD: 4096/4096 pixels hold the texel they sampled
  ok   nothing was written past the image: 256/256 words are 0xdeadbeef (all of them)
  ok   poison target is mapped
  ok   vkFlushMappedMemoryRanges -> VK_SUCCESS
  ok   vkInvalidateMappedMemoryRanges -> VK_SUCCESS
  ok   the poison reached memory (4352/4352 words)
  ok   vkAllocateCommandBuffers -> VK_SUCCESS
  ok   vkBeginCommandBuffer -> VK_SUCCESS
  ok   vkCreateFence(8x8 optimal B: nearest, explicit LOD 1) -> VK_SUCCESS
  ok   vkEndCommandBuffer -> VK_SUCCESS
  ok   vkQueueSubmit -> VK_SUCCESS
  ok   vkWaitForFences(8x8 optimal B: nearest, explicit LOD 1) -> VK_SUCCESS
  ok   vkInvalidateMappedMemoryRanges -> VK_SUCCESS
  ok   8x8 optimal B: nearest, explicit LOD 1: 4096/4096 pixels hold the texel they sampled
  ok   nothing was written past the image: 256/256 words are 0xdeadbeef (all of them)
  ok   poison target is mapped
  ok   vkFlushMappedMemoryRanges -> VK_SUCCESS
  ok   vkInvalidateMappedMemoryRanges -> VK_SUCCESS
  ok   the poison reached memory (4352/4352 words)
  ok   vkAllocateCommandBuffers -> VK_SUCCESS
  ok   vkBeginCommandBuffer -> VK_SUCCESS
  ok   vkCreateFence(8x8 optimal C: linear, implicit LOD) -> VK_SUCCESS
  ok   vkEndCommandBuffer -> VK_SUCCESS
  ok   vkQueueSubmit -> VK_SUCCESS
  ok   vkWaitForFences(8x8 optimal C: linear, implicit LOD) -> VK_SUCCESS
  ok   vkInvalidateMappedMemoryRanges -> VK_SUCCESS
  ok   8x8 optimal C: linear, implicit LOD: 4096/4096 pixels are within 2 of the computed filter result
  note 8x8 optimal C: linear, implicit LOD: largest deviation 1 of 255
  ok   nothing was written past the image: 256/256 words are 0xdeadbeef (all of them)
  ok   64x64 optimal: image format query -> VK_SUCCESS
  ok   vkCreateImage(37, 64x64x1, 2 mip, 1 layer, optimal) -> VK_SUCCESS
  ok   a device-local memory type the image accepts
  ok   vkAllocateMemory(image, 0x5000 align 0x20000) -> VK_SUCCESS
  ok   vkBindImageMemory -> VK_SUCCESS
  ok   vkFlushMappedMemoryRanges -> VK_SUCCESS
  ok   poison target is mapped
  ok   vkFlushMappedMemoryRanges -> VK_SUCCESS
  ok   vkInvalidateMappedMemoryRanges -> VK_SUCCESS
  ok   the poison reached memory (5376/5376 words)
  ok   vkAllocateCommandBuffers -> VK_SUCCESS
  ok   vkBeginCommandBuffer -> VK_SUCCESS
  ok   vkCreateFence(upload and read back the source) -> VK_SUCCESS
  ok   vkEndCommandBuffer -> VK_SUCCESS
  ok   vkQueueSubmit -> VK_SUCCESS
  ok   vkWaitForFences(upload and read back the source) -> VK_SUCCESS
  ok   vkInvalidateMappedMemoryRanges -> VK_SUCCESS
  ok   64x64 optimal: level 0 came back as it went in (4096/4096 texels)
  ok   64x64 optimal: level 1 came back as it went in (1024/1024 texels)
  ok   64x64 optimal: vkCreateImageView(2 level(s)) -> VK_SUCCESS
  ok   64x64 optimal: vkAllocateDescriptorSets(2) -> VK_SUCCESS
  ok   poison target is mapped
  ok   vkFlushMappedMemoryRanges -> VK_SUCCESS
  ok   vkInvalidateMappedMemoryRanges -> VK_SUCCESS
  ok   the poison reached memory (4352/4352 words)
  ok   vkAllocateCommandBuffers -> VK_SUCCESS
  ok   vkBeginCommandBuffer -> VK_SUCCESS
  ok   vkCreateFence(64x64 optimal A: nearest, implicit LOD) -> VK_SUCCESS
  ok   vkEndCommandBuffer -> VK_SUCCESS
  ok   vkQueueSubmit -> VK_SUCCESS
  ok   vkWaitForFences(64x64 optimal A: nearest, implicit LOD) -> VK_SUCCESS
  ok   vkInvalidateMappedMemoryRanges -> VK_SUCCESS
  ok   64x64 optimal A: nearest, implicit LOD: 4096/4096 pixels hold the texel they sampled
  ok   nothing was written past the image: 256/256 words are 0xdeadbeef (all of them)
  ok   poison target is mapped
  ok   vkFlushMappedMemoryRanges -> VK_SUCCESS
  ok   vkInvalidateMappedMemoryRanges -> VK_SUCCESS
  ok   the poison reached memory (4352/4352 words)
  ok   vkAllocateCommandBuffers -> VK_SUCCESS
  ok   vkBeginCommandBuffer -> VK_SUCCESS
  ok   vkCreateFence(64x64 optimal B: nearest, explicit LOD 1) -> VK_SUCCESS
  ok   vkEndCommandBuffer -> VK_SUCCESS
  ok   vkQueueSubmit -> VK_SUCCESS
  ok   vkWaitForFences(64x64 optimal B: nearest, explicit LOD 1) -> VK_SUCCESS
  ok   vkInvalidateMappedMemoryRanges -> VK_SUCCESS
  ok   64x64 optimal B: nearest, explicit LOD 1: 4096/4096 pixels hold the texel they sampled
  ok   nothing was written past the image: 256/256 words are 0xdeadbeef (all of them)
  ok   poison target is mapped
  ok   vkFlushMappedMemoryRanges -> VK_SUCCESS
  ok   vkInvalidateMappedMemoryRanges -> VK_SUCCESS
  ok   the poison reached memory (4352/4352 words)
  ok   vkAllocateCommandBuffers -> VK_SUCCESS
  ok   vkBeginCommandBuffer -> VK_SUCCESS
  ok   vkCreateFence(64x64 optimal C: linear, implicit LOD) -> VK_SUCCESS
  ok   vkEndCommandBuffer -> VK_SUCCESS
  ok   vkQueueSubmit -> VK_SUCCESS
  ok   vkWaitForFences(64x64 optimal C: linear, implicit LOD) -> VK_SUCCESS
  ok   vkInvalidateMappedMemoryRanges -> VK_SUCCESS
  ok   64x64 optimal C: linear, implicit LOD: 4096/4096 pixels are within 2 of the computed filter result
  note 64x64 optimal C: linear, implicit LOD: largest deviation 0 of 255
  ok   nothing was written past the image: 256/256 words are 0xdeadbeef (all of them)
  ok   8x8 linear: image format query -> VK_SUCCESS
  ok   vkCreateImage(37, 8x8x1, 1 mip, 1 layer, linear) -> VK_SUCCESS
  ok   a device-local memory type the image accepts
  ok   vkAllocateMemory(image, 0x400 align 0x80) -> VK_SUCCESS
  ok   vkBindImageMemory -> VK_SUCCESS
  ok   vkFlushMappedMemoryRanges -> VK_SUCCESS
  ok   poison target is mapped
  ok   vkFlushMappedMemoryRanges -> VK_SUCCESS
  ok   vkInvalidateMappedMemoryRanges -> VK_SUCCESS
  ok   the poison reached memory (5376/5376 words)
  ok   vkAllocateCommandBuffers -> VK_SUCCESS
  ok   vkBeginCommandBuffer -> VK_SUCCESS
  ok   vkCreateFence(upload and read back the source) -> VK_SUCCESS
  ok   vkEndCommandBuffer -> VK_SUCCESS
  ok   vkQueueSubmit -> VK_SUCCESS
  ok   vkWaitForFences(upload and read back the source) -> VK_SUCCESS
  ok   vkInvalidateMappedMemoryRanges -> VK_SUCCESS
  ok   8x8 linear: level 0 came back as it went in (64/64 texels)
  ok   8x8 linear: vkCreateImageView(1 level(s)) -> VK_SUCCESS
  ok   8x8 linear: vkAllocateDescriptorSets(2) -> VK_SUCCESS
  ok   poison target is mapped
  ok   vkFlushMappedMemoryRanges -> VK_SUCCESS
  ok   vkInvalidateMappedMemoryRanges -> VK_SUCCESS
  ok   the poison reached memory (4352/4352 words)
  ok   vkAllocateCommandBuffers -> VK_SUCCESS
  ok   vkBeginCommandBuffer -> VK_SUCCESS
  ok   vkCreateFence(8x8 linear A: nearest, implicit LOD) -> VK_SUCCESS
  ok   vkEndCommandBuffer -> VK_SUCCESS
  ok   vkQueueSubmit -> VK_SUCCESS
  ok   vkWaitForFences(8x8 linear A: nearest, implicit LOD) -> VK_SUCCESS
  ok   vkInvalidateMappedMemoryRanges -> VK_SUCCESS
  ok   8x8 linear A: nearest, implicit LOD: 4096/4096 pixels hold the texel they sampled
  ok   nothing was written past the image: 256/256 words are 0xdeadbeef (all of them)
  note 8x8 linear: one mip level, so there is no explicit-LOD case
  ok   poison target is mapped
  ok   vkFlushMappedMemoryRanges -> VK_SUCCESS
  ok   vkInvalidateMappedMemoryRanges -> VK_SUCCESS
  ok   the poison reached memory (4352/4352 words)
  ok   vkAllocateCommandBuffers -> VK_SUCCESS
  ok   vkBeginCommandBuffer -> VK_SUCCESS
  ok   vkCreateFence(8x8 linear C: linear, implicit LOD) -> VK_SUCCESS
  ok   vkEndCommandBuffer -> VK_SUCCESS
  ok   vkQueueSubmit -> VK_SUCCESS
  ok   vkWaitForFences(8x8 linear C: linear, implicit LOD) -> VK_SUCCESS
  ok   vkInvalidateMappedMemoryRanges -> VK_SUCCESS
  ok   8x8 linear C: linear, implicit LOD: 4096/4096 pixels are within 2 of the computed filter result
  note 8x8 linear C: linear, implicit LOD: largest deviation 1 of 255
  ok   nothing was written past the image: 256/256 words are 0xdeadbeef (all of them)
RESULT: PASS (213/213)
