[horizon_gpu:I] device up: gm20b arch=0x120 impl=0xb rev=0xa1 gpc=1 tpc/gpc=2 big_page=0x20000 as_big_page=0x20000 va_bits=40
== t_vulkan ==
  ok   probe: horizon_gpu_device_create -> 0
[horizon_gpu:I] channel 0x210279a050: created, syncpt id=1 (live channels now 1)
[horizon_gpu:E] initial SyncptRead(1) failed: 0x0000055c
  note probe: horizon_gpu_channel_create -> 4; this platform does not implement the syncpoint read
  note DEGRADED RUN: untrusted syncpoint baselines enabled so the steps after vkCreateDevice can be exercised. Fences are guesses from here on; this run cannot satisfy the Phase 4 exit criterion whatever it prints.
  ok   the non-conformance opt-in is set in the environment
  ok   GetInstanceProcAddr(vkCreateInstance)
  ok   vkCreateInstance -> 0
  ok   VK_EXT_debug_utils entry points resolved
  ok   vkCreateDebugUtilsMessengerEXT -> 0 (driver errors will be reported below)
  ok   GetInstanceProcAddr(vkEnumeratePhysicalDevices)
  ok   GetInstanceProcAddr(vkGetPhysicalDeviceProperties)
  ok   GetInstanceProcAddr(vkGetPhysicalDeviceQueueFamilyProperties)
  ok   GetInstanceProcAddr(vkGetPhysicalDeviceMemoryProperties)
  ok   GetInstanceProcAddr(vkCreateDevice)
  ok   GetInstanceProcAddr(vkGetDeviceQueue)
  ok   GetInstanceProcAddr(vkCreateBuffer)
  ok   GetInstanceProcAddr(vkGetBufferMemoryRequirements)
  ok   GetInstanceProcAddr(vkAllocateMemory)
  ok   GetInstanceProcAddr(vkBindBufferMemory)
  ok   GetInstanceProcAddr(vkMapMemory)
  ok   GetInstanceProcAddr(vkCreateCommandPool)
  ok   GetInstanceProcAddr(vkAllocateCommandBuffers)
  ok   GetInstanceProcAddr(vkBeginCommandBuffer)
  ok   GetInstanceProcAddr(vkCmdFillBuffer)
  ok   GetInstanceProcAddr(vkEndCommandBuffer)
  ok   GetInstanceProcAddr(vkCreateFence)
  ok   GetInstanceProcAddr(vkQueueSubmit)
  ok   GetInstanceProcAddr(vkWaitForFences)
  ok   GetInstanceProcAddr(vkFlushMappedMemoryRanges)
  ok   GetInstanceProcAddr(vkInvalidateMappedMemoryRanges)
  ok   GetInstanceProcAddr(vkDestroyFence)
  ok   GetInstanceProcAddr(vkDestroyCommandPool)
  ok   GetInstanceProcAddr(vkFreeMemory)
  ok   GetInstanceProcAddr(vkDestroyBuffer)
  ok   GetInstanceProcAddr(vkDestroyDevice)
  ok   GetInstanceProcAddr(vkDestroyInstance)
[horizon_gpu:E] untrusted syncpoint baselines are ALLOWED on this device: fences from a degraded channel are not measurements (synchronization.md § 9)
[horizon_gpu:I] device up: gm20b arch=0x120 impl=0xb rev=0xa1 gpc=1 tpc/gpc=2 big_page=0x20000 as_big_page=0x20000 va_bits=40
WARNING: NVK is not a conformant Vulkan implementation, testing use only.
  ok   vkEnumeratePhysicalDevices -> 0
  ok   one physical device, got 1
  ok   vkEnumeratePhysicalDevices(list) -> 0
  note device: NVIDIA gm20b (NVK gm20b) (api 1.3.354)
  ok   at least one queue family, got 1
[horizon_gpu:I] channel 0x21027a36e0: created, syncpt id=1 (live channels now 1)
[horizon_gpu:E] initial SyncptRead(1) failed: 0x0000055c
[horizon_gpu:E] channel 0x21027a36e0: continuing with an UNTRUSTED syncpoint baseline of 0 (opt-in); its fences are not measurements
[horizon_gpu:I] channel 0x21027a36e0: up, syncpt=1 initial=0 (UNTRUSTED) zcull=off
  note vk warning [../../mesa/src/nouveau/vulkan/nvkmd/horizon/nvkmd_horizon_ctx.c:386]: horizon_gpu_channel_bind_engines failed: status 4, nv 0x0000055c (VK_ERROR_UNKNOWN)
  FAIL vkCreateDevice -> -13
RESULT: FAIL (37/38) [aborted early]
