[horizon_gpu:I] device up: gm20b arch=0x120 impl=0xb rev=0xa1 gpc=1 tpc/gpc=2 big_page=0x20000 as_big_page=0x20000 va_bits=40
== t_vulkan ==
  ok   probe: horizon_gpu_device_create -> 0
[horizon_gpu:I] channel 0x3df8f20050: created, syncpt id=26 (live channels now 1)
[horizon_gpu:I] channel 0x3df8f20050: up, syncpt=26 initial=77282 zcull=off
  ok   probe: the syncpoint baseline is readable (id=26, value=77282)
  ok   the non-conformance opt-in is set in the environment
  ok   GetInstanceProcAddr(vkCreateInstance)
  ok   vkCreateInstance -> 0
  ok   GetInstanceProcAddr(vkEnumeratePhysicalDevices)
  ok   GetInstanceProcAddr(vkGetPhysicalDeviceProperties)
  ok   GetInstanceProcAddr(vkGetPhysicalDeviceQueueFamilyProperties)
  ok   GetInstanceProcAddr(vkGetPhysicalDeviceMemoryProperties)
  ok   GetInstanceProcAddr(vkCreateDevice)
  ok   GetInstanceProcAddr(vkGetDeviceQueue)
  ok   GetInstanceProcAddr(vkCreateBuffer)
  ok   GetInstanceProcAddr(vkGetBufferMemoryRequirements)
  ok   GetInstanceProcAddr(vkAllocateMemory)
  ok   GetInstanceProcAddr(vkBindBufferMemory)
  ok   GetInstanceProcAddr(vkMapMemory)
  ok   GetInstanceProcAddr(vkCreateCommandPool)
  ok   GetInstanceProcAddr(vkAllocateCommandBuffers)
  ok   GetInstanceProcAddr(vkBeginCommandBuffer)
  ok   GetInstanceProcAddr(vkCmdFillBuffer)
  ok   GetInstanceProcAddr(vkEndCommandBuffer)
  ok   GetInstanceProcAddr(vkCreateFence)
  ok   GetInstanceProcAddr(vkQueueSubmit)
  ok   GetInstanceProcAddr(vkWaitForFences)
  ok   GetInstanceProcAddr(vkFlushMappedMemoryRanges)
  ok   GetInstanceProcAddr(vkInvalidateMappedMemoryRanges)
  ok   GetInstanceProcAddr(vkDestroyFence)
  ok   GetInstanceProcAddr(vkDestroyCommandPool)
  ok   GetInstanceProcAddr(vkFreeMemory)
  ok   GetInstanceProcAddr(vkDestroyBuffer)
  ok   GetInstanceProcAddr(vkDestroyDevice)
  ok   GetInstanceProcAddr(vkDestroyInstance)
[horizon_gpu:I] device up: gm20b arch=0x120 impl=0xb rev=0xa1 gpc=1 tpc/gpc=2 big_page=0x20000 as_big_page=0x20000 va_bits=40
WARNING: NVK is not a conformant Vulkan implementation, testing use only.
  ok   vkEnumeratePhysicalDevices -> 0
  ok   one physical device, got 1
  ok   vkEnumeratePhysicalDevices(list) -> 0
  note device: NVIDIA gm20b (NVK gm20b) (api 1.3.354)
  ok   at least one queue family, got 1
[horizon_gpu:I] channel 0x3df8f296e0: created, syncpt id=26 (live channels now 1)
[horizon_gpu:I] channel 0x3df8f296e0: up, syncpt=26 initial=77282 zcull=off
MESA: error: nvkmd_horizon: VA 0x80fa000 freed with 0x10000 still bound at +0x0
MESA: error: nvkmd_horizon: VA 0x80f9000 freed with 0x1000 still bound at +0x0
  FAIL vkCreateDevice -> -13
RESULT: FAIL (36/37) [aborted early]
