[horizon_gpu:I] device up: gm20b arch=0x120 impl=0xb rev=0xa1 gpc=1 tpc/gpc=2 big_page=0x20000 as_big_page=0x20000 va_bits=40
== t_vulkan ==
  ok   probe: horizon_gpu_device_create -> 0
[horizon_gpu:I] channel 0x1f17f20050: created, syncpt id=26 (live channels now 1)
[horizon_gpu:I] channel 0x1f17f20050: up, syncpt=26 initial=173047 zcull=off
  ok   probe: the syncpoint baseline is readable (id=26, value=173047)
  ok   the non-conformance opt-in is set in the environment
  ok   GetInstanceProcAddr(vkCreateInstance)
  ok   vkCreateInstance -> 0
  ok   VK_EXT_debug_utils entry points resolved
  ok   vkCreateDebugUtilsMessengerEXT -> 0 (driver errors will be reported below)
  ok   GetInstanceProcAddr(vkEnumeratePhysicalDevices)
  ok   GetInstanceProcAddr(vkGetPhysicalDeviceProperties)
  ok   GetInstanceProcAddr(vkGetPhysicalDeviceQueueFamilyProperties)
  ok   GetInstanceProcAddr(vkGetPhysicalDeviceMemoryProperties)
  ok   GetInstanceProcAddr(vkCreateDevice)
  ok   GetInstanceProcAddr(vkGetDeviceQueue)
  ok   GetInstanceProcAddr(vkCreateBuffer)
  ok   GetInstanceProcAddr(vkGetBufferMemoryRequirements)
  ok   GetInstanceProcAddr(vkAllocateMemory)
  ok   GetInstanceProcAddr(vkBindBufferMemory)
  ok   GetInstanceProcAddr(vkMapMemory)
  ok   GetInstanceProcAddr(vkCreateCommandPool)
  ok   GetInstanceProcAddr(vkAllocateCommandBuffers)
  ok   GetInstanceProcAddr(vkBeginCommandBuffer)
  ok   GetInstanceProcAddr(vkCmdFillBuffer)
  ok   GetInstanceProcAddr(vkEndCommandBuffer)
  ok   GetInstanceProcAddr(vkCreateFence)
  ok   GetInstanceProcAddr(vkQueueSubmit)
  ok   GetInstanceProcAddr(vkWaitForFences)
  ok   GetInstanceProcAddr(vkFlushMappedMemoryRanges)
  ok   GetInstanceProcAddr(vkInvalidateMappedMemoryRanges)
  ok   GetInstanceProcAddr(vkDestroyFence)
  ok   GetInstanceProcAddr(vkDestroyCommandPool)
  ok   GetInstanceProcAddr(vkFreeMemory)
  ok   GetInstanceProcAddr(vkDestroyBuffer)
  ok   GetInstanceProcAddr(vkDestroyDevice)
  ok   GetInstanceProcAddr(vkDestroyInstance)
[horizon_gpu:I] device up: gm20b arch=0x120 impl=0xb rev=0xa1 gpc=1 tpc/gpc=2 big_page=0x20000 as_big_page=0x20000 va_bits=40
WARNING: NVK is not a conformant Vulkan implementation, testing use only.
  ok   vkEnumeratePhysicalDevices -> 0
  ok   one physical device, got 1
  ok   vkEnumeratePhysicalDevices(list) -> 0
  note device: NVIDIA gm20b (NVK gm20b) (api 1.3.354)
  ok   at least one queue family, got 1
[horizon_gpu:I] channel 0x1f17f296e0: created, syncpt id=26 (live channels now 1)
[horizon_gpu:I] channel 0x1f17f296e0: up, syncpt=26 initial=173047 zcull=off
[horizon_gpu:I] channel 0x1f17f69020: created, syncpt id=27 (live channels now 2)
[horizon_gpu:I] channel 0x1f17f69020: up, syncpt=27 initial=5 zcull=off
  ok   vkCreateDevice -> 0
  ok   vkGetDeviceQueue
  ok   vkCreateBuffer -> 0
  ok   a host-visible memory type the buffer accepts
  ok   vkAllocateMemory -> 0
  ok   vkBindBufferMemory -> 0
  ok   vkMapMemory -> 0
  ok   vkFlushMappedMemoryRanges (poison) -> 0
  ok   vkCreateCommandPool -> 0
  ok   vkAllocateCommandBuffers -> 0
  ok   vkBeginCommandBuffer -> 0
  ok   vkEndCommandBuffer -> 0
  ok   vkCreateFence -> 0
[horizon_gpu:E] Kickoff failed: 0x00000d5c (notifier: 31 'MMU fault')
MESA: error: nvkmd_horizon: channel 0x1f17f69020 push 0/1: 0x10a245da4 + 0x50 bytes — inside VA 0x10a244000+0x10000, bound at +0x0 for 0x10000
MESA: error: nvkmd_horizon: map  VA 0x80f9000+0x1000 page 0x1000  bound +0x0 for 0x1000
MESA: error: nvkmd_horizon: map  VA 0x80fa000+0x2000000 page 0x1000  bound +0x0 for 0x10000
MESA: error: nvkmd_horizon: map  VA 0xa0fa000+0x10000 page 0x1000  bound +0x0 for 0x10000
MESA: error: nvkmd_horizon: map  VA 0xa10a000+0x20000 page 0x1000  bound +0x0 for 0x10000
MESA: error: nvkmd_horizon: map  VA 0xa10a000+0x20000 page 0x1000  bound +0x10000 for 0x10000
MESA: error: nvkmd_horizon: map  VA 0xa12a000+0x10000 page 0x1000  bound +0x0 for 0x10000
MESA: error: nvkmd_horizon: map  VA 0xa13a000+0x10000 page 0x1000  bound +0x0 for 0x10000
MESA: error: nvkmd_horizon: map  VA 0xa14a000+0x100000000 page 0x1000  (nothing bound)
MESA: error: nvkmd_horizon: map  VA 0x10a243000+0x1000 page 0x1000  bound +0x0 for 0x1000
MESA: error: nvkmd_horizon: map  VA 0x10a244000+0x10000 page 0x1000  bound +0x0 for 0x10000
MESA: error: nvkmd_horizon: map  VA 0x10a254000+0x20000 page 0x1000  bound +0x0 for 0x20000
MESA: error: nvkmd_horizon: map  VA 0x10a274000+0x10000 page 0x1000  bound +0x0 for 0x10000
MESA: error: nvkmd_horizon: map  11 reservation(s), all shown
  note vk warning [../../mesa/src/nouveau/vulkan/nvkmd/horizon/nvkmd_horizon_ctx.c:204]: horizon_gpu_submit(1 spans) on channel 0x1f17f69020 failed: status 4, nv 0x00000d5c (VK_ERROR_UNKNOWN)
  FAIL vkQueueSubmit -> -4
RESULT: FAIL (51/52) [aborted early]
