[horizon_gpu:I] device up: gm20b arch=0x120 impl=0xb rev=0xa1 gpc=1 tpc/gpc=2 big_page=0x20000 as_big_page=0x20000 va_bits=40
== t_vulkan ==
  ok   probe: horizon_gpu_device_create -> 0
[horizon_gpu:I] channel 0x36b1521050: created, syncpt id=26 (live channels now 1)
[horizon_gpu:I] channel 0x36b1521050: up, syncpt=26 initial=41434 zcull=off
  ok   probe: the syncpoint baseline is readable (id=26, value=41434)
  ok   the non-conformance opt-in is set in the environment
  ok   GetInstanceProcAddr(vkCreateInstance)
  ok   vkCreateInstance -> 0
  ok   VK_EXT_debug_utils entry points resolved
  ok   vkCreateDebugUtilsMessengerEXT -> 0 (driver errors will be reported below)
  ok   GetInstanceProcAddr(vkEnumeratePhysicalDevices)
  ok   GetInstanceProcAddr(vkGetPhysicalDeviceProperties)
  ok   GetInstanceProcAddr(vkGetPhysicalDeviceQueueFamilyProperties)
  ok   GetInstanceProcAddr(vkGetPhysicalDeviceMemoryProperties)
  ok   GetInstanceProcAddr(vkCreateDevice)
  ok   GetInstanceProcAddr(vkGetDeviceQueue)
  ok   GetInstanceProcAddr(vkCreateBuffer)
  ok   GetInstanceProcAddr(vkGetBufferMemoryRequirements)
  ok   GetInstanceProcAddr(vkAllocateMemory)
  ok   GetInstanceProcAddr(vkBindBufferMemory)
  ok   GetInstanceProcAddr(vkMapMemory)
  ok   GetInstanceProcAddr(vkCreateCommandPool)
  ok   GetInstanceProcAddr(vkAllocateCommandBuffers)
  ok   GetInstanceProcAddr(vkBeginCommandBuffer)
  ok   GetInstanceProcAddr(vkCmdFillBuffer)
  ok   GetInstanceProcAddr(vkEndCommandBuffer)
  ok   GetInstanceProcAddr(vkCreateFence)
  ok   GetInstanceProcAddr(vkQueueSubmit)
  ok   GetInstanceProcAddr(vkWaitForFences)
  ok   GetInstanceProcAddr(vkFlushMappedMemoryRanges)
  ok   GetInstanceProcAddr(vkInvalidateMappedMemoryRanges)
  ok   GetInstanceProcAddr(vkDestroyFence)
  ok   GetInstanceProcAddr(vkDestroyCommandPool)
  ok   GetInstanceProcAddr(vkFreeMemory)
  ok   GetInstanceProcAddr(vkDestroyBuffer)
  ok   GetInstanceProcAddr(vkDestroyDevice)
  ok   GetInstanceProcAddr(vkDestroyInstance)
[horizon_gpu:I] device up: gm20b arch=0x120 impl=0xb rev=0xa1 gpc=1 tpc/gpc=2 big_page=0x20000 as_big_page=0x20000 va_bits=40
WARNING: NVK is not a conformant Vulkan implementation, testing use only.
  ok   vkEnumeratePhysicalDevices -> 0
  ok   one physical device, got 1
  ok   vkEnumeratePhysicalDevices(list) -> 0
  note device: NVIDIA gm20b (NVK gm20b) (api 1.3.354)
  ok   at least one queue family, got 1
[horizon_gpu:I] channel 0x36b152a6e0: created, syncpt id=26 (live channels now 1)
[horizon_gpu:I] channel 0x36b152a6e0: up, syncpt=26 initial=41434 zcull=off
alloc va [0x80f9000, 0x80fa000)
bind vma mem<0x1968>[0x0, 0x1000) to [0x80f9000, 0x80fa000)
alloc va [0x80fa000, 0xa0fa000)
alloc va [0xa0fa000, 0xa10a000)
bind vma mem<0x196c>[0x0, 0x10000) to [0xa0fa000, 0xa10a000)
bind vma mem<0x196c>[0x0, 0x10000) to [0x80fa000, 0x810a000)
alloc va [0xa10a000, 0xa12a000)
alloc va [0xa12a000, 0xa13a000)
bind vma mem<0x1970>[0x0, 0x10000) to [0xa12a000, 0xa13a000)
bind vma mem<0x1970>[0x0, 0x10000) to [0xa10a000, 0xa11a000)
alloc va [0xa13a000, 0xa14a000)
bind vma mem<0x1974>[0x0, 0x10000) to [0xa13a000, 0xa14a000)
bind vma mem<0x1974>[0x0, 0x10000) to [0xa11a000, 0xa12a000)
MESA: error: nvkmd_horizon: reservation [0xa14a000, 0x10a14a000) overlaps the shader local/shared memory window [0xfe000000, 0x100000000). Shader local and shared accesses go through that aperture; anything bound here will be read as locals and vice versa.
alloc va [0xa14a000, 0x10a14a000)
[horizon_gpu:I] channel 0x36b156a020: created, syncpt id=27 (live channels now 2)
[horizon_gpu:I] channel 0x36b156a020: up, syncpt=27 initial=8 zcull=off
alloc va [0x10a243000, 0x10a244000)
bind vma mem<0x1994>[0x0, 0x1000) to [0x10a243000, 0x10a244000)
alloc va [0x10a244000, 0x10a254000)
bind vma mem<0x1998>[0x0, 0x10000) to [0x10a244000, 0x10a254000)
[0x00000000] HDR 20010000 subch 0 NINC
	mthd 0000 NV906F_SET_OBJECT
		.NVCLASS = (0xb197)
		.ENGINE = 0x0

[0x00000002] HDR 20020047 subch 0 NINC
	mthd 011c NV9097_LOAD_MME_START_ADDRESS_RAM_POINTER
		.V = (0x0)
	mthd 0120 NV9097_LOAD_MME_START_ADDRESS_RAM
		.V = (0x0)

[0x00000005] HDR a0090045 subch 0 1INC
	mthd 0114 NV9097_LOAD_MME_INSTRUCTION_RAM_POINTER
		.V = (0x0)
	mthd 0118 NV9097_LOAD_MME_INSTRUCTION_RAM
		.V = (0x3464215)
	mthd 0118 NV9097_LOAD_MME_INSTRUCTION_RAM
		.V = (0x3468315)
	mthd 0118 NV9097_LOAD_MME_INSTRUCTION_RAM
		.V = (0x6380021)
	mthd 0118 NV9097_LOAD_MME_INSTRUCTION_RAM
		.V = (0x2000441)
	mthd 0118 NV9097_LOAD_MME_INSTRUCTION_RAM
		.V = (0x1040)
	mthd 0118 NV9097_LOAD_MME_INSTRUCTION_RAM
		.V = (0x1840)
	mthd 0118 NV9097_LOAD_MME_INSTRUCTION_RAM
		.V = (0x90)
	mthd 0118 NV9097_LOAD_MME_INSTRUCTION_RAM
		.V = (0x10)

[0x0000000f] HDR 20020047 subch 0 NINC
	mthd 011c NV9097_LOAD_MME_START_ADDRESS_RAM_POINTER
		.V = (0x1)
	mthd 0120 NV9097_LOAD_MME_START_ADDRESS_RAM
		.V = (0x8)

[0x00000012] HDR a0160045 subch 0 1INC
	mthd 0114 NV9097_LOAD_MME_INSTRUCTION_RAM_POINTER
		.V = (0x8)
	mthd 0118 NV9097_LOAD_MME_INSTRUCTION_RAM
		.V = (0x200)
	mthd 0118 NV9097_LOAD_MME_INSTRUCTION_RAM
		.V = (0x300)
	mthd 0118 NV9097_LOAD_MME_INSTRUCTION_RAM
		.V = (0x400)
	mthd 0118 NV9097_LOAD_MME_INSTRUCTION_RAM
		.V = (0xa037)
	mthd 0118 NV9097_LOAD_MME_INSTRUCTION_RAM
		.V = (0x21484512)
	mthd 0118 NV9097_LOAD_MME_INSTRUCTION_RAM
		.V = (0x2e027)
	mthd 0118 NV9097_LOAD_MME_INSTRUCTION_RAM
		.V = (0xc0000711)
	mthd 0118 NV9097_LOAD_MME_INSTRUCTION_RAM
		.V = (0x15e610)
	mthd 0118 NV9097_LOAD_MME_INSTRUCTION_RAM
		.V = (0xb027)
	mthd 0118 NV9097_LOAD_MME_INSTRUCTION_RAM
		.V = (0x40000411)
	mthd 0118 NV9097_LOAD_MME_INSTRUCTION_RAM
		.V = (0x6380021)
	mthd 0118 NV9097_LOAD_MME_INSTRUCTION_RAM
		.V = (0x2040)
	mthd 0118 NV9097_LOAD_MME_INSTRUCTION_RAM
		.V = (0x1840)
	mthd 0118 NV9097_LOAD_MME_INSTRUCTION_RAM
		.V = (0x1040)
	mthd 0118 NV9097_LOAD_MME_INSTRUCTION_RAM
		.V = (0x4711)
	mthd 0118 NV9097_LOAD_MME_INSTRUCTION_RAM
		.V = (0x21487d12)
	mthd 0118 NV9097_LOAD_MME_INSTRUCTION_RAM
		.V = (0x19004212)
	mthd 0118 NV9097_LOAD_MME_INSTRUCTION_RAM
		.V = (0x6411021)
	mthd 0118 NV9097_LOAD_MME_INSTRUCTION_RAM
		.V = (0x2840)
	mthd 0118 NV9097_LOAD_MME_INSTRUCTION_RAM
		.V = (0x90)
	mthd 0118 NV9097_LOAD_MME_INSTRUCTION_RAM
		.V = (0x10)

[0x00000029] HDR 20020047 subch 0 NINC
	mthd 011c NV9097_LOAD_MME_START_ADDRESS_RAM_POINTER
		.V = (0x2)
	mthd 0120 NV9097_LOAD_MME_START_ADDRESS_RAM
		.V = (0x1d)

[0x0000002c] HDR a01a0045 subch 0 1INC
	mthd 0114 NV9097_LOAD_MME_INSTRUCTION_RAM_POINTER
		.V = (0x1d)
	mthd 0118 NV9097_LOAD_MME_INSTRUCTION_RAM
		.V = (0x3420215)
	mthd 0118 NV9097_LOAD_MME_INSTRUCTION_RAM
		.V = (0x25037)
	mthd 0118 NV9097_LOAD_MME_INSTRUCTION_RAM
		.V = (0x300)
	mthd 0118 NV9097_LOAD_MME_INSTRUCTION_RAM
		.V = (0x1c10)
	mthd 0118 NV9097_LOAD_MME_INSTRUCTION_RAM
		.V = (0x14027)
	mthd 0118 NV9097_LOAD_MME_INSTRUCTION_RAM
		.V = (0x59d0021)
	mthd 0118 NV9097_LOAD_MME_INSTRUCTION_RAM
		.V = (0x840)
	mthd 0118 NV9097_LOAD_MME_INSTRUCTION_RAM
		.V = (0x1000911)
	mthd 0118 NV9097_LOAD_MME_INSTRUCTION_RAM
		.V = (0xffffe411)
	mthd 0118 NV9097_LOAD_MME_INSTRUCTION_RAM
		.V = (0xffff2037)
	mthd 0118 NV9097_LOAD_MME_INSTRUCTION_RAM
		.V = (0x31027)
	mthd 0118 NV9097_LOAD_MME_INSTRUCTION_RAM
		.V = (0x4311)
	mthd 0118 NV9097_LOAD_MME_INSTRUCTION_RAM
		.V = (0x80411)
	mthd 0118 NV9097_LOAD_MME_INSTRUCTION_RAM
		.V = (0x20027)
	mthd 0118 NV9097_LOAD_MME_INSTRUCTION_RAM
		.V = (0x14d510)
	mthd 0118 NV9097_LOAD_MME_INSTRUCTION_RAM
		.V = (0xe827)
	mthd 0118 NV9097_LOAD_MME_INSTRUCTION_RAM
		.V = (0x59d0021)
	mthd 0118 NV9097_LOAD_MME_INSTRUCTION_RAM
		.V = (0x840)
	mthd 0118 NV9097_LOAD_MME_INSTRUCTION_RAM
		.V = (0x1000911)
	mthd 0118 NV9097_LOAD_MME_INSTRUCTION_RAM
		.V = (0xfc0c313)
	mthd 0118 NV9097_LOAD_MME_INSTRUCTION_RAM
		.V = (0xffffe411)
	mthd 0118 NV9097_LOAD_MME_INSTRUCTION_RAM
		.V = (0xfffe6037)
	mthd 0118 NV9097_LOAD_MME_INSTRUCTION_RAM
		.V = (0x10)
	mthd 0118 NV9097_LOAD_MME_INSTRUCTION_RAM
		.V = (0x90)
	mthd 0118 NV9097_LOAD_MME_INSTRUCTION_RAM
		.V = (0x10)

[0x00000047] HDR 20020047 subch 0 NINC
	mthd 011c NV9097_LOAD_MME_START_ADDRESS_RAM_POINTER
		.V = (0x3)
	mthd 0120 NV9097_LOAD_MME_START_ADDRESS_RAM
		.V = (0x36)

[0x0000004a] HDR a0070045 subch 0 1INC
	mthd 0114 NV9097_LOAD_MME_INSTRUCTION_RAM_POINTER
		.V = (0x36)
	mthd 0118 NV9097_LOAD_MME_INSTRUCTION_RAM
		.V = (0x3430215)
	mthd 0118 NV9097_LOAD_MME_INSTRUCTION_RAM
		.V = (0x145310)
	mthd 0118 NV9097_LOAD_MME_INSTRUCTION_RAM
		.V = (0x594c021)
	mthd 0118 NV9097_LOAD_MME_INSTRUCTION_RAM
		.V = (0x1840)
	mthd 0118 NV9097_LOAD_MME_INSTRUCTION_RAM
		.V = (0x90)
	mthd 0118 NV9097_LOAD_MME_INSTRUCTION_RAM
		.V = (0x10)

[0x00000052] HDR 20020047 subch 0 NINC
	mthd 011c NV9097_LOAD_MME_START_ADDRESS_RAM_POINTER
		.V = (0x4)
	mthd 0120 NV9097_LOAD_MME_START_ADDRESS_RAM
		.V = (0x3c)

[0x00000055] HDR a02e0045 subch 0 1INC
	mthd 0114 NV9097_LOAD_MME_INSTRUCTION_RAM_POINTER
		.V = (0x3c)
	mthd 0118 NV9097_LOAD_MME_INSTRUCTION_RAM
		.V = (0x200)
	mthd 0118 NV9097_LOAD_MME_INSTRUCTION_RAM
		.V = (0x300)
	mthd 0118 NV9097_LOAD_MME_INSTRUCTION_RAM
		.V = (0x125410)
	mthd 0118 NV9097_LOAD_MME_INSTRUCTION_RAM
		.V = (0xa037)
	mthd 0118 NV9097_LOAD_MME_INSTRUCTION_RAM
		.V = (0x310)
	mthd 0118 NV9097_LOAD_MME_INSTRUCTION_RAM
		.V = (0xd837)
	mthd 0118 NV9097_LOAD_MME_INSTRUCTION_RAM
		.V = (0x346c115)
	mthd 0118 NV9097_LOAD_MME_INSTRUCTION_RAM
		.V = (0x3470215)
	mthd 0118 NV9097_LOAD_MME_INSTRUCTION_RAM
		.V = (0x57c8021)
	mthd 0118 NV9097_LOAD_MME_INSTRUCTION_RAM
		.V = (0x840)
	mthd 0118 NV9097_LOAD_MME_INSTRUCTION_RAM
		.V = (0x1040)
	mthd 0118 NV9097_LOAD_MME_INSTRUCTION_RAM
		.V = (0xd210)
	mthd 0118 NV9097_LOAD_MME_INSTRUCTION_RAM
		.V = (0x20910)
	mthd 0118 NV9097_LOAD_MME_INSTRUCTION_RAM
		.V = (0xffffc411)
	mthd 0118 NV9097_LOAD_MME_INSTRUCTION_RAM
		.V = (0x11210)
	mthd 0118 NV9097_LOAD_MME_INSTRUCTION_RAM
		.V = (0xffffc411)
	mthd 0118 NV9097_LOAD_MME_INSTRUCTION_RAM
		.V = (0x30940)
	mthd 0118 NV9097_LOAD_MME_INSTRUCTION_RAM
		.V = (0x1040)
	mthd 0118 NV9097_LOAD_MME_INSTRUCTION_RAM
		.V = (0x100)
	mthd 0118 NV9097_LOAD_MME_INSTRUCTION_RAM
		.V = (0xffffc211)
	mthd 0118 NV9097_LOAD_MME_INSTRUCTION_RAM
		.V = (0x8311)
	mthd 0118 NV9097_LOAD_MME_INSTRUCTION_RAM
		.V = (0xc837)
	mthd 0118 NV9097_LOAD_MME_INSTRUCTION_RAM
		.V = (0x3fffc211)
	mthd 0118 NV9097_LOAD_MME_INSTRUCTION_RAM
		.V = (0x4311)
	mthd 0118 NV9097_LOAD_MME_INSTRUCTION_RAM
		.V = (0xfff1cc11)
	mthd 0118 NV9097_LOAD_MME_INSTRUCTION_RAM
		.V = (0xe037)
	mthd 0118 NV9097_LOAD_MME_INSTRUCTION_RAM
		.V = (0x3fffc211)
	mthd 0118 NV9097_LOAD_MME_INSTRUCTION_RAM
		.V = (0x4311)
	mthd 0118 NV9097_LOAD_MME_INSTRUCTION_RAM
		.V = (0xee78511)
	mthd 0118 NV9097_LOAD_MME_INSTRUCTION_RAM
		.V = (0x87c14513)
	mthd 0118 NV9097_LOAD_MME_INSTRUCTION_RAM
		.V = (0x354a2d11)
	mthd 0118 NV9097_LOAD_MME_INSTRUCTION_RAM
		.V = (0x114c10)
	mthd 0118 NV9097_LOAD_MME_INSTRUCTION_RAM
		.V = (0xe037)
	mthd 0118 NV9097_LOAD_MME_INSTRUCTION_RAM
		.V = (0x3fc211)
	mthd 0118 NV9097_LOAD_MME_INSTRUCTION_RAM
		.V = (0x310)
	mthd 0118 NV9097_LOAD_MME_INSTRUCTION_RAM
		.V = (0xfff08c11)
	mthd 0118