[horizon_gpu:I] device up: gm20b arch=0x120 impl=0xb rev=0xa1 gpc=1 tpc/gpc=2 big_page=0x20000 as_big_page=0x20000 va_bits=40
== t_vulkan ==
  ok   probe: horizon_gpu_device_create -> 0
[horizon_gpu:I] channel 0x210259a050: created, syncpt id=1 (live channels now 1)
[horizon_gpu:E] initial SyncptRead(1) failed: 0x0000055c
  note probe: horizon_gpu_channel_create -> 4; this platform does not implement the syncpoint read
  note DEGRADED RUN: untrusted syncpoint baselines enabled so the steps after vkCreateDevice can be exercised. Fences are guesses from here on; this run cannot satisfy the Phase 4 exit criterion whatever it prints.
  ok   the non-conformance opt-in is set in the environment
  ok   GetInstanceProcAddr(vkCreateInstance)
  ok   vkCreateInstance -> 0
  ok   VK_EXT_debug_utils entry points resolved
  ok   vkCreateDebugUtilsMessengerEXT -> 0 (driver errors will be reported below)
  ok   GetInstanceProcAddr(vkEnumeratePhysicalDevices)
  ok   GetInstanceProcAddr(vkGetPhysicalDeviceProperties)
  ok   GetInstanceProcAddr(vkGetPhysicalDeviceQueueFamilyProperties)
  ok   GetInstanceProcAddr(vkGetPhysicalDeviceMemoryProperties)
  ok   GetInstanceProcAddr(vkCreateDevice)
  ok   GetInstanceProcAddr(vkGetDeviceQueue)
  ok   GetInstanceProcAddr(vkCreateBuffer)
  ok   GetInstanceProcAddr(vkGetBufferMemoryRequirements)
  ok   GetInstanceProcAddr(vkAllocateMemory)
  ok   GetInstanceProcAddr(vkBindBufferMemory)
  ok   GetInstanceProcAddr(vkMapMemory)
  ok   GetInstanceProcAddr(vkCreateCommandPool)
  ok   GetInstanceProcAddr(vkAllocateCommandBuffers)
  ok   GetInstanceProcAddr(vkBeginCommandBuffer)
  ok   GetInstanceProcAddr(vkCmdFillBuffer)
  ok   GetInstanceProcAddr(vkEndCommandBuffer)
  ok   GetInstanceProcAddr(vkCreateFence)
  ok   GetInstanceProcAddr(vkQueueSubmit)
  ok   GetInstanceProcAddr(vkWaitForFences)
  ok   GetInstanceProcAddr(vkFlushMappedMemoryRanges)
  ok   GetInstanceProcAddr(vkInvalidateMappedMemoryRanges)
  ok   GetInstanceProcAddr(vkDestroyFence)
  ok   GetInstanceProcAddr(vkDestroyCommandPool)
  ok   GetInstanceProcAddr(vkFreeMemory)
  ok   GetInstanceProcAddr(vkDestroyBuffer)
  ok   GetInstanceProcAddr(vkDestroyDevice)
  ok   GetInstanceProcAddr(vkDestroyInstance)
[horizon_gpu:E] untrusted syncpoint baselines are ALLOWED on this device: fences from a degraded channel are not measurements (synchronization.md § 9)
[horizon_gpu:I] device up: gm20b arch=0x120 impl=0xb rev=0xa1 gpc=1 tpc/gpc=2 big_page=0x20000 as_big_page=0x20000 va_bits=40
WARNING: NVK is not a conformant Vulkan implementation, testing use only.
  ok   vkEnumeratePhysicalDevices -> 0
  ok   one physical device, got 1
  ok   vkEnumeratePhysicalDevices(list) -> 0
  note device: NVIDIA gm20b (NVK gm20b) (api 1.3.354)
  ok   at least one queue family, got 1
[horizon_gpu:I] channel 0x21025a36e0: created, syncpt id=1 (live channels now 1)
[horizon_gpu:E] initial SyncptRead(1) failed: 0x0000055c
[horizon_gpu:E] channel 0x21025a36e0: continuing with an UNTRUSTED syncpoint baseline of 0 (opt-in); its fences are not measurements
[horizon_gpu:I] channel 0x21025a36e0: up, syncpt=1 initial=0 (UNTRUSTED) zcull=off
alloc va [0x8001000, 0x8002000)
bind vma mem<0xc>[0x0, 0x1000) to [0x8001000, 0x8002000)
alloc va [0x8002000, 0xa002000)
alloc va [0xa002000, 0xa012000)
bind vma mem<0x10>[0x0, 0x10000) to [0xa002000, 0xa012000)
bind vma mem<0x10>[0x0, 0x10000) to [0x8002000, 0x8012000)
alloc va [0xa012000, 0xa032000)
alloc va [0xa032000, 0xa042000)
bind vma mem<0x14>[0x0, 0x10000) to [0xa032000, 0xa042000)
bind vma mem<0x14>[0x0, 0x10000) to [0xa012000, 0xa022000)
alloc va [0xa042000, 0xa052000)
bind vma mem<0x18>[0x0, 0x10000) to [0xa042000, 0xa052000)
bind vma mem<0x18>[0x0, 0x10000) to [0xa022000, 0xa032000)
[horizon_gpu:E] AllocSpace(pages=0x100000 page=0x1000 align=0x1000) failed: 0x00000f5c
  note vk warning [../../mesa/src/nouveau/vulkan/nvkmd/horizon/nvkmd_horizon_va.c:390]: horizon_gpu_vm_reserve(0x100000000, 4096, 0x0) failed: status 4, nv 0x00000f5c (VK_ERROR_UNKNOWN)
free va [0xa012000, 0xa032000)
[horizon_gpu:E] FreeSpace(base=0xa012000) failed: 0x0000195c
MESA: error: horizon_gpu_vm_release failed: status 4, nv 0x0000195c
free va [0xa032000, 0xa042000)
[horizon_gpu:E] FreeSpace(base=0xa032000) failed: 0x0000195c
MESA: error: horizon_gpu_vm_release failed: status 4, nv 0x0000195c
free va [0xa042000, 0xa052000)
[horizon_gpu:E] FreeSpace(base=0xa042000) failed: 0x0000195c
MESA: error: horizon_gpu_vm_release failed: status 4, nv 0x0000195c
free va [0x8002000, 0xa002000)
[horizon_gpu:E] FreeSpace(base=0x8002000) failed: 0x0000195c
MESA: error: horizon_gpu_vm_release failed: status 4, nv 0x0000195c
free va [0xa002000, 0xa012000)
[horizon_gpu:E] FreeSpace(base=0xa002000) failed: 0x0000195c
MESA: error: horizon_gpu_vm_release failed: status 4, nv 0x0000195c
free va [0x8001000, 0x8002000)
[horizon_gpu:E] FreeSpace(base=0x8001000) failed: 0x0000195c
MESA: error: horizon_gpu_vm_release failed: status 4, nv 0x0000195c
[horizon_gpu:E] channel 0x21025a36e0: destroying with an UNTRUSTED baseline; whether submitted work retired was not checked
[horizon_gpu:E] FreeSpace(base=0x8000000) failed: 0x0000195c
MESA: error: horizon_gpu_channel_destroy failed: status 4, nv 0x0000195c
  FAIL vkCreateDevice -> -13
RESULT: FAIL (37/38) [aborted early]
