[horizon_gpu:I] device up: gm20b arch=0x120 impl=0xb rev=0xa1 gpc=1 tpc/gpc=2 big_page=0x20000 as_big_page=0x20000 va_bits=40
== t_vulkan ==
  ok   probe: horizon_gpu_device_create -> 0
[horizon_gpu:I] channel 0x6b57f22050: created, syncpt id=26 (live channels now 1)
[horizon_gpu:I] channel 0x6b57f22050: up, syncpt=26 initial=29879 zcull=off
  ok   probe: the syncpoint baseline is readable (id=26, value=29879)
  ok   the non-conformance opt-in is set in the environment
  ok   GetInstanceProcAddr(vkCreateInstance)
  ok   vkCreateInstance -> 0
  ok   VK_EXT_debug_utils entry points resolved
  ok   vkCreateDebugUtilsMessengerEXT -> 0 (driver errors will be reported below)
  ok   GetInstanceProcAddr(vkEnumeratePhysicalDevices)
  ok   GetInstanceProcAddr(vkGetPhysicalDeviceProperties)
  ok   GetInstanceProcAddr(vkGetPhysicalDeviceQueueFamilyProperties)
  ok   GetInstanceProcAddr(vkGetPhysicalDeviceMemoryProperties)
  ok   GetInstanceProcAddr(vkCreateDevice)
  ok   GetInstanceProcAddr(vkGetDeviceQueue)
  ok   GetInstanceProcAddr(vkCreateBuffer)
  ok   GetInstanceProcAddr(vkGetBufferMemoryRequirements)
  ok   GetInstanceProcAddr(vkAllocateMemory)
  ok   GetInstanceProcAddr(vkBindBufferMemory)
  ok   GetInstanceProcAddr(vkMapMemory)
  ok   GetInstanceProcAddr(vkCreateCommandPool)
  ok   GetInstanceProcAddr(vkAllocateCommandBuffers)
  ok   GetInstanceProcAddr(vkBeginCommandBuffer)
  ok   GetInstanceProcAddr(vkCmdFillBuffer)
  ok   GetInstanceProcAddr(vkEndCommandBuffer)
  ok   GetInstanceProcAddr(vkCreateFence)
  ok   GetInstanceProcAddr(vkQueueSubmit)
  ok   GetInstanceProcAddr(vkWaitForFences)
  ok   GetInstanceProcAddr(vkFlushMappedMemoryRanges)
  ok   GetInstanceProcAddr(vkInvalidateMappedMemoryRanges)
  ok   GetInstanceProcAddr(vkDestroyFence)
  ok   GetInstanceProcAddr(vkDestroyCommandPool)
  ok   GetInstanceProcAddr(vkFreeMemory)
  ok   GetInstanceProcAddr(vkDestroyBuffer)
  ok   GetInstanceProcAddr(vkDestroyDevice)
  ok   GetInstanceProcAddr(vkDestroyInstance)
[horizon_gpu:I] device up: gm20b arch=0x120 impl=0xb rev=0xa1 gpc=1 tpc/gpc=2 big_page=0x20000 as_big_page=0x20000 va_bits=40
WARNING: NVK is not a conformant Vulkan implementation, testing use only.
  ok   vkEnumeratePhysicalDevices -> 0
  ok   one physical device, got 1
  ok   vkEnumeratePhysicalDevices(list) -> 0
  note device: NVIDIA gm20b (NVK gm20b) (api 1.3.354)
  ok   at least one queue family, got 1
[horizon_gpu:I] channel 0x6b57f2b6e0: created, syncpt id=26 (live channels now 1)
[horizon_gpu:I] channel 0x6b57f2b6e0: up, syncpt=26 initial=29879 zcull=off
[horizon_gpu:I] channel 0x6b57f7c010: created, syncpt id=27 (live channels now 2)
[horizon_gpu:I] channel 0x6b57f7c010: up, syncpt=27 initial=377 zcull=off
  ok   vkCreateDevice -> 0
  ok   vkGetDeviceQueue
  ok   vkCreateBuffer -> 0
  ok   a host-visible memory type the buffer accepts
  note memory type 0: flags 0xb = DEVICE_LOCAL HOST_VISIBLE HOST_CACHED — the readback uses CPU cache maintenance; GPU-side visibility is the channel's L2 writeback
  ok   vkAllocateMemory -> 0
  ok   vkBindBufferMemory -> 0
  ok   vkMapMemory -> 0
  ok   vkFlushMappedMemoryRanges (poison) -> 0
  ok   vkCreateCommandPool -> 0
  ok   vkAllocateCommandBuffers -> 0
  ok   vkBeginCommandBuffer -> 0
  ok   vkEndCommandBuffer -> 0
  ok   vkCreateFence -> 0
  ok   vkQueueSubmit -> 0
  ok   vkWaitForFences -> 0
  ok   vkInvalidateMappedMemoryRanges -> 0
  ok   readback: 0/1024 words wrong; first at [0] = 0x00000000, expected 0xa5c3f00d
  note readback: 1024/1024 words are 0xa5c3f00d — the GPU wrote it
  ok   the run was neither degraded nor diagnostic (such a run verifies nothing)
  ok   D16: vkCreateFence (unsignalled) -> 0
  note D16: vkWaitForFences(200 ms) on a never-submitted fence returned 2 after 200 ms
  ok   D16: waiting on a never-submitted fence times out (2)
  ok   D16: it waited rather than answering at once (200 ms, expected >= 150)
  ok   D16: and it stopped waiting when asked (200 ms, expected < 2000)
  note D16: vkWaitForFences(5 ms) returned 2 after 5 ms
  ok   D16: a sub-chunk timeout still times out (2)
  ok   D16: and is not rounded up to a whole 100 ms chunk (5 ms, expected < 50)
RESULT: PASS (62/62)
